******************************************************************************
                  TI ARM Linker PC v20.2.7                     
******************************************************************************
>> Linked Thu Apr  4 21:56:45 2024

OUTPUT FILE NAME:   <RTES_HW3.out>
ENTRY POINT SYMBOL: "_c_int00_noargs"  address: 00001e1d


MEMORY CONFIGURATION

         name            origin    length      used     unused   attr    fill
----------------------  --------  ---------  --------  --------  ----  --------
  FLASH                 00000000   00040000  000020dc  0003df24  R  X
  SRAM                  20000000   00008000  0000793c  000006c4  RW X


SEGMENT ALLOCATION MAP

run origin  load origin   length   init length attrs members
----------  ----------- ---------- ----------- ----- -------
00000000    00000000    000020e0   000020e0    r-x
  00000000    00000000    0000026c   0000026c    r-- .intvecs
  0000026c    0000026c    00001e04   00001e04    r-x .text
  00002070    00002070    00000034   00000034    r-- .const
  000020a8    000020a8    00000038   00000038    r-- .cinit
20000000    20000000    00007940   00000000    rw-
  20000000    20000000    000076f4   00000000    rw- .bss
  200076f8    200076f8    00000200   00000000    rw- .stack
  200078f8    200078f8    00000048   00000000    rw- .data


SECTION ALLOCATION MAP

 output                                  attributes/
section   page    origin      length       input sections
--------  ----  ----------  ----------   ----------------
.intvecs   0    00000000    0000026c     
                  00000000    0000026c     startup_ccs.obj (.intvecs)

.text      0    0000026c    00001e04     
                  0000026c    0000030c     uartstdio.obj (.text:UARTvprintf)
                  00000578    00000168     queue.obj (.text:xQueueGenericReceive)
                  000006e0    00000144     Q3.obj (.text:main)
                  00000824    00000134     tasks.obj (.text:xTaskGenericCreate)
                  00000958    00000134     tasks.obj (.text:xTaskIncrementTick)
                  00000a8c    00000128     queue.obj (.text:xQueueGenericSend)
                  00000bb4    00000108     heap_2.obj (.text:pvPortMalloc)
                  00000cbc    000000f8     tasks.obj (.text:xTaskResumeAll)
                  00000db4    000000d2     portasm.obj (.text)
                  00000e86    00000002     startup_ccs.obj (.text:FaultISR)
                  00000e88    000000c8     tasks.obj (.text:vTaskPriorityInherit)
                  00000f50    000000c0     Q3.obj (.text:task_2)
                  00001010    000000ba     queue.obj (.text:prvCopyDataToQueue)
                  000010ca    00000002     startup_ccs.obj (.text:IntDefaultHandler)
                  000010cc    000000b8     tasks.obj (.text:vTaskSwitchContext)
                  00001184    000000a4     tasks.obj (.text:xTaskPriorityDisinherit)
                  00001228    0000009c     rtsv7M4_T_le_v4SPD16_eabi.lib : memcpy_t2.asm.obj (.text)
                  000012c4    00000098     tasks.obj (.text:prvInitialiseTCBVariables)
                  0000135c    00000090     tasks.obj (.text:xTaskRemoveFromEventList)
                  000013ec    00000084     tasks.obj (.text:xTaskCheckForTimeOut)
                  00001470    00000082     queue.obj (.text:prvUnlockQueue)
                  000014f2    0000007a     rtsv7M4_T_le_v4SPD16_eabi.lib : memset_t2.asm.obj (.text)
                  0000156c    00000078     Q3.obj (.text:Timer0IntHandler)
                  000015e4    00000076     queue.obj (.text:xQueueCreateMutex)
                  0000165a    00000002     startup_ccs.obj (.text:NmiSR)
                  0000165c    00000074     Q3.obj (.text:ConfigureUART)
                  000016d0    00000074     uartstdio.obj (.text:UARTStdioConfig)
                  00001744    00000074     tasks.obj (.text:prvInitialiseTaskLists)
                  000017b8    00000070     tasks.obj (.text:vTaskStartScheduler)
                  00001828    00000068     rtsv7M4_T_le_v4SPD16_eabi.lib : copy_decompress_lzss.c.obj (.text:decompress:lzss:__TI_decompress_lzss)
                  00001890    00000068     tasks.obj (.text:prvCheckTasksWaitingTermination)
                  000018f8    00000068     Q3.obj (.text:task_1)
                  00001960    00000068     heap_2.obj (.text:vPortFree)
                  000019c8    00000068     tasks.obj (.text:vTaskPlaceOnEventList)
                  00001a30    00000066     list.obj (.text:vListInsert)
                  00001a96    0000005e     tasks.obj (.text:prvAllocateTCBAndStack)
                  00001af4    0000005c     uartstdio.obj (.text:UARTwrite)
                  00001b50    0000005c     tasks.obj (.text:prvAddCurrentTaskToDelayedList)
                  00001bac    0000005c     port.obj (.text:pxPortInitialiseStack)
                  00001c08    00000050     heap_2.obj (.text:prvHeapInit)
                  00001c58    00000048     list.obj (.text:uxListRemove)
                  00001ca0    00000044     rtsv7M4_T_le_v4SPD16_eabi.lib : autoinit.c.obj (.text:__TI_auto_init_nobinit_nopinit:__TI_auto_init_nobinit_nopinit)
                  00001ce4    00000044     port.obj (.text:xPortStartScheduler)
                  00001d28    00000040     rtsv7M4_T_le_v4SPD16_eabi.lib : u_divt2.asm.obj (.text)
                  00001d68    0000003c     queue.obj (.text:prvCopyDataFromQueue)
                  00001da4    0000003c     tasks.obj (.text:prvResetNextTaskUnblockTime)
                  00001de0    0000003c     list.obj (.text:vListInsertEnd)
                  00001e1c    00000034     rtsv7M4_T_le_v4SPD16_eabi.lib : boot_cortex_m.c.obj (.text:_c_int00_noargs:_c_int00_noargs)
                  00001e50    00000030     list.obj (.text:vListInitialise)
                  00001e80    0000002c     Q3.obj (.text:fact)
                  00001eac    0000002c     port.obj (.text:xPortSysTickHandler)
                  00001ed8    00000026     queue.obj (.text:prvIsQueueFull)
                  00001efe    00000024     uartstdio.obj (.text:UARTprintf)
                  00001f22    00000002     rtsv7M4_T_le_v4SPD16_eabi.lib : div0.asm.obj (.text)
                  00001f24    00000024     port.obj (.text:vPortEnterCritical)
                  00001f48    00000024     tasks.obj (.text:vTaskSetTimeOutState)
                  00001f6c    00000020     queue.obj (.text:prvIsQueueEmpty)
                  00001f8c    0000001c     tasks.obj (.text:pvTaskIncrementMutexHeldCount)
                  00001fa8    0000001c     port.obj (.text:vPortExitCritical)
                  00001fc4    00000018     port.obj (.text:vPortSetupTimerInterrupt)
                  00001fdc    00000014     tasks.obj (.text:prvDeleteTCB)
                  00001ff0    00000010     port.obj (.text:prvTaskExitError)
                  00002000    00000010     list.obj (.text:vListInitialiseItem)
                  00002010    00000010     tasks.obj (.text:vTaskSuspendAll)
                  00002020    0000000e     rtsv7M4_T_le_v4SPD16_eabi.lib : copy_decompress_none.c.obj (.text:decompress:none:__TI_decompress_none)
                  0000202e    0000000c                                   : copy_zero_init.c.obj (.text:decompress:ZI:__TI_zero_init)
                  0000203a    00000002     --HOLE-- [fill = 0]
                  0000203c    0000000c     tasks.obj (.text:vTaskMissedYield)
                  00002048    0000000a     tasks.obj (.text:prvIdleTask)
                  00002052    0000000a     Q3.obj (.text:vApplicationStackOverflowHook)
                  0000205c    00000006     startup_ccs.obj (.text:ResetISR)
                  00002062    00000006     driverlib.lib : uart.obj (.text:UARTClockSourceSet)
                  00002068    00000004     rtsv7M4_T_le_v4SPD16_eabi.lib : pre_init.c.obj (.text:_system_pre_init)
                  0000206c    00000004                                   : exit.c.obj (.text:abort:abort)

.const     0    00002070    00000034     
                  00002070    00000012     uartstdio.obj (.const:.string)
                  00002082    00000002     --HOLE-- [fill = 0]
                  00002084    0000000c     uartstdio.obj (.const:g_ui32UARTBase)
                  00002090    0000000c     uartstdio.obj (.const:g_ui32UARTPeriph)
                  0000209c    00000004     port.obj (.const)
                  000020a0    00000004     uartstdio.obj (.const)

.cinit     0    000020a8    00000038     
                  000020a8    00000010     (.cinit..data.load) [load image, compression = lzss]
                  000020b8    0000000c     (__TI_handler_table)
                  000020c4    00000004     --HOLE-- [fill = 0]
                  000020c8    00000008     (.cinit..bss.load) [load image, compression = zero_init]
                  000020d0    00000010     (__TI_cinit_table)

.init_array 
*          0    00000000    00000000     UNINITIALIZED

.bss       0    20000000    000076f4     UNINITIALIZED
                  20000000    00007530     heap_2.obj (.bss:ucHeap)
                  20007530    00000140     tasks.obj (.bss:pxReadyTasksLists)
                  20007670    00000014     tasks.obj (.bss:xDelayedTaskList1)
                  20007684    00000014     tasks.obj (.bss:xDelayedTaskList2)
                  20007698    00000014     tasks.obj (.bss:xPendingReadyList)
                  200076ac    00000014     tasks.obj (.bss:xSuspendedTaskList)
                  200076c0    00000014     tasks.obj (.bss:xTasksWaitingTermination)
                  200076d4    00000008     tasks.obj (.bss)
                  200076dc    00000008     heap_2.obj (.bss:xEnd)
                  200076e4    00000008     heap_2.obj (.bss:xStart)
                  200076ec    00000004     (.common:g_pTask1Semaphore)
                  200076f0    00000004     (.common:g_pTask2Semaphore)

.data      0    200078f8    00000048     UNINITIALIZED
                  200078f8    00000030     tasks.obj (.data)
                  20007928    00000008     heap_2.obj (.data)
                  20007930    00000005     uartstdio.obj (.data)
                  20007935    00000003     --HOLE--
                  20007938    00000004     Q3.obj (.data)
                  2000793c    00000004     port.obj (.data)

.stack     0    200076f8    00000200     UNINITIALIZED
                  200076f8    00000004     rtsv7M4_T_le_v4SPD16_eabi.lib : boot_cortex_m.c.obj (.stack)
                  200076fc    000001fc     --HOLE--

__llvm_prf_cnts 
*          0    20000000    00000000     UNINITIALIZED

MODULE SUMMARY

       Module                       code   ro data   rw data
       ------                       ----   -------   -------
    .\
       Q3.obj                       910    0         12     
       startup_ccs.obj              12     620       0      
    +--+----------------------------+------+---------+---------+
       Total:                       922    620       12     
                                                            
    .\third_party\FreeRTOS\Source\
       tasks.obj                    2644   0         476    
       queue.obj                    1220   0         0      
       list.obj                     298    0         0      
    +--+----------------------------+------+---------+---------+
       Total:                       4162   0         476    
                                                            
    .\third_party\FreeRTOS\Source\portable\CCS\ARM_CM4F\
       port.obj                     308    4         4      
       portasm.obj                  210    0         0      
    +--+----------------------------+------+---------+---------+
       Total:                       518    4         4      
                                                            
    .\third_party\FreeRTOS\Source\portable\MemMang\
       heap_2.obj                   448    0         30024  
    +--+----------------------------+------+---------+---------+
       Total:                       448    0         30024  
                                                            
    .\utils\
       uartstdio.obj                1024   46        5      
    +--+----------------------------+------+---------+---------+
       Total:                       1024   46        5      
                                                            
    C:/ti/tivaware_c_series_2_1_4_178/driverlib/ccs/Debug/driverlib.lib
       uart.obj                     6      0         0      
    +--+----------------------------+------+---------+---------+
       Total:                       6      0         0      
                                                            
    C:\ti\ccs1260\ccs\tools\compiler\ti-cgt-arm_20.2.7.LTS\lib\rtsv7M4_T_le_v4SPD16_eabi.lib
       memcpy_t2.asm.obj            156    0         0      
       memset_t2.asm.obj            122    0         0      
       copy_decompress_lzss.c.obj   104    0         0      
       autoinit.c.obj               68     0         0      
       u_divt2.asm.obj              64     0         0      
       boot_cortex_m.c.obj          52     0         0      
       copy_decompress_none.c.obj   14     0         0      
       copy_zero_init.c.obj         12     0         0      
       exit.c.obj                   4      0         0      
       pre_init.c.obj               4      0         0      
       div0.asm.obj                 2      0         0      
    +--+----------------------------+------+---------+---------+
       Total:                       602    0         0      
                                                            
       Stack:                       0      0         512    
       Linker Generated:            0      52        0      
    +--+----------------------------+------+---------+---------+
       Grand Total:                 7682   722       31033  


LINKER GENERATED COPY TABLES

__TI_cinit_table @ 000020d0 records: 2, size/record: 8, table size: 16
	.data: load addr=000020a8, load size=00000010 bytes, run addr=200078f8, run size=00000048 bytes, compression=lzss
	.bss: load addr=000020c8, load size=00000008 bytes, run addr=20000000, run size=000076f4 bytes, compression=zero_init


LINKER GENERATED HANDLER TABLE

__TI_handler_table @ 000020b8 records: 3, size/record: 4, table size: 12
	index: 0, handler: __TI_decompress_lzss
	index: 1, handler: __TI_decompress_none
	index: 2, handler: __TI_zero_init


GLOBAL SYMBOLS: SORTED ALPHABETICALLY BY Name 

address   name                          
-------   ----                          
0000206d  C$$EXIT                       
0000165d  ConfigureUART                 
0000205d  ResetISR                      
0000156d  Timer0IntHandler              
00002063  UARTClockSourceSet            
000016d1  UARTStdioConfig               
00001eff  UARTprintf                    
0000026d  UARTvprintf                   
00001af5  UARTwrite                     
200078f8  __STACK_END                   
00000200  __STACK_SIZE                  
200078f8  __STACK_TOP                   
000020d0  __TI_CINIT_Base               
000020e0  __TI_CINIT_Limit              
000020b8  __TI_Handler_Table_Base       
000020c4  __TI_Handler_Table_Limit      
00001ca1  __TI_auto_init_nobinit_nopinit
00001829  __TI_decompress_lzss          
00002021  __TI_decompress_none          
ffffffff  __TI_pprof_out_hndl           
ffffffff  __TI_prof_data_size           
ffffffff  __TI_prof_data_start          
00000000  __TI_static_base__            
0000202f  __TI_zero_init                
00001f23  __aeabi_idiv0                 
00001f23  __aeabi_ldiv0                 
000014f3  __aeabi_memclr                
000014f3  __aeabi_memclr4               
000014f3  __aeabi_memclr8               
00001229  __aeabi_memcpy                
00001229  __aeabi_memcpy4               
00001229  __aeabi_memcpy8               
000014f5  __aeabi_memset                
000014f5  __aeabi_memset4               
000014f5  __aeabi_memset8               
00001d29  __aeabi_uidiv                 
00001d29  __aeabi_uidivmod              
ffffffff  __binit__                     
ffffffff  __c_args__                    
UNDEFED   __mpu_init                    
200076f8  __stack                       
20000000  __start___llvm_prf_cnts       
20000000  __stop___llvm_prf_cnts        
00001e1d  _c_int00_noargs               
UNDEFED   _system_post_cinit            
00002069  _system_pre_init              
0000206d  abort                         
ffffffff  binit                         
00001e81  fact                          
200076ec  g_pTask1Semaphore             
200076f0  g_pTask2Semaphore             
00000000  g_pfnVectors                  
000006e1  main                          
00001229  memcpy                        
000014fb  memset                        
00000bb5  pvPortMalloc                  
00001f8d  pvTaskIncrementMutexHeldCount 
200078f8  pxCurrentTCB                  
00001bad  pxPortInitialiseStack         
0000209c  ulMaxSyscallInterruptPriority 
00000dc5  ulPortGetIPSR                 
00001c59  uxListRemove                  
00002053  vApplicationStackOverflowHook 
00001e51  vListInitialise               
00002001  vListInitialiseItem           
00001a31  vListInsert                   
00001de1  vListInsertEnd                
00000e79  vPortEnableVFP                
00001f25  vPortEnterCritical            
00001fa9  vPortExitCritical             
00001961  vPortFree                     
00000e3d  vPortSVCHandler               
00001fc5  vPortSetupTimerInterrupt      
00000e5d  vPortStartFirstTask           
0000203d  vTaskMissedYield              
000019c9  vTaskPlaceOnEventList         
00000e89  vTaskPriorityInherit          
00001f49  vTaskSetTimeOutState          
000017b9  vTaskStartScheduler           
00002011  vTaskSuspendAll               
000010cd  vTaskSwitchContext            
00000ddd  xPortPendSVHandler            
00001ce5  xPortStartScheduler           
00001ead  xPortSysTickHandler           
000015e5  xQueueCreateMutex             
00000579  xQueueGenericReceive          
00000a8d  xQueueGenericSend             
000013ed  xTaskCheckForTimeOut          
00000825  xTaskGenericCreate            
00000959  xTaskIncrementTick            
00001185  xTaskPriorityDisinherit       
0000135d  xTaskRemoveFromEventList      
00000cbd  xTaskResumeAll                


GLOBAL SYMBOLS: SORTED BY Symbol Address 

address   name                          
-------   ----                          
00000000  __TI_static_base__            
00000000  g_pfnVectors                  
00000200  __STACK_SIZE                  
0000026d  UARTvprintf                   
00000579  xQueueGenericReceive          
000006e1  main                          
00000825  xTaskGenericCreate            
00000959  xTaskIncrementTick            
00000a8d  xQueueGenericSend             
00000bb5  pvPortMalloc                  
00000cbd  xTaskResumeAll                
00000dc5  ulPortGetIPSR                 
00000ddd  xPortPendSVHandler            
00000e3d  vPortSVCHandler               
00000e5d  vPortStartFirstTask           
00000e79  vPortEnableVFP                
00000e89  vTaskPriorityInherit          
000010cd  vTaskSwitchContext            
00001185  xTaskPriorityDisinherit       
00001229  __aeabi_memcpy                
00001229  __aeabi_memcpy4               
00001229  __aeabi_memcpy8               
00001229  memcpy                        
0000135d  xTaskRemoveFromEventList      
000013ed  xTaskCheckForTimeOut          
000014f3  __aeabi_memclr                
000014f3  __aeabi_memclr4               
000014f3  __aeabi_memclr8               
000014f5  __aeabi_memset                
000014f5  __aeabi_memset4               
000014f5  __aeabi_memset8               
000014fb  memset                        
0000156d  Timer0IntHandler              
000015e5  xQueueCreateMutex             
0000165d  ConfigureUART                 
000016d1  UARTStdioConfig               
000017b9  vTaskStartScheduler           
00001829  __TI_decompress_lzss          
00001961  vPortFree                     
000019c9  vTaskPlaceOnEventList         
00001a31  vListInsert                   
00001af5  UARTwrite                     
00001bad  pxPortInitialiseStack         
00001c59  uxListRemove                  
00001ca1  __TI_auto_init_nobinit_nopinit
00001ce5  xPortStartScheduler           
00001d29  __aeabi_uidiv                 
00001d29  __aeabi_uidivmod              
00001de1  vListInsertEnd                
00001e1d  _c_int00_noargs               
00001e51  vListInitialise               
00001e81  fact                          
00001ead  xPortSysTickHandler           
00001eff  UARTprintf                    
00001f23  __aeabi_idiv0                 
00001f23  __aeabi_ldiv0                 
00001f25  vPortEnterCritical            
00001f49  vTaskSetTimeOutState          
00001f8d  pvTaskIncrementMutexHeldCount 
00001fa9  vPortExitCritical             
00001fc5  vPortSetupTimerInterrupt      
00002001  vListInitialiseItem           
00002011  vTaskSuspendAll               
00002021  __TI_decompress_none          
0000202f  __TI_zero_init                
0000203d  vTaskMissedYield              
00002053  vApplicationStackOverflowHook 
0000205d  ResetISR                      
00002063  UARTClockSourceSet            
00002069  _system_pre_init              
0000206d  C$$EXIT                       
0000206d  abort                         
0000209c  ulMaxSyscallInterruptPriority 
000020b8  __TI_Handler_Table_Base       
000020c4  __TI_Handler_Table_Limit      
000020d0  __TI_CINIT_Base               
000020e0  __TI_CINIT_Limit              
20000000  __start___llvm_prf_cnts       
20000000  __stop___llvm_prf_cnts        
200076ec  g_pTask1Semaphore             
200076f0  g_pTask2Semaphore             
200076f8  __stack                       
200078f8  __STACK_END                   
200078f8  __STACK_TOP                   
200078f8  pxCurrentTCB                  
ffffffff  __TI_pprof_out_hndl           
ffffffff  __TI_prof_data_size           
ffffffff  __TI_prof_data_start          
ffffffff  __binit__                     
ffffffff  __c_args__                    
ffffffff  binit                         
UNDEFED   __mpu_init                    
UNDEFED   _system_post_cinit            

[93 symbols]
