******************************************************************************
                  TI ARM Linker PC v20.2.7                     
******************************************************************************
>> Linked Wed Apr 10 01:51:31 2024

OUTPUT FILE NAME:   <RTES_Exercise5_Q2.out>
ENTRY POINT SYMBOL: "_c_int00_noargs"  address: 0000272d


MEMORY CONFIGURATION

         name            origin    length      used     unused   attr    fill
----------------------  --------  ---------  --------  --------  ----  --------
  FLASH                 00000000   00040000  000029fc  0003d604  R  X
  SRAM                  20000000   00008000  000079b8  00000648  RW X


SEGMENT ALLOCATION MAP

run origin  load origin   length   init length attrs members
----------  ----------- ---------- ----------- ----- -------
00000000    00000000    00002a00   00002a00    r-x
  00000000    00000000    0000026c   0000026c    r-- .intvecs
  0000026c    0000026c    000026fc   000026fc    r-x .text
  00002968    00002968    00000034   00000034    r-- .const
  000029a0    000029a0    00000060   00000060    r-- .cinit
20000000    20000000    000079bc   00000000    rw-
  20000000    20000000    0000770c   00000000    rw- .bss
  20007710    20007710    00000200   00000000    rw- .stack
  20007910    20007910    000000ac   00000000    rw- .data


SECTION ALLOCATION MAP

 output                                  attributes/
section   page    origin      length       input sections
--------  ----  ----------  ----------   ----------------
.intvecs   0    00000000    0000026c     
                  00000000    0000026c     startup_ccs.obj (.intvecs)

.text      0    0000026c    000026fc     
                  0000026c    00000314     seqgen.obj (.text:main)
                  00000580    0000030c     uartstdio.obj (.text:UARTvprintf)
                  0000088c    00000278     seqgen.obj (.text:Sequencer_thread)
                  00000b04    00000168     queue.obj (.text:xQueueGenericReceive)
                  00000c6c    00000134     tasks.obj (.text:xTaskGenericCreate)
                  00000da0    00000134     tasks.obj (.text:xTaskIncrementTick)
                  00000ed4    00000128     queue.obj (.text:xQueueGenericSend)
                  00000ffc    00000108     heap_2.obj (.text:pvPortMalloc)
                  00001104    000000f8     tasks.obj (.text:xTaskResumeAll)
                  000011fc    000000e0     seqgen.obj (.text:service1)
                  000012dc    000000e0     seqgen.obj (.text:service2)
                  000013bc    000000e0     seqgen.obj (.text:service3)
                  0000149c    000000e0     seqgen.obj (.text:service4)
                  0000157c    000000e0     seqgen.obj (.text:service5)
                  0000165c    000000e0     seqgen.obj (.text:service6)
                  0000173c    000000e0     seqgen.obj (.text:service7)
                  0000181c    000000d2     portasm.obj (.text)
                  000018ee    00000002     startup_ccs.obj (.text:FaultISR)
                  000018f0    000000c8     tasks.obj (.text:vTaskPriorityInherit)
                  000019b8    000000ba     queue.obj (.text:prvCopyDataToQueue)
                  00001a72    00000002     startup_ccs.obj (.text:IntDefaultHandler)
                  00001a74    000000b8     tasks.obj (.text:vTaskSwitchContext)
                  00001b2c    000000a4     tasks.obj (.text:xTaskPriorityDisinherit)
                  00001bd0    0000009c     rtsv7M4_T_le_v4SPD16_eabi.lib : memcpy_t2.asm.obj (.text)
                  00001c6c    00000098     tasks.obj (.text:prvInitialiseTCBVariables)
                  00001d04    00000090     tasks.obj (.text:xTaskRemoveFromEventList)
                  00001d94    00000084     tasks.obj (.text:xTaskCheckForTimeOut)
                  00001e18    00000082     queue.obj (.text:prvUnlockQueue)
                  00001e9a    0000007a     rtsv7M4_T_le_v4SPD16_eabi.lib : memset_t2.asm.obj (.text)
                  00001f14    00000076     queue.obj (.text:xQueueCreateMutex)
                  00001f8a    00000002     startup_ccs.obj (.text:NmiSR)
                  00001f8c    00000074     seqgen.obj (.text:ConfigureUART)
                  00002000    00000074     uartstdio.obj (.text:UARTStdioConfig)
                  00002074    00000074     tasks.obj (.text:prvInitialiseTaskLists)
                  000020e8    00000070     tasks.obj (.text:vTaskStartScheduler)
                  00002158    00000068     rtsv7M4_T_le_v4SPD16_eabi.lib : copy_decompress_lzss.c.obj (.text:decompress:lzss:__TI_decompress_lzss)
                  000021c0    00000068     tasks.obj (.text:prvCheckTasksWaitingTermination)
                  00002228    00000068     heap_2.obj (.text:vPortFree)
                  00002290    00000068     tasks.obj (.text:vTaskPlaceOnEventList)
                  000022f8    00000066     list.obj (.text:vListInsert)
                  0000235e    0000005e     tasks.obj (.text:prvAllocateTCBAndStack)
                  000023bc    0000005c     uartstdio.obj (.text:UARTwrite)
                  00002418    0000005c     tasks.obj (.text:prvAddCurrentTaskToDelayedList)
                  00002474    0000005c     port.obj (.text:pxPortInitialiseStack)
                  000024d0    00000050     heap_2.obj (.text:prvHeapInit)
                  00002520    00000048     seqgen.obj (.text:Timer0IntHandler)
                  00002568    00000048     list.obj (.text:uxListRemove)
                  000025b0    00000044     rtsv7M4_T_le_v4SPD16_eabi.lib : autoinit.c.obj (.text:__TI_auto_init_nobinit_nopinit:__TI_auto_init_nobinit_nopinit)
                  000025f4    00000044     port.obj (.text:xPortStartScheduler)
                  00002638    00000040     rtsv7M4_T_le_v4SPD16_eabi.lib : u_divt2.asm.obj (.text)
                  00002678    0000003c     queue.obj (.text:prvCopyDataFromQueue)
                  000026b4    0000003c     tasks.obj (.text:prvResetNextTaskUnblockTime)
                  000026f0    0000003c     list.obj (.text:vListInsertEnd)
                  0000272c    00000034     rtsv7M4_T_le_v4SPD16_eabi.lib : boot_cortex_m.c.obj (.text:_c_int00_noargs:_c_int00_noargs)
                  00002760    00000030     list.obj (.text:vListInitialise)
                  00002790    0000002c     port.obj (.text:xPortSysTickHandler)
                  000027bc    00000026     queue.obj (.text:prvIsQueueFull)
                  000027e2    00000024     uartstdio.obj (.text:UARTprintf)
                  00002806    00000002     rtsv7M4_T_le_v4SPD16_eabi.lib : div0.asm.obj (.text)
                  00002808    00000024     port.obj (.text:vPortEnterCritical)
                  0000282c    00000024     tasks.obj (.text:vTaskSetTimeOutState)
                  00002850    00000020     queue.obj (.text:prvIsQueueEmpty)
                  00002870    0000001c     tasks.obj (.text:pvTaskIncrementMutexHeldCount)
                  0000288c    0000001c     port.obj (.text:vPortExitCritical)
                  000028a8    00000018     port.obj (.text:vPortSetupTimerInterrupt)
                  000028c0    00000014     tasks.obj (.text:prvDeleteTCB)
                  000028d4    00000014     tasks.obj (.text:xTaskGetTickCount)
                  000028e8    00000010     port.obj (.text:prvTaskExitError)
                  000028f8    00000010     list.obj (.text:vListInitialiseItem)
                  00002908    00000010     tasks.obj (.text:vTaskSuspendAll)
                  00002918    0000000e     rtsv7M4_T_le_v4SPD16_eabi.lib : copy_decompress_none.c.obj (.text:decompress:none:__TI_decompress_none)
                  00002926    0000000c                                   : copy_zero_init.c.obj (.text:decompress:ZI:__TI_zero_init)
                  00002932    00000002     --HOLE-- [fill = 0]
                  00002934    0000000c     tasks.obj (.text:vTaskMissedYield)
                  00002940    0000000a     tasks.obj (.text:prvIdleTask)
                  0000294a    0000000a     seqgen.obj (.text:vApplicationStackOverflowHook)
                  00002954    00000006     startup_ccs.obj (.text:ResetISR)
                  0000295a    00000006     driverlib.lib : uart.obj (.text:UARTClockSourceSet)
                  00002960    00000004     rtsv7M4_T_le_v4SPD16_eabi.lib : pre_init.c.obj (.text:_system_pre_init)
                  00002964    00000004                                   : exit.c.obj (.text:abort:abort)

.const     0    00002968    00000034     
                  00002968    00000012     uartstdio.obj (.const:.string)
                  0000297a    00000002     --HOLE-- [fill = 0]
                  0000297c    0000000c     uartstdio.obj (.const:g_ui32UARTBase)
                  00002988    0000000c     uartstdio.obj (.const:g_ui32UARTPeriph)
                  00002994    00000004     port.obj (.const)
                  00002998    00000004     uartstdio.obj (.const)

.cinit     0    000029a0    00000060     
                  000029a0    00000035     (.cinit..data.load) [load image, compression = lzss]
                  000029d5    00000003     --HOLE-- [fill = 0]
                  000029d8    0000000c     (__TI_handler_table)
                  000029e4    00000004     --HOLE-- [fill = 0]
                  000029e8    00000008     (.cinit..bss.load) [load image, compression = zero_init]
                  000029f0    00000010     (__TI_cinit_table)

.init_array 
*          0    00000000    00000000     UNINITIALIZED

.bss       0    20000000    0000770c     UNINITIALIZED
                  20000000    00007530     heap_2.obj (.bss:ucHeap)
                  20007530    00000140     tasks.obj (.bss:pxReadyTasksLists)
                  20007670    00000014     tasks.obj (.bss:xDelayedTaskList1)
                  20007684    00000014     tasks.obj (.bss:xDelayedTaskList2)
                  20007698    00000014     tasks.obj (.bss:xPendingReadyList)
                  200076ac    00000014     tasks.obj (.bss:xSuspendedTaskList)
                  200076c0    00000014     tasks.obj (.bss:xTasksWaitingTermination)
                  200076d4    00000008     tasks.obj (.bss)
                  200076dc    00000008     heap_2.obj (.bss:xEnd)
                  200076e4    00000008     heap_2.obj (.bss:xStart)
                  200076ec    00000004     (.common:semS1)
                  200076f0    00000004     (.common:semS2)
                  200076f4    00000004     (.common:semS3)
                  200076f8    00000004     (.common:semS4)
                  200076fc    00000004     (.common:semS5)
                  20007700    00000004     (.common:semS6)
                  20007704    00000004     (.common:semS7)
                  20007708    00000004     (.common:semSched)

.data      0    20007910    000000ac     UNINITIALIZED
                  20007910    00000030     tasks.obj (.data)
                  20007940    0000002c     seqgen.obj (.data)
                  2000796c    00000020     seqgen.obj (.data:T)
                  2000798c    0000001c     seqgen.obj (.data:wcet)
                  200079a8    00000008     heap_2.obj (.data)
                  200079b0    00000005     uartstdio.obj (.data)
                  200079b5    00000003     --HOLE--
                  200079b8    00000004     port.obj (.data)

.stack     0    20007710    00000200     UNINITIALIZED
                  20007710    00000004     rtsv7M4_T_le_v4SPD16_eabi.lib : boot_cortex_m.c.obj (.stack)
                  20007714    000001fc     --HOLE--

__llvm_prf_cnts 
*          0    20000000    00000000     UNINITIALIZED

MODULE SUMMARY

       Module                       code   ro data   rw data
       ------                       ----   -------   -------
    .\
       seqgen.obj                   3186   0         136    
       startup_ccs.obj              12     620       0      
    +--+----------------------------+------+---------+---------+
       Total:                       3198   620       136    
                                                            
    .\third_party\FreeRTOS\Source\
       tasks.obj                    2664   0         476    
       queue.obj                    1220   0         0      
       list.obj                     298    0         0      
    +--+----------------------------+------+---------+---------+
       Total:                       4182   0         476    
                                                            
    .\third_party\FreeRTOS\Source\portable\CCS\ARM_CM4F\
       port.obj                     308    4         4      
       portasm.obj                  210    0         0      
    +--+----------------------------+------+---------+---------+
       Total:                       518    4         4      
                                                            
    .\third_party\FreeRTOS\Source\portable\MemMang\
       heap_2.obj                   448    0         30024  
    +--+----------------------------+------+---------+---------+
       Total:                       448    0         30024  
                                                            
    .\utils\
       uartstdio.obj                1024   46        5      
    +--+----------------------------+------+---------+---------+
       Total:                       1024   46        5      
                                                            
    C:/ti/tivaware_c_series_2_1_4_178/driverlib/ccs/Debug/driverlib.lib
       uart.obj                     6      0         0      
    +--+----------------------------+------+---------+---------+
       Total:                       6      0         0      
                                                            
    C:\ti\ccs1260\ccs\tools\compiler\ti-cgt-arm_20.2.7.LTS\lib\rtsv7M4_T_le_v4SPD16_eabi.lib
       memcpy_t2.asm.obj            156    0         0      
       memset_t2.asm.obj            122    0         0      
       copy_decompress_lzss.c.obj   104    0         0      
       autoinit.c.obj               68     0         0      
       u_divt2.asm.obj              64     0         0      
       boot_cortex_m.c.obj          52     0         0      
       copy_decompress_none.c.obj   14     0         0      
       copy_zero_init.c.obj         12     0         0      
       exit.c.obj                   4      0         0      
       pre_init.c.obj               4      0         0      
       div0.asm.obj                 2      0         0      
    +--+----------------------------+------+---------+---------+
       Total:                       602    0         0      
                                                            
       Stack:                       0      0         512    
       Linker Generated:            0      89        0      
    +--+----------------------------+------+---------+---------+
       Grand Total:                 9978   759       31157  


LINKER GENERATED COPY TABLES

__TI_cinit_table @ 000029f0 records: 2, size/record: 8, table size: 16
	.data: load addr=000029a0, load size=00000035 bytes, run addr=20007910, run size=000000ac bytes, compression=lzss
	.bss: load addr=000029e8, load size=00000008 bytes, run addr=20000000, run size=0000770c bytes, compression=zero_init


LINKER GENERATED HANDLER TABLE

__TI_handler_table @ 000029d8 records: 3, size/record: 4, table size: 12
	index: 0, handler: __TI_decompress_lzss
	index: 1, handler: __TI_decompress_none
	index: 2, handler: __TI_zero_init


GLOBAL SYMBOLS: SORTED ALPHABETICALLY BY Name 

address   name                          
-------   ----                          
00002965  C$$EXIT                       
00001f8d  ConfigureUART                 
00002955  ResetISR                      
2000796c  T                             
00002521  Timer0IntHandler              
0000295b  UARTClockSourceSet            
00002001  UARTStdioConfig               
000027e3  UARTprintf                    
00000581  UARTvprintf                   
000023bd  UARTwrite                     
20007910  __STACK_END                   
00000200  __STACK_SIZE                  
20007910  __STACK_TOP                   
000029f0  __TI_CINIT_Base               
00002a00  __TI_CINIT_Limit              
000029d8  __TI_Handler_Table_Base       
000029e4  __TI_Handler_Table_Limit      
000025b1  __TI_auto_init_nobinit_nopinit
00002159  __TI_decompress_lzss          
00002919  __TI_decompress_none          
ffffffff  __TI_pprof_out_hndl           
ffffffff  __TI_prof_data_size           
ffffffff  __TI_prof_data_start          
00000000  __TI_static_base__            
00002927  __TI_zero_init                
00002807  __aeabi_idiv0                 
00002807  __aeabi_ldiv0                 
00001e9b  __aeabi_memclr                
00001e9b  __aeabi_memclr4               
00001e9b  __aeabi_memclr8               
00001bd1  __aeabi_memcpy                
00001bd1  __aeabi_memcpy4               
00001bd1  __aeabi_memcpy8               
00001e9d  __aeabi_memset                
00001e9d  __aeabi_memset4               
00001e9d  __aeabi_memset8               
00002639  __aeabi_uidiv                 
00002639  __aeabi_uidivmod              
ffffffff  __binit__                     
ffffffff  __c_args__                    
UNDEFED   __mpu_init                    
20007710  __stack                       
20000000  __start___llvm_prf_cnts       
20000000  __stop___llvm_prf_cnts        
0000272d  _c_int00_noargs               
UNDEFED   _system_post_cinit            
00002961  _system_pre_init              
00002965  abort                         
2000795c  abortS1                       
2000795d  abortS2                       
2000795e  abortS3                       
2000795f  abortS4                       
20007960  abortS5                       
20007961  abortS6                       
20007962  abortS7                       
ffffffff  binit                         
20007950  fib                           
20007954  fib0                          
20007958  fib1                          
20007940  fibCnt                        
00000000  g_pfnVectors                  
20007944  idx                           
20007948  jdx                           
0000026d  main                          
00001bd1  memcpy                        
00001ea3  memset                        
00000ffd  pvPortMalloc                  
00002871  pvTaskIncrementMutexHeldCount 
20007910  pxCurrentTCB                  
00002475  pxPortInitialiseStack         
200076ec  semS1                         
200076f0  semS2                         
200076f4  semS3                         
200076f8  semS4                         
200076fc  semS5                         
20007700  semS6                         
20007704  semS7                         
20007708  semSched                      
2000794c  seqIterations                 
00002994  ulMaxSyscallInterruptPriority 
0000182d  ulPortGetIPSR                 
00002569  uxListRemove                  
0000294b  vApplicationStackOverflowHook 
00002761  vListInitialise               
000028f9  vListInitialiseItem           
000022f9  vListInsert                   
000026f1  vListInsertEnd                
000018e1  vPortEnableVFP                
00002809  vPortEnterCritical            
0000288d  vPortExitCritical             
00002229  vPortFree                     
000018a5  vPortSVCHandler               
000028a9  vPortSetupTimerInterrupt      
000018c5  vPortStartFirstTask           
00002935  vTaskMissedYield              
00002291  vTaskPlaceOnEventList         
000018f1  vTaskPriorityInherit          
0000282d  vTaskSetTimeOutState          
000020e9  vTaskStartScheduler           
00002909  vTaskSuspendAll               
00001a75  vTaskSwitchContext            
2000798c  wcet                          
00001845  xPortPendSVHandler            
000025f5  xPortStartScheduler           
00002791  xPortSysTickHandler           
00001f15  xQueueCreateMutex             
00000b05  xQueueGenericReceive          
00000ed5  xQueueGenericSend             
00001d95  xTaskCheckForTimeOut          
00000c6d  xTaskGenericCreate            
000028d5  xTaskGetTickCount             
00000da1  xTaskIncrementTick            
00001b2d  xTaskPriorityDisinherit       
00001d05  xTaskRemoveFromEventList      
00001105  xTaskResumeAll                


GLOBAL SYMBOLS: SORTED BY Symbol Address 

address   name                          
-------   ----                          
00000000  __TI_static_base__            
00000000  g_pfnVectors                  
00000200  __STACK_SIZE                  
0000026d  main                          
00000581  UARTvprintf                   
00000b05  xQueueGenericReceive          
00000c6d  xTaskGenericCreate            
00000da1  xTaskIncrementTick            
00000ed5  xQueueGenericSend             
00000ffd  pvPortMalloc                  
00001105  xTaskResumeAll                
0000182d  ulPortGetIPSR                 
00001845  xPortPendSVHandler            
000018a5  vPortSVCHandler               
000018c5  vPortStartFirstTask           
000018e1  vPortEnableVFP                
000018f1  vTaskPriorityInherit          
00001a75  vTaskSwitchContext            
00001b2d  xTaskPriorityDisinherit       
00001bd1  __aeabi_memcpy                
00001bd1  __aeabi_memcpy4               
00001bd1  __aeabi_memcpy8               
00001bd1  memcpy                        
00001d05  xTaskRemoveFromEventList      
00001d95  xTaskCheckForTimeOut          
00001e9b  __aeabi_memclr                
00001e9b  __aeabi_memclr4               
00001e9b  __aeabi_memclr8               
00001e9d  __aeabi_memset                
00001e9d  __aeabi_memset4               
00001e9d  __aeabi_memset8               
00001ea3  memset                        
00001f15  xQueueCreateMutex             
00001f8d  ConfigureUART                 
00002001  UARTStdioConfig               
000020e9  vTaskStartScheduler           
00002159  __TI_decompress_lzss          
00002229  vPortFree                     
00002291  vTaskPlaceOnEventList         
000022f9  vListInsert                   
000023bd  UARTwrite                     
00002475  pxPortInitialiseStack         
00002521  Timer0IntHandler              
00002569  uxListRemove                  
000025b1  __TI_auto_init_nobinit_nopinit
000025f5  xPortStartScheduler           
00002639  __aeabi_uidiv                 
00002639  __aeabi_uidivmod              
000026f1  vListInsertEnd                
0000272d  _c_int00_noargs               
00002761  vListInitialise               
00002791  xPortSysTickHandler           
000027e3  UARTprintf                    
00002807  __aeabi_idiv0                 
00002807  __aeabi_ldiv0                 
00002809  vPortEnterCritical            
0000282d  vTaskSetTimeOutState          
00002871  pvTaskIncrementMutexHeldCount 
0000288d  vPortExitCritical             
000028a9  vPortSetupTimerInterrupt      
000028d5  xTaskGetTickCount             
000028f9  vListInitialiseItem           
00002909  vTaskSuspendAll               
00002919  __TI_decompress_none          
00002927  __TI_zero_init                
00002935  vTaskMissedYield              
0000294b  vApplicationStackOverflowHook 
00002955  ResetISR                      
0000295b  UARTClockSourceSet            
00002961  _system_pre_init              
00002965  C$$EXIT                       
00002965  abort                         
00002994  ulMaxSyscallInterruptPriority 
000029d8  __TI_Handler_Table_Base       
000029e4  __TI_Handler_Table_Limit      
000029f0  __TI_CINIT_Base               
00002a00  __TI_CINIT_Limit              
20000000  __start___llvm_prf_cnts       
20000000  __stop___llvm_prf_cnts        
200076ec  semS1                         
200076f0  semS2                         
200076f4  semS3                         
200076f8  semS4                         
200076fc  semS5                         
20007700  semS6                         
20007704  semS7                         
20007708  semSched                      
20007710  __stack                       
20007910  __STACK_END                   
20007910  __STACK_TOP                   
20007910  pxCurrentTCB                  
20007940  fibCnt                        
20007944  idx                           
20007948  jdx                           
2000794c  seqIterations                 
20007950  fib                           
20007954  fib0                          
20007958  fib1                          
2000795c  abortS1                       
2000795d  abortS2                       
2000795e  abortS3                       
2000795f  abortS4                       
20007960  abortS5                       
20007961  abortS6                       
20007962  abortS7                       
2000796c  T                             
2000798c  wcet                          
ffffffff  __TI_pprof_out_hndl           
ffffffff  __TI_prof_data_size           
ffffffff  __TI_prof_data_start          
ffffffff  __binit__                     
ffffffff  __c_args__                    
ffffffff  binit                         
UNDEFED   __mpu_init                    
UNDEFED   _system_post_cinit            

[115 symbols]
