<?xml version="1.0" encoding="ISO-8859-1" ?>
<link_info>
   <banner>TI ARM Linker PC v20.2.7.LTS</banner>
   <copyright>Copyright (c) 1996-2018 Texas Instruments Incorporated</copyright>
   <link_time>0x661572b0</link_time>
   <link_errors>0x0</link_errors>
   <output_file>RTES_Exercise5.out</output_file>
   <entry_point>
      <name>_c_int00_noargs</name>
      <address>0x2711</address>
   </entry_point>
   <input_file_list>
      <input_file id="fl-2">
         <path>.\</path>
         <kind>object</kind>
         <file>seqgen.obj</file>
         <name>seqgen.obj</name>
      </input_file>
      <input_file id="fl-3">
         <path>.\</path>
         <kind>object</kind>
         <file>seqgen100x.obj</file>
         <name>seqgen100x.obj</name>
      </input_file>
      <input_file id="fl-4">
         <path>.\</path>
         <kind>object</kind>
         <file>seqgen2x.obj</file>
         <name>seqgen2x.obj</name>
      </input_file>
      <input_file id="fl-5">
         <path>.\</path>
         <kind>object</kind>
         <file>startup_ccs.obj</file>
         <name>startup_ccs.obj</name>
      </input_file>
      <input_file id="fl-6">
         <path>.\drivers\</path>
         <kind>object</kind>
         <file>buttons.obj</file>
         <name>buttons.obj</name>
      </input_file>
      <input_file id="fl-7">
         <path>.\drivers\</path>
         <kind>object</kind>
         <file>rgb.obj</file>
         <name>rgb.obj</name>
      </input_file>
      <input_file id="fl-8">
         <path>.\third_party\FreeRTOS\Source\</path>
         <kind>object</kind>
         <file>list.obj</file>
         <name>list.obj</name>
      </input_file>
      <input_file id="fl-9">
         <path>.\third_party\FreeRTOS\Source\</path>
         <kind>object</kind>
         <file>queue.obj</file>
         <name>queue.obj</name>
      </input_file>
      <input_file id="fl-a">
         <path>.\third_party\FreeRTOS\Source\</path>
         <kind>object</kind>
         <file>tasks.obj</file>
         <name>tasks.obj</name>
      </input_file>
      <input_file id="fl-b">
         <path>.\third_party\FreeRTOS\Source\portable\CCS\ARM_CM4F\</path>
         <kind>object</kind>
         <file>port.obj</file>
         <name>port.obj</name>
      </input_file>
      <input_file id="fl-c">
         <path>.\third_party\FreeRTOS\Source\portable\CCS\ARM_CM4F\</path>
         <kind>object</kind>
         <file>portasm.obj</file>
         <name>portasm.obj</name>
      </input_file>
      <input_file id="fl-d">
         <path>.\third_party\FreeRTOS\Source\portable\MemMang\</path>
         <kind>object</kind>
         <file>heap_2.obj</file>
         <name>heap_2.obj</name>
      </input_file>
      <input_file id="fl-e">
         <path>.\utils\</path>
         <kind>object</kind>
         <file>uartstdio.obj</file>
         <name>uartstdio.obj</name>
      </input_file>
      <input_file id="fl-f">
         <path>.\utils\</path>
         <kind>object</kind>
         <file>ustdlib.obj</file>
         <name>ustdlib.obj</name>
      </input_file>
      <input_file id="fl-14">
         <kind>object</kind>
         <file>&lt;internal&gt;</file>
         <name>&lt;internal&gt;</name>
      </input_file>
      <input_file id="fl-ca">
         <path>C:\ti\ccs1260\ccs\tools\compiler\ti-cgt-arm_20.2.7.LTS\lib\</path>
         <kind>archive</kind>
         <file>rtsv7M4_T_le_v4SPD16_eabi.lib</file>
         <name>fs_toull_t2.asm.obj</name>
      </input_file>
      <input_file id="fl-cb">
         <path>C:\ti\ccs1260\ccs\tools\compiler\ti-cgt-arm_20.2.7.LTS\lib\</path>
         <kind>archive</kind>
         <file>rtsv7M4_T_le_v4SPD16_eabi.lib</file>
         <name>memcpy_t2.asm.obj</name>
      </input_file>
      <input_file id="fl-cc">
         <path>C:\ti\ccs1260\ccs\tools\compiler\ti-cgt-arm_20.2.7.LTS\lib\</path>
         <kind>archive</kind>
         <file>rtsv7M4_T_le_v4SPD16_eabi.lib</file>
         <name>memset_t2.asm.obj</name>
      </input_file>
      <input_file id="fl-cd">
         <path>C:\ti\ccs1260\ccs\tools\compiler\ti-cgt-arm_20.2.7.LTS\lib\</path>
         <kind>archive</kind>
         <file>rtsv7M4_T_le_v4SPD16_eabi.lib</file>
         <name>u_divt2.asm.obj</name>
      </input_file>
      <input_file id="fl-ce">
         <path>C:\ti\ccs1260\ccs\tools\compiler\ti-cgt-arm_20.2.7.LTS\lib\</path>
         <kind>archive</kind>
         <file>rtsv7M4_T_le_v4SPD16_eabi.lib</file>
         <name>copy_zero_init.c.obj</name>
      </input_file>
      <input_file id="fl-cf">
         <path>C:\ti\ccs1260\ccs\tools\compiler\ti-cgt-arm_20.2.7.LTS\lib\</path>
         <kind>archive</kind>
         <file>rtsv7M4_T_le_v4SPD16_eabi.lib</file>
         <name>copy_decompress_none.c.obj</name>
      </input_file>
      <input_file id="fl-d0">
         <path>C:\ti\ccs1260\ccs\tools\compiler\ti-cgt-arm_20.2.7.LTS\lib\</path>
         <kind>archive</kind>
         <file>rtsv7M4_T_le_v4SPD16_eabi.lib</file>
         <name>copy_decompress_lzss.c.obj</name>
      </input_file>
      <input_file id="fl-d1">
         <path>C:\ti\ccs1260\ccs\tools\compiler\ti-cgt-arm_20.2.7.LTS\lib\</path>
         <kind>archive</kind>
         <file>rtsv7M4_T_le_v4SPD16_eabi.lib</file>
         <name>boot_cortex_m.c.obj</name>
      </input_file>
      <input_file id="fl-d2">
         <path>C:\ti\ccs1260\ccs\tools\compiler\ti-cgt-arm_20.2.7.LTS\lib\</path>
         <kind>archive</kind>
         <file>rtsv7M4_T_le_v4SPD16_eabi.lib</file>
         <name>div0.asm.obj</name>
      </input_file>
      <input_file id="fl-d3">
         <path>C:\ti\ccs1260\ccs\tools\compiler\ti-cgt-arm_20.2.7.LTS\lib\</path>
         <kind>archive</kind>
         <file>rtsv7M4_T_le_v4SPD16_eabi.lib</file>
         <name>autoinit.c.obj</name>
      </input_file>
      <input_file id="fl-d4">
         <path>C:\ti\ccs1260\ccs\tools\compiler\ti-cgt-arm_20.2.7.LTS\lib\</path>
         <kind>archive</kind>
         <file>rtsv7M4_T_le_v4SPD16_eabi.lib</file>
         <name>pre_init.c.obj</name>
      </input_file>
      <input_file id="fl-d5">
         <path>C:\ti\ccs1260\ccs\tools\compiler\ti-cgt-arm_20.2.7.LTS\lib\</path>
         <kind>archive</kind>
         <file>rtsv7M4_T_le_v4SPD16_eabi.lib</file>
         <name>cpy_tbl.c.obj</name>
      </input_file>
      <input_file id="fl-d6">
         <path>C:\ti\ccs1260\ccs\tools\compiler\ti-cgt-arm_20.2.7.LTS\lib\</path>
         <kind>archive</kind>
         <file>rtsv7M4_T_le_v4SPD16_eabi.lib</file>
         <name>exit.c.obj</name>
      </input_file>
      <input_file id="fl-d7">
         <path>C:\ti\ccs1260\ccs\tools\compiler\ti-cgt-arm_20.2.7.LTS\lib\</path>
         <kind>archive</kind>
         <file>rtsv7M4_T_le_v4SPD16_eabi.lib</file>
         <name>_lock.c.obj</name>
      </input_file>
      <input_file id="fl-d8">
         <path>C:\ti\ccs1260\ccs\tools\compiler\ti-cgt-arm_20.2.7.LTS\lib\</path>
         <kind>archive</kind>
         <file>rtsv7M4_T_le_v4SPD16_eabi.lib</file>
         <name>args_main.c.obj</name>
      </input_file>
      <input_file id="fl-d9">
         <path>C:\ti\tivaware_c_series_2_1_4_178\driverlib\ccs\Debug\</path>
         <kind>archive</kind>
         <file>driverlib.lib</file>
         <name>sysctl.obj</name>
      </input_file>
      <input_file id="fl-da">
         <path>C:\ti\tivaware_c_series_2_1_4_178\driverlib\ccs\Debug\</path>
         <kind>archive</kind>
         <file>driverlib.lib</file>
         <name>uart.obj</name>
      </input_file>
      <input_file id="fl-db">
         <path>C:\ti\tivaware_c_series_2_1_4_178\driverlib\ccs\Debug\</path>
         <kind>archive</kind>
         <file>driverlib.lib</file>
         <name>cpu.obj</name>
      </input_file>
      <input_file id="fl-dc">
         <path>C:\ti\tivaware_c_series_2_1_4_178\driverlib\ccs\Debug\</path>
         <kind>archive</kind>
         <file>driverlib.lib</file>
         <name>interrupt.obj</name>
      </input_file>
   </input_file_list>
   <object_component_list>
      <object_component id="oc-12">
         <name>.intvecs</name>
         <load_address>0x0</load_address>
         <run_address>0x0</run_address>
         <size>0x26c</size>
         <input_file_ref idref="fl-5"/>
      </object_component>
      <object_component id="oc-e5">
         <name>.text:main</name>
         <load_address>0x26c</load_address>
         <run_address>0x26c</run_address>
         <size>0x318</size>
         <input_file_ref idref="fl-3"/>
      </object_component>
      <object_component id="oc-297">
         <name>.text:UARTvprintf</name>
         <load_address>0x584</load_address>
         <run_address>0x584</run_address>
         <size>0x30c</size>
         <input_file_ref idref="fl-e"/>
      </object_component>
      <object_component id="oc-1cb">
         <name>.text:Sequencer_thread</name>
         <load_address>0x890</load_address>
         <run_address>0x890</run_address>
         <size>0x27c</size>
         <input_file_ref idref="fl-3"/>
      </object_component>
      <object_component id="oc-1b2">
         <name>.text:xQueueGenericReceive</name>
         <load_address>0xb0c</load_address>
         <run_address>0xb0c</run_address>
         <size>0x168</size>
         <input_file_ref idref="fl-9"/>
      </object_component>
      <object_component id="oc-1b8">
         <name>.text:xTaskGenericCreate</name>
         <load_address>0xc74</load_address>
         <run_address>0xc74</run_address>
         <size>0x134</size>
         <input_file_ref idref="fl-a"/>
      </object_component>
      <object_component id="oc-a1">
         <name>.text:xTaskIncrementTick</name>
         <load_address>0xda8</load_address>
         <run_address>0xda8</run_address>
         <size>0x134</size>
         <input_file_ref idref="fl-a"/>
      </object_component>
      <object_component id="oc-a8">
         <name>.text:xQueueGenericSend</name>
         <load_address>0xedc</load_address>
         <run_address>0xedc</run_address>
         <size>0x128</size>
         <input_file_ref idref="fl-9"/>
      </object_component>
      <object_component id="oc-2a4">
         <name>.text:pvPortMalloc</name>
         <load_address>0x1004</load_address>
         <run_address>0x1004</run_address>
         <size>0x108</size>
         <input_file_ref idref="fl-d"/>
      </object_component>
      <object_component id="oc-15e">
         <name>.text:xTaskResumeAll</name>
         <load_address>0x110c</load_address>
         <run_address>0x110c</run_address>
         <size>0xf8</size>
         <input_file_ref idref="fl-a"/>
      </object_component>
      <object_component id="oc-1cd">
         <name>.text:service1</name>
         <load_address>0x1204</load_address>
         <run_address>0x1204</run_address>
         <size>0xdc</size>
         <input_file_ref idref="fl-3"/>
      </object_component>
      <object_component id="oc-1d3">
         <name>.text:service2</name>
         <load_address>0x12e0</load_address>
         <run_address>0x12e0</run_address>
         <size>0xdc</size>
         <input_file_ref idref="fl-3"/>
      </object_component>
      <object_component id="oc-1d9">
         <name>.text:service3</name>
         <load_address>0x13bc</load_address>
         <run_address>0x13bc</run_address>
         <size>0xdc</size>
         <input_file_ref idref="fl-3"/>
      </object_component>
      <object_component id="oc-1df">
         <name>.text:service4</name>
         <load_address>0x1498</load_address>
         <run_address>0x1498</run_address>
         <size>0xdc</size>
         <input_file_ref idref="fl-3"/>
      </object_component>
      <object_component id="oc-1e5">
         <name>.text:service5</name>
         <load_address>0x1574</load_address>
         <run_address>0x1574</run_address>
         <size>0xdc</size>
         <input_file_ref idref="fl-3"/>
      </object_component>
      <object_component id="oc-1eb">
         <name>.text:service6</name>
         <load_address>0x1650</load_address>
         <run_address>0x1650</run_address>
         <size>0xdc</size>
         <input_file_ref idref="fl-3"/>
      </object_component>
      <object_component id="oc-1f1">
         <name>.text:service7</name>
         <load_address>0x172c</load_address>
         <run_address>0x172c</run_address>
         <size>0xdc</size>
         <input_file_ref idref="fl-3"/>
      </object_component>
      <object_component id="oc-3f">
         <name>.text</name>
         <load_address>0x1808</load_address>
         <run_address>0x1808</run_address>
         <size>0xd2</size>
         <input_file_ref idref="fl-c"/>
      </object_component>
      <object_component id="oc-33">
         <name>.text:FaultISR</name>
         <load_address>0x18da</load_address>
         <run_address>0x18da</run_address>
         <size>0x2</size>
         <input_file_ref idref="fl-5"/>
      </object_component>
      <object_component id="oc-2c3">
         <name>.text:vTaskPriorityInherit</name>
         <load_address>0x18dc</load_address>
         <run_address>0x18dc</run_address>
         <size>0xc8</size>
         <input_file_ref idref="fl-a"/>
      </object_component>
      <object_component id="oc-128">
         <name>.text:prvCopyDataToQueue</name>
         <load_address>0x19a4</load_address>
         <run_address>0x19a4</run_address>
         <size>0xba</size>
         <input_file_ref idref="fl-9"/>
      </object_component>
      <object_component id="oc-39">
         <name>.text:IntDefaultHandler</name>
         <load_address>0x1a5e</load_address>
         <run_address>0x1a5e</run_address>
         <size>0x2</size>
         <input_file_ref idref="fl-5"/>
      </object_component>
      <object_component id="oc-9a">
         <name>.text:vTaskSwitchContext</name>
         <load_address>0x1a60</load_address>
         <run_address>0x1a60</run_address>
         <size>0xb8</size>
         <input_file_ref idref="fl-a"/>
      </object_component>
      <object_component id="oc-25b">
         <name>.text:xTaskPriorityDisinherit</name>
         <load_address>0x1b18</load_address>
         <run_address>0x1b18</run_address>
         <size>0xa4</size>
         <input_file_ref idref="fl-a"/>
      </object_component>
      <object_component id="oc-5e">
         <name>.text</name>
         <load_address>0x1bbc</load_address>
         <run_address>0x1bbc</run_address>
         <size>0x9c</size>
         <input_file_ref idref="fl-cb"/>
      </object_component>
      <object_component id="oc-2d0">
         <name>.text:prvInitialiseTCBVariables</name>
         <load_address>0x1c58</load_address>
         <run_address>0x1c58</run_address>
         <size>0x98</size>
         <input_file_ref idref="fl-a"/>
      </object_component>
      <object_component id="oc-12e">
         <name>.text:xTaskRemoveFromEventList</name>
         <load_address>0x1cf0</load_address>
         <run_address>0x1cf0</run_address>
         <size>0x90</size>
         <input_file_ref idref="fl-a"/>
      </object_component>
      <object_component id="oc-146">
         <name>.text:xTaskCheckForTimeOut</name>
         <load_address>0x1d80</load_address>
         <run_address>0x1d80</run_address>
         <size>0x84</size>
         <input_file_ref idref="fl-a"/>
      </object_component>
      <object_component id="oc-158">
         <name>.text:prvUnlockQueue</name>
         <load_address>0x1e04</load_address>
         <run_address>0x1e04</run_address>
         <size>0x82</size>
         <input_file_ref idref="fl-9"/>
      </object_component>
      <object_component id="oc-d9">
         <name>.text</name>
         <load_address>0x1e86</load_address>
         <run_address>0x1e86</run_address>
         <size>0x7a</size>
         <input_file_ref idref="fl-cc"/>
      </object_component>
      <object_component id="oc-1ac">
         <name>.text:xQueueCreateMutex</name>
         <load_address>0x1f00</load_address>
         <run_address>0x1f00</run_address>
         <size>0x76</size>
         <input_file_ref idref="fl-9"/>
      </object_component>
      <object_component id="oc-2d">
         <name>.text:NmiSR</name>
         <load_address>0x1f76</load_address>
         <run_address>0x1f76</run_address>
         <size>0x2</size>
         <input_file_ref idref="fl-5"/>
      </object_component>
      <object_component id="oc-1a0">
         <name>.text:ConfigureUART</name>
         <load_address>0x1f78</load_address>
         <run_address>0x1f78</run_address>
         <size>0x74</size>
         <input_file_ref idref="fl-3"/>
      </object_component>
      <object_component id="oc-290">
         <name>.text:UARTStdioConfig</name>
         <load_address>0x1fec</load_address>
         <run_address>0x1fec</run_address>
         <size>0x74</size>
         <input_file_ref idref="fl-e"/>
      </object_component>
      <object_component id="oc-2dc">
         <name>.text:prvInitialiseTaskLists</name>
         <load_address>0x2060</load_address>
         <run_address>0x2060</run_address>
         <size>0x74</size>
         <input_file_ref idref="fl-a"/>
      </object_component>
      <object_component id="oc-1be">
         <name>.text:vTaskStartScheduler</name>
         <load_address>0x20d4</load_address>
         <run_address>0x20d4</run_address>
         <size>0x70</size>
         <input_file_ref idref="fl-a"/>
      </object_component>
      <object_component id="oc-15">
         <name>.text:decompress:lzss:__TI_decompress_lzss</name>
         <load_address>0x2144</load_address>
         <run_address>0x2144</run_address>
         <size>0x68</size>
         <input_file_ref idref="fl-d0"/>
      </object_component>
      <object_component id="oc-390">
         <name>.text:prvCheckTasksWaitingTermination</name>
         <load_address>0x21ac</load_address>
         <run_address>0x21ac</run_address>
         <size>0x68</size>
         <input_file_ref idref="fl-a"/>
      </object_component>
      <object_component id="oc-36a">
         <name>.text:vPortFree</name>
         <load_address>0x2214</load_address>
         <run_address>0x2214</run_address>
         <size>0x68</size>
         <input_file_ref idref="fl-d"/>
      </object_component>
      <object_component id="oc-152">
         <name>.text:vTaskPlaceOnEventList</name>
         <load_address>0x227c</load_address>
         <run_address>0x227c</run_address>
         <size>0x68</size>
         <input_file_ref idref="fl-a"/>
      </object_component>
      <object_component id="oc-26b">
         <name>.text:vListInsert</name>
         <load_address>0x22e4</load_address>
         <run_address>0x22e4</run_address>
         <size>0x66</size>
         <input_file_ref idref="fl-8"/>
      </object_component>
      <object_component id="oc-2ca">
         <name>.text:prvAllocateTCBAndStack</name>
         <load_address>0x234a</load_address>
         <run_address>0x234a</run_address>
         <size>0x5e</size>
         <input_file_ref idref="fl-a"/>
      </object_component>
      <object_component id="oc-343">
         <name>.text:UARTwrite</name>
         <load_address>0x23a8</load_address>
         <run_address>0x23a8</run_address>
         <size>0x5c</size>
         <input_file_ref idref="fl-e"/>
      </object_component>
      <object_component id="oc-271">
         <name>.text:prvAddCurrentTaskToDelayedList</name>
         <load_address>0x2404</load_address>
         <run_address>0x2404</run_address>
         <size>0x5c</size>
         <input_file_ref idref="fl-a"/>
      </object_component>
      <object_component id="oc-2d6">
         <name>.text:pxPortInitialiseStack</name>
         <load_address>0x2460</load_address>
         <run_address>0x2460</run_address>
         <size>0x5c</size>
         <input_file_ref idref="fl-b"/>
      </object_component>
      <object_component id="oc-354">
         <name>.text:prvHeapInit</name>
         <load_address>0x24bc</load_address>
         <run_address>0x24bc</run_address>
         <size>0x50</size>
         <input_file_ref idref="fl-d"/>
      </object_component>
      <object_component id="oc-112">
         <name>.text:uxListRemove</name>
         <load_address>0x250c</load_address>
         <run_address>0x250c</run_address>
         <size>0x48</size>
         <input_file_ref idref="fl-8"/>
      </object_component>
      <object_component id="oc-204">
         <name>.text:__TI_auto_init_nobinit_nopinit:__TI_auto_init_nobinit_nopinit</name>
         <load_address>0x2554</load_address>
         <run_address>0x2554</run_address>
         <size>0x44</size>
         <input_file_ref idref="fl-d3"/>
      </object_component>
      <object_component id="oc-2e3">
         <name>.text:xPortStartScheduler</name>
         <load_address>0x2598</load_address>
         <run_address>0x2598</run_address>
         <size>0x44</size>
         <input_file_ref idref="fl-b"/>
      </object_component>
      <object_component id="oc-4a">
         <name>.text:Timer0IntHandler</name>
         <load_address>0x25dc</load_address>
         <run_address>0x25dc</run_address>
         <size>0x40</size>
         <input_file_ref idref="fl-3"/>
      </object_component>
      <object_component id="oc-349">
         <name>.text</name>
         <load_address>0x261c</load_address>
         <run_address>0x261c</run_address>
         <size>0x40</size>
         <input_file_ref idref="fl-cd"/>
      </object_component>
      <object_component id="oc-2b1">
         <name>.text:prvCopyDataFromQueue</name>
         <load_address>0x265c</load_address>
         <run_address>0x265c</run_address>
         <size>0x3c</size>
         <input_file_ref idref="fl-9"/>
      </object_component>
      <object_component id="oc-10c">
         <name>.text:prvResetNextTaskUnblockTime</name>
         <load_address>0x2698</load_address>
         <run_address>0x2698</run_address>
         <size>0x3c</size>
         <input_file_ref idref="fl-a"/>
      </object_component>
      <object_component id="oc-118">
         <name>.text:vListInsertEnd</name>
         <load_address>0x26d4</load_address>
         <run_address>0x26d4</run_address>
         <size>0x3c</size>
         <input_file_ref idref="fl-8"/>
      </object_component>
      <object_component id="oc-7c">
         <name>.text:_c_int00_noargs:_c_int00_noargs</name>
         <load_address>0x2710</load_address>
         <run_address>0x2710</run_address>
         <size>0x34</size>
         <input_file_ref idref="fl-d1"/>
      </object_component>
      <object_component id="oc-2aa">
         <name>.text:vListInitialise</name>
         <load_address>0x2744</load_address>
         <run_address>0x2744</run_address>
         <size>0x30</size>
         <input_file_ref idref="fl-8"/>
      </object_component>
      <object_component id="oc-44">
         <name>.text:xPortSysTickHandler</name>
         <load_address>0x2774</load_address>
         <run_address>0x2774</run_address>
         <size>0x2c</size>
         <input_file_ref idref="fl-b"/>
      </object_component>
      <object_component id="oc-14c">
         <name>.text:prvIsQueueFull</name>
         <load_address>0x27a0</load_address>
         <run_address>0x27a0</run_address>
         <size>0x26</size>
         <input_file_ref idref="fl-9"/>
      </object_component>
      <object_component id="oc-1a6">
         <name>.text:UARTprintf</name>
         <load_address>0x27c6</load_address>
         <run_address>0x27c6</run_address>
         <size>0x24</size>
         <input_file_ref idref="fl-e"/>
      </object_component>
      <object_component id="oc-3c8">
         <name>.text</name>
         <load_address>0x27ea</load_address>
         <run_address>0x27ea</run_address>
         <size>0x2</size>
         <input_file_ref idref="fl-d2"/>
      </object_component>
      <object_component id="oc-122">
         <name>.text:vPortEnterCritical</name>
         <load_address>0x27ec</load_address>
         <run_address>0x27ec</run_address>
         <size>0x24</size>
         <input_file_ref idref="fl-b"/>
      </object_component>
      <object_component id="oc-13a">
         <name>.text:vTaskSetTimeOutState</name>
         <load_address>0x2810</load_address>
         <run_address>0x2810</run_address>
         <size>0x24</size>
         <input_file_ref idref="fl-a"/>
      </object_component>
      <object_component id="oc-2bd">
         <name>.text:prvIsQueueEmpty</name>
         <load_address>0x2834</load_address>
         <run_address>0x2834</run_address>
         <size>0x20</size>
         <input_file_ref idref="fl-9"/>
      </object_component>
      <object_component id="oc-2b7">
         <name>.text:pvTaskIncrementMutexHeldCount</name>
         <load_address>0x2854</load_address>
         <run_address>0x2854</run_address>
         <size>0x1c</size>
         <input_file_ref idref="fl-a"/>
      </object_component>
      <object_component id="oc-134">
         <name>.text:vPortExitCritical</name>
         <load_address>0x2870</load_address>
         <run_address>0x2870</run_address>
         <size>0x1c</size>
         <input_file_ref idref="fl-b"/>
      </object_component>
      <object_component id="oc-389">
         <name>.text:vPortSetupTimerInterrupt</name>
         <load_address>0x288c</load_address>
         <run_address>0x288c</run_address>
         <size>0x18</size>
         <input_file_ref idref="fl-b"/>
      </object_component>
      <object_component id="oc-3ec">
         <name>.text:prvDeleteTCB</name>
         <load_address>0x28a4</load_address>
         <run_address>0x28a4</run_address>
         <size>0x14</size>
         <input_file_ref idref="fl-a"/>
      </object_component>
      <object_component id="oc-2f0">
         <name>.text:xTaskGetTickCount</name>
         <load_address>0x28b8</load_address>
         <run_address>0x28b8</run_address>
         <size>0x14</size>
         <input_file_ref idref="fl-a"/>
      </object_component>
      <object_component id="oc-378">
         <name>.text:prvTaskExitError</name>
         <load_address>0x28cc</load_address>
         <run_address>0x28cc</run_address>
         <size>0x10</size>
         <input_file_ref idref="fl-b"/>
      </object_component>
      <object_component id="oc-371">
         <name>.text:vListInitialiseItem</name>
         <load_address>0x28dc</load_address>
         <run_address>0x28dc</run_address>
         <size>0x10</size>
         <input_file_ref idref="fl-8"/>
      </object_component>
      <object_component id="oc-140">
         <name>.text:vTaskSuspendAll</name>
         <load_address>0x28ec</load_address>
         <run_address>0x28ec</run_address>
         <size>0x10</size>
         <input_file_ref idref="fl-a"/>
      </object_component>
      <object_component id="oc-1b">
         <name>.text:decompress:none:__TI_decompress_none</name>
         <load_address>0x28fc</load_address>
         <run_address>0x28fc</run_address>
         <size>0xe</size>
         <input_file_ref idref="fl-cf"/>
      </object_component>
      <object_component id="oc-70">
         <name>.text:decompress:ZI:__TI_zero_init</name>
         <load_address>0x290a</load_address>
         <run_address>0x290a</run_address>
         <size>0xc</size>
         <input_file_ref idref="fl-ce"/>
      </object_component>
      <object_component id="oc-27b">
         <name>.text:vTaskMissedYield</name>
         <load_address>0x2918</load_address>
         <run_address>0x2918</run_address>
         <size>0xc</size>
         <input_file_ref idref="fl-a"/>
      </object_component>
      <object_component id="oc-2e9">
         <name>.text:prvIdleTask</name>
         <load_address>0x2924</load_address>
         <run_address>0x2924</run_address>
         <size>0xa</size>
         <input_file_ref idref="fl-a"/>
      </object_component>
      <object_component id="oc-102">
         <name>.text:vApplicationStackOverflowHook</name>
         <load_address>0x292e</load_address>
         <run_address>0x292e</run_address>
         <size>0xa</size>
         <input_file_ref idref="fl-3"/>
      </object_component>
      <object_component id="oc-27">
         <name>.text:ResetISR</name>
         <load_address>0x2938</load_address>
         <run_address>0x2938</run_address>
         <size>0x6</size>
         <input_file_ref idref="fl-5"/>
      </object_component>
      <object_component id="oc-28a">
         <name>.text:UARTClockSourceSet</name>
         <load_address>0x293e</load_address>
         <run_address>0x293e</run_address>
         <size>0x6</size>
         <input_file_ref idref="fl-da"/>
      </object_component>
      <object_component id="oc-df">
         <name>.text:_system_pre_init</name>
         <load_address>0x2944</load_address>
         <run_address>0x2944</run_address>
         <size>0x4</size>
         <input_file_ref idref="fl-d4"/>
      </object_component>
      <object_component id="oc-1f8">
         <name>.text:abort:abort</name>
         <load_address>0x2948</load_address>
         <run_address>0x2948</run_address>
         <size>0x4</size>
         <input_file_ref idref="fl-d6"/>
      </object_component>
      <object_component id="oc-3ce">
         <name>.const:.string</name>
         <load_address>0x294c</load_address>
         <run_address>0x294c</run_address>
         <size>0x12</size>
         <input_file_ref idref="fl-e"/>
      </object_component>
      <object_component id="oc-33f">
         <name>.const:g_ui32UARTBase</name>
         <load_address>0x2960</load_address>
         <run_address>0x2960</run_address>
         <size>0xc</size>
         <input_file_ref idref="fl-e"/>
      </object_component>
      <object_component id="oc-336">
         <name>.const:g_ui32UARTPeriph</name>
         <load_address>0x296c</load_address>
         <run_address>0x296c</run_address>
         <size>0xc</size>
         <input_file_ref idref="fl-e"/>
      </object_component>
      <object_component id="oc-97">
         <name>.const</name>
         <load_address>0x2978</load_address>
         <run_address>0x2978</run_address>
         <size>0x4</size>
         <input_file_ref idref="fl-b"/>
      </object_component>
      <object_component id="oc-34e">
         <name>.const</name>
         <load_address>0x297c</load_address>
         <run_address>0x297c</run_address>
         <size>0x4</size>
         <input_file_ref idref="fl-e"/>
      </object_component>
      <object_component id="oc-431">
         <name>.cinit..data.load</name>
         <load_address>0x2980</load_address>
         <run_address>0x2980</run_address>
         <size>0x3a</size>
      </object_component>
      <object_component id="oc-42f">
         <name>__TI_handler_table</name>
         <load_address>0x29bc</load_address>
         <run_address>0x29bc</run_address>
         <size>0xc</size>
      </object_component>
      <object_component id="oc-432">
         <name>.cinit..bss.load</name>
         <load_address>0x29c8</load_address>
         <run_address>0x29c8</run_address>
         <size>0x8</size>
      </object_component>
      <object_component id="oc-430">
         <name>__TI_cinit_table</name>
         <load_address>0x29d0</load_address>
         <run_address>0x29d0</run_address>
         <size>0x10</size>
      </object_component>
      <object_component id="oc-ae">
         <name>.data</name>
         <load_address>0x20007940</load_address>
         <run_address>0x20007940</run_address>
         <size>0x2c</size>
         <input_file_ref idref="fl-3"/>
      </object_component>
      <object_component id="oc-2f9">
         <name>.data:wcet</name>
         <load_address>0x2000798c</load_address>
         <run_address>0x2000798c</run_address>
         <size>0x1c</size>
         <input_file_ref idref="fl-3"/>
      </object_component>
      <object_component id="oc-2f6">
         <name>.data:T</name>
         <load_address>0x2000796c</load_address>
         <run_address>0x2000796c</run_address>
         <size>0x20</size>
         <input_file_ref idref="fl-3"/>
      </object_component>
      <object_component id="oc-94">
         <name>.data</name>
         <load_address>0x20007910</load_address>
         <run_address>0x20007910</run_address>
         <size>0x30</size>
         <input_file_ref idref="fl-a"/>
      </object_component>
      <object_component id="oc-257">
         <name>.data</name>
         <load_address>0x200079b8</load_address>
         <run_address>0x200079b8</run_address>
         <size>0x4</size>
         <input_file_ref idref="fl-b"/>
      </object_component>
      <object_component id="oc-35a">
         <name>.data</name>
         <load_address>0x200079a8</load_address>
         <run_address>0x200079a8</run_address>
         <size>0x8</size>
         <input_file_ref idref="fl-d"/>
      </object_component>
      <object_component id="oc-339">
         <name>.data</name>
         <load_address>0x200079b0</load_address>
         <run_address>0x200079b0</run_address>
         <size>0x5</size>
         <input_file_ref idref="fl-e"/>
      </object_component>
      <object_component id="oc-108">
         <name>.bss:pxReadyTasksLists</name>
         <uninitialized>true</uninitialized>
         <run_address>0x20007530</run_address>
         <size>0x140</size>
         <input_file_ref idref="fl-a"/>
      </object_component>
      <object_component id="oc-37f">
         <name>.bss:xDelayedTaskList1</name>
         <uninitialized>true</uninitialized>
         <run_address>0x20007670</run_address>
         <size>0x14</size>
         <input_file_ref idref="fl-a"/>
      </object_component>
      <object_component id="oc-382">
         <name>.bss:xDelayedTaskList2</name>
         <uninitialized>true</uninitialized>
         <run_address>0x20007684</run_address>
         <size>0x14</size>
         <input_file_ref idref="fl-a"/>
      </object_component>
      <object_component id="oc-11e">
         <name>.bss</name>
         <uninitialized>true</uninitialized>
         <run_address>0x200076d4</run_address>
         <size>0x8</size>
         <input_file_ref idref="fl-a"/>
      </object_component>
      <object_component id="oc-262">
         <name>.bss:xPendingReadyList</name>
         <uninitialized>true</uninitialized>
         <run_address>0x20007698</run_address>
         <size>0x14</size>
         <input_file_ref idref="fl-a"/>
      </object_component>
      <object_component id="oc-385">
         <name>.bss:xTasksWaitingTermination</name>
         <uninitialized>true</uninitialized>
         <run_address>0x200076c0</run_address>
         <size>0x14</size>
         <input_file_ref idref="fl-a"/>
      </object_component>
      <object_component id="oc-277">
         <name>.bss:xSuspendedTaskList</name>
         <uninitialized>true</uninitialized>
         <run_address>0x200076ac</run_address>
         <size>0x14</size>
         <input_file_ref idref="fl-a"/>
      </object_component>
      <object_component id="oc-3d1">
         <name>.bss:ucHeap</name>
         <uninitialized>true</uninitialized>
         <run_address>0x20000000</run_address>
         <size>0x7530</size>
         <input_file_ref idref="fl-d"/>
      </object_component>
      <object_component id="oc-35d">
         <name>.bss:xStart</name>
         <uninitialized>true</uninitialized>
         <run_address>0x200076e4</run_address>
         <size>0x8</size>
         <input_file_ref idref="fl-d"/>
      </object_component>
      <object_component id="oc-360">
         <name>.bss:xEnd</name>
         <uninitialized>true</uninitialized>
         <run_address>0x200076dc</run_address>
         <size>0x8</size>
         <input_file_ref idref="fl-d"/>
      </object_component>
      <object_component id="oc-b4">
         <name>.common:semSched</name>
         <uninitialized>true</uninitialized>
         <run_address>0x20007708</run_address>
         <size>0x4</size>
      </object_component>
      <object_component id="oc-1c4">
         <name>.common:semS1</name>
         <uninitialized>true</uninitialized>
         <run_address>0x200076ec</run_address>
         <size>0x4</size>
      </object_component>
      <object_component id="oc-1c5">
         <name>.common:semS2</name>
         <uninitialized>true</uninitialized>
         <run_address>0x200076f0</run_address>
         <size>0x4</size>
      </object_component>
      <object_component id="oc-1c6">
         <name>.common:semS3</name>
         <uninitialized>true</uninitialized>
         <run_address>0x200076f4</run_address>
         <size>0x4</size>
      </object_component>
      <object_component id="oc-1c7">
         <name>.common:semS4</name>
         <uninitialized>true</uninitialized>
         <run_address>0x200076f8</run_address>
         <size>0x4</size>
      </object_component>
      <object_component id="oc-1c8">
         <name>.common:semS5</name>
         <uninitialized>true</uninitialized>
         <run_address>0x200076fc</run_address>
         <size>0x4</size>
      </object_component>
      <object_component id="oc-1c9">
         <name>.common:semS6</name>
         <uninitialized>true</uninitialized>
         <run_address>0x20007700</run_address>
         <size>0x4</size>
      </object_component>
      <object_component id="oc-1ca">
         <name>.common:semS7</name>
         <uninitialized>true</uninitialized>
         <run_address>0x20007704</run_address>
         <size>0x4</size>
      </object_component>
      <object_component id="oc-24">
         <name>.stack</name>
         <uninitialized>true</uninitialized>
         <run_address>0x20007710</run_address>
         <size>0x4</size>
         <input_file_ref idref="fl-d1"/>
      </object_component>
      <object_component id="oc-434">
         <name>.stack</name>
         <uninitialized>true</uninitialized>
         <run_address>0x20007710</run_address>
         <size>0x0</size>
      </object_component>
      <object_component id="oc-b5">
         <name>.debug_info</name>
         <load_address>0x0</load_address>
         <run_address>0x0</run_address>
         <size>0x637</size>
         <input_file_ref idref="fl-3"/>
      </object_component>
      <object_component id="oc-af">
         <name>.debug_info</name>
         <load_address>0x637</load_address>
         <run_address>0x637</run_address>
         <size>0x250</size>
         <input_file_ref idref="fl-3"/>
      </object_component>
      <object_component id="oc-2fa">
         <name>.debug_info</name>
         <load_address>0x887</load_address>
         <run_address>0x887</run_address>
         <size>0xd1</size>
         <input_file_ref idref="fl-3"/>
      </object_component>
      <object_component id="oc-2f7">
         <name>.debug_info</name>
         <load_address>0x958</load_address>
         <run_address>0x958</run_address>
         <size>0xcb</size>
         <input_file_ref idref="fl-3"/>
      </object_component>
      <object_component id="oc-104">
         <name>.debug_info</name>
         <load_address>0xa23</load_address>
         <run_address>0xa23</run_address>
         <size>0x199</size>
         <input_file_ref idref="fl-3"/>
      </object_component>
      <object_component id="oc-4b">
         <name>.debug_info</name>
         <load_address>0xbbc</load_address>
         <run_address>0xbbc</run_address>
         <size>0x159</size>
         <input_file_ref idref="fl-3"/>
      </object_component>
      <object_component id="oc-1a2">
         <name>.debug_info</name>
         <load_address>0xd15</load_address>
         <run_address>0xd15</run_address>
         <size>0x16b</size>
         <input_file_ref idref="fl-3"/>
      </object_component>
      <object_component id="oc-b1">
         <name>.debug_info</name>
         <load_address>0xe80</load_address>
         <run_address>0xe80</run_address>
         <size>0x2af</size>
         <input_file_ref idref="fl-3"/>
      </object_component>
      <object_component id="oc-1cf">
         <name>.debug_info</name>
         <load_address>0x112f</load_address>
         <run_address>0x112f</run_address>
         <size>0x1ba</size>
         <input_file_ref idref="fl-3"/>
      </object_component>
      <object_component id="oc-1d4">
         <name>.debug_info</name>
         <load_address>0x12e9</load_address>
         <run_address>0x12e9</run_address>
         <size>0x1ba</size>
         <input_file_ref idref="fl-3"/>
      </object_component>
      <object_component id="oc-1da">
         <name>.debug_info</name>
         <load_address>0x14a3</load_address>
         <run_address>0x14a3</run_address>
         <size>0x1ba</size>
         <input_file_ref idref="fl-3"/>
      </object_component>
      <object_component id="oc-1e1">
         <name>.debug_info</name>
         <load_address>0x165d</load_address>
         <run_address>0x165d</run_address>
         <size>0x1ba</size>
         <input_file_ref idref="fl-3"/>
      </object_component>
      <object_component id="oc-1e7">
         <name>.debug_info</name>
         <load_address>0x1817</load_address>
         <run_address>0x1817</run_address>
         <size>0x1ba</size>
         <input_file_ref idref="fl-3"/>
      </object_component>
      <object_component id="oc-1ed">
         <name>.debug_info</name>
         <load_address>0x19d1</load_address>
         <run_address>0x19d1</run_address>
         <size>0x1ba</size>
         <input_file_ref idref="fl-3"/>
      </object_component>
      <object_component id="oc-1f3">
         <name>.debug_info</name>
         <load_address>0x1b8b</load_address>
         <run_address>0x1b8b</run_address>
         <size>0x1ba</size>
         <input_file_ref idref="fl-3"/>
      </object_component>
      <object_component id="oc-e6">
         <name>.debug_info</name>
         <load_address>0x1d45</load_address>
         <run_address>0x1d45</run_address>
         <size>0x3c9</size>
         <input_file_ref idref="fl-3"/>
      </object_component>
      <object_component id="oc-16c">
         <name>.debug_info</name>
         <load_address>0x210e</load_address>
         <run_address>0x210e</run_address>
         <size>0x2ef</size>
         <input_file_ref idref="fl-3"/>
      </object_component>
      <object_component id="oc-ba">
         <name>.debug_info</name>
         <load_address>0x23fd</load_address>
         <run_address>0x23fd</run_address>
         <size>0x26b</size>
         <input_file_ref idref="fl-3"/>
      </object_component>
      <object_component id="oc-173">
         <name>.debug_info</name>
         <load_address>0x2668</load_address>
         <run_address>0x2668</run_address>
         <size>0x8b</size>
         <input_file_ref idref="fl-3"/>
      </object_component>
      <object_component id="oc-165">
         <name>.debug_info</name>
         <load_address>0x26f3</load_address>
         <run_address>0x26f3</run_address>
         <size>0x46</size>
         <input_file_ref idref="fl-3"/>
      </object_component>
      <object_component id="oc-181">
         <name>.debug_info</name>
         <load_address>0x2739</load_address>
         <run_address>0x2739</run_address>
         <size>0x2c</size>
         <input_file_ref idref="fl-3"/>
      </object_component>
      <object_component id="oc-186">
         <name>.debug_info</name>
         <load_address>0x2765</load_address>
         <run_address>0x2765</run_address>
         <size>0x2c</size>
         <input_file_ref idref="fl-3"/>
      </object_component>
      <object_component id="oc-18b">
         <name>.debug_info</name>
         <load_address>0x2791</load_address>
         <run_address>0x2791</run_address>
         <size>0x2a4</size>
         <input_file_ref idref="fl-3"/>
      </object_component>
      <object_component id="oc-bf">
         <name>.debug_info</name>
         <load_address>0x2a35</load_address>
         <run_address>0x2a35</run_address>
         <size>0xbb</size>
         <input_file_ref idref="fl-3"/>
      </object_component>
      <object_component id="oc-fa">
         <name>.debug_info</name>
         <load_address>0x2af0</load_address>
         <run_address>0x2af0</run_address>
         <size>0x53</size>
         <input_file_ref idref="fl-3"/>
      </object_component>
      <object_component id="oc-29f">
         <name>.debug_info</name>
         <load_address>0x2b43</load_address>
         <run_address>0x2b43</run_address>
         <size>0x2c</size>
         <input_file_ref idref="fl-3"/>
      </object_component>
      <object_component id="oc-17c">
         <name>.debug_info</name>
         <load_address>0x2b6f</load_address>
         <run_address>0x2b6f</run_address>
         <size>0x14c</size>
         <input_file_ref idref="fl-3"/>
      </object_component>
      <object_component id="oc-52">
         <name>.debug_info</name>
         <load_address>0x2cbb</load_address>
         <run_address>0x2cbb</run_address>
         <size>0x34b</size>
         <input_file_ref idref="fl-5"/>
      </object_component>
      <object_component id="oc-13">
         <name>.debug_info</name>
         <load_address>0x3006</load_address>
         <run_address>0x3006</run_address>
         <size>0xe2</size>
         <input_file_ref idref="fl-5"/>
      </object_component>
      <object_component id="oc-28">
         <name>.debug_info</name>
         <load_address>0x30e8</load_address>
         <run_address>0x30e8</run_address>
         <size>0x112</size>
         <input_file_ref idref="fl-5"/>
      </object_component>
      <object_component id="oc-2f">
         <name>.debug_info</name>
         <load_address>0x31fa</load_address>
         <run_address>0x31fa</run_address>
         <size>0x103</size>
         <input_file_ref idref="fl-5"/>
      </object_component>
      <object_component id="oc-34">
         <name>.debug_info</name>
         <load_address>0x32fd</load_address>
         <run_address>0x32fd</run_address>
         <size>0x109</size>
         <input_file_ref idref="fl-5"/>
      </object_component>
      <object_component id="oc-3b">
         <name>.debug_info</name>
         <load_address>0x3406</load_address>
         <run_address>0x3406</run_address>
         <size>0x11b</size>
         <input_file_ref idref="fl-5"/>
      </object_component>
      <object_component id="oc-59">
         <name>.debug_info</name>
         <load_address>0x3521</load_address>
         <run_address>0x3521</run_address>
         <size>0x84</size>
         <input_file_ref idref="fl-5"/>
      </object_component>
      <object_component id="oc-253">
         <name>.debug_info</name>
         <load_address>0x35a5</load_address>
         <run_address>0x35a5</run_address>
         <size>0x300</size>
         <input_file_ref idref="fl-8"/>
      </object_component>
      <object_component id="oc-2ae">
         <name>.debug_info</name>
         <load_address>0x38a5</load_address>
         <run_address>0x38a5</run_address>
         <size>0x1e7</size>
         <input_file_ref idref="fl-8"/>
      </object_component>
      <object_component id="oc-375">
         <name>.debug_info</name>
         <load_address>0x3a8c</load_address>
         <run_address>0x3a8c</run_address>
         <size>0x1ef</size>
         <input_file_ref idref="fl-8"/>
      </object_component>
      <object_component id="oc-11b">
         <name>.debug_info</name>
         <load_address>0x3c7b</load_address>
         <run_address>0x3c7b</run_address>
         <size>0x244</size>
         <input_file_ref idref="fl-8"/>
      </object_component>
      <object_component id="oc-26f">
         <name>.debug_info</name>
         <load_address>0x3ebf</load_address>
         <run_address>0x3ebf</run_address>
         <size>0x270</size>
         <input_file_ref idref="fl-8"/>
      </object_component>
      <object_component id="oc-116">
         <name>.debug_info</name>
         <load_address>0x412f</load_address>
         <run_address>0x412f</run_address>
         <size>0x21b</size>
         <input_file_ref idref="fl-8"/>
      </object_component>
      <object_component id="oc-238">
         <name>.debug_info</name>
         <load_address>0x434a</load_address>
         <run_address>0x434a</run_address>
         <size>0x110</size>
         <input_file_ref idref="fl-8"/>
      </object_component>
      <object_component id="oc-16a">
         <name>.debug_info</name>
         <load_address>0x445a</load_address>
         <run_address>0x445a</run_address>
         <size>0x751</size>
         <input_file_ref idref="fl-9"/>
      </object_component>
      <object_component id="oc-1ad">
         <name>.debug_info</name>
         <load_address>0x4bab</load_address>
         <run_address>0x4bab</run_address>
         <size>0x27e</size>
         <input_file_ref idref="fl-9"/>
      </object_component>
      <object_component id="oc-a9">
         <name>.debug_info</name>
         <load_address>0x4e29</load_address>
         <run_address>0x4e29</run_address>
         <size>0x507</size>
         <input_file_ref idref="fl-9"/>
      </object_component>
      <object_component id="oc-1b3">
         <name>.debug_info</name>
         <load_address>0x5330</load_address>
         <run_address>0x5330</run_address>
         <size>0x597</size>
         <input_file_ref idref="fl-9"/>
      </object_component>
      <object_component id="oc-129">
         <name>.debug_info</name>
         <load_address>0x58c7</load_address>
         <run_address>0x58c7</run_address>
         <size>0x2c8</size>
         <input_file_ref idref="fl-9"/>
      </object_component>
      <object_component id="oc-2b2">
         <name>.debug_info</name>
         <load_address>0x5b8f</load_address>
         <run_address>0x5b8f</run_address>
         <size>0x23a</size>
         <input_file_ref idref="fl-9"/>
      </object_component>
      <object_component id="oc-159">
         <name>.debug_info</name>
         <load_address>0x5dc9</load_address>
         <run_address>0x5dc9</run_address>
         <size>0x2bc</size>
         <input_file_ref idref="fl-9"/>
      </object_component>
      <object_component id="oc-2be">
         <name>.debug_info</name>
         <load_address>0x6085</load_address>
         <run_address>0x6085</run_address>
         <size>0x23d</size>
         <input_file_ref idref="fl-9"/>
      </object_component>
      <object_component id="oc-14d">
         <name>.debug_info</name>
         <load_address>0x62c2</load_address>
         <run_address>0x62c2</run_address>
         <size>0x23b</size>
         <input_file_ref idref="fl-9"/>
      </object_component>
      <object_component id="oc-285">
         <name>.debug_info</name>
         <load_address>0x64fd</load_address>
         <run_address>0x64fd</run_address>
         <size>0x1cd</size>
         <input_file_ref idref="fl-9"/>
      </object_component>
      <object_component id="oc-247">
         <name>.debug_info</name>
         <load_address>0x66ca</load_address>
         <run_address>0x66ca</run_address>
         <size>0x35</size>
         <input_file_ref idref="fl-9"/>
      </object_component>
      <object_component id="oc-f9">
         <name>.debug_info</name>
         <load_address>0x66ff</load_address>
         <run_address>0x66ff</run_address>
         <size>0x739</size>
         <input_file_ref idref="fl-a"/>
      </object_component>
      <object_component id="oc-95">
         <name>.debug_info</name>
         <load_address>0x6e38</load_address>
         <run_address>0x6e38</run_address>
         <size>0x324</size>
         <input_file_ref idref="fl-a"/>
      </object_component>
      <object_component id="oc-109">
         <name>.debug_info</name>
         <load_address>0x715c</load_address>
         <run_address>0x715c</run_address>
         <size>0x120</size>
         <input_file_ref idref="fl-a"/>
      </object_component>
      <object_component id="oc-380">
         <name>.debug_info</name>
         <load_address>0x727c</load_address>
         <run_address>0x727c</run_address>
         <size>0x120</size>
         <input_file_ref idref="fl-a"/>
      </object_component>
      <object_component id="oc-383">
         <name>.debug_info</name>
         <load_address>0x739c</load_address>
         <run_address>0x739c</run_address>
         <size>0x120</size>
         <input_file_ref idref="fl-a"/>
      </object_component>
      <object_component id="oc-11f">
         <name>.debug_info</name>
         <load_address>0x74bc</load_address>
         <run_address>0x74bc</run_address>
         <size>0x162</size>
         <input_file_ref idref="fl-a"/>
      </object_component>
      <object_component id="oc-263">
         <name>.debug_info</name>
         <load_address>0x761e</load_address>
         <run_address>0x761e</run_address>
         <size>0x120</size>
         <input_file_ref idref="fl-a"/>
      </object_component>
      <object_component id="oc-386">
         <name>.debug_info</name>
         <load_address>0x773e</load_address>
         <run_address>0x773e</run_address>
         <size>0x12e</size>
         <input_file_ref idref="fl-a"/>
      </object_component>
      <object_component id="oc-278">
         <name>.debug_info</name>
         <load_address>0x786c</load_address>
         <run_address>0x786c</run_address>
         <size>0x122</size>
         <input_file_ref idref="fl-a"/>
      </object_component>
      <object_component id="oc-1b9">
         <name>.debug_info</name>
         <load_address>0x798e</load_address>
         <run_address>0x798e</run_address>
         <size>0x44a</size>
         <input_file_ref idref="fl-a"/>
      </object_component>
      <object_component id="oc-1bf">
         <name>.debug_info</name>
         <load_address>0x7dd8</load_address>
         <run_address>0x7dd8</run_address>
         <size>0x215</size>
         <input_file_ref idref="fl-a"/>
      </object_component>
      <object_component id="oc-141">
         <name>.debug_info</name>
         <load_address>0x7fed</load_address>
         <run_address>0x7fed</run_address>
         <size>0x1c2</size>
         <input_file_ref idref="fl-a"/>
      </object_component>
      <object_component id="oc-15f">
         <name>.debug_info</name>
         <load_address>0x81af</load_address>
         <run_address>0x81af</run_address>
         <size>0x285</size>
         <input_file_ref idref="fl-a"/>
      </object_component>
      <object_component id="oc-2f1">
         <name>.debug_info</name>
         <load_address>0x8434</load_address>
         <run_address>0x8434</run_address>
         <size>0x1e0</size>
         <input_file_ref idref="fl-a"/>
      </object_component>
      <object_component id="oc-a2">
         <name>.debug_info</name>
         <load_address>0x8614</load_address>
         <run_address>0x8614</run_address>
         <size>0x2f9</size>
         <input_file_ref idref="fl-a"/>
      </object_component>
      <object_component id="oc-9b">
         <name>.debug_info</name>
         <load_address>0x890d</load_address>
         <run_address>0x890d</run_address>
         <size>0x2a4</size>
         <input_file_ref idref="fl-a"/>
      </object_component>
      <object_component id="oc-153">
         <name>.debug_info</name>
         <load_address>0x8bb1</load_address>
         <run_address>0x8bb1</run_address>
         <size>0x2cf</size>
         <input_file_ref idref="fl-a"/>
      </object_component>
      <object_component id="oc-12f">
         <name>.debug_info</name>
         <load_address>0x8e80</load_address>
         <run_address>0x8e80</run_address>
         <size>0x2a5</size>
         <input_file_ref idref="fl-a"/>
      </object_component>
      <object_component id="oc-13b">
         <name>.debug_info</name>
         <load_address>0x9125</load_address>
         <run_address>0x9125</run_address>
         <size>0x203</size>
         <input_file_ref idref="fl-a"/>
      </object_component>
      <object_component id="oc-147">
         <name>.debug_info</name>
         <load_address>0x9328</load_address>
         <run_address>0x9328</run_address>
         <size>0x2e8</size>
         <input_file_ref idref="fl-a"/>
      </object_component>
      <object_component id="oc-27c">
         <name>.debug_info</name>
         <load_address>0x9610</load_address>
         <run_address>0x9610</run_address>
         <size>0x1c4</size>
         <input_file_ref idref="fl-a"/>
      </object_component>
      <object_component id="oc-2ea">
         <name>.debug_info</name>
         <load_address>0x97d4</load_address>
         <run_address>0x97d4</run_address>
         <size>0x21c</size>
         <input_file_ref idref="fl-a"/>
      </object_component>
      <object_component id="oc-2d1">
         <name>.debug_info</name>
         <load_address>0x99f0</load_address>
         <run_address>0x99f0</run_address>
         <size>0x2f7</size>
         <input_file_ref idref="fl-a"/>
      </object_component>
      <object_component id="oc-2dd">
         <name>.debug_info</name>
         <load_address>0x9ce7</load_address>
         <run_address>0x9ce7</run_address>
         <size>0x271</size>
         <input_file_ref idref="fl-a"/>
      </object_component>
      <object_component id="oc-391">
         <name>.debug_info</name>
         <load_address>0x9f58</load_address>
         <run_address>0x9f58</run_address>
         <size>0x2c3</size>
         <input_file_ref idref="fl-a"/>
      </object_component>
      <object_component id="oc-272">
         <name>.debug_info</name>
         <load_address>0xa21b</load_address>
         <run_address>0xa21b</run_address>
         <size>0x242</size>
         <input_file_ref idref="fl-a"/>
      </object_component>
      <object_component id="oc-2cb">
         <name>.debug_info</name>
         <load_address>0xa45d</load_address>
         <run_address>0xa45d</run_address>
         <size>0x2e4</size>
         <input_file_ref idref="fl-a"/>
      </object_component>
      <object_component id="oc-3ed">
         <name>.debug_info</name>
         <load_address>0xa741</load_address>
         <run_address>0xa741</run_address>
         <size>0x202</size>
         <input_file_ref idref="fl-a"/>
      </object_component>
      <object_component id="oc-10d">
         <name>.debug_info</name>
         <load_address>0xa943</load_address>
         <run_address>0xa943</run_address>
         <size>0x1ed</size>
         <input_file_ref idref="fl-a"/>
      </object_component>
      <object_component id="oc-2c4">
         <name>.debug_info</name>
         <load_address>0xab30</load_address>
         <run_address>0xab30</run_address>
         <size>0x24f</size>
         <input_file_ref idref="fl-a"/>
      </object_component>
      <object_component id="oc-25c">
         <name>.debug_info</name>
         <load_address>0xad7f</load_address>
         <run_address>0xad7f</run_address>
         <size>0x271</size>
         <input_file_ref idref="fl-a"/>
      </object_component>
      <object_component id="oc-2b8">
         <name>.debug_info</name>
         <load_address>0xaff0</load_address>
         <run_address>0xaff0</run_address>
         <size>0x1e2</size>
         <input_file_ref idref="fl-a"/>
      </object_component>
      <object_component id="oc-23d">
         <name>.debug_info</name>
         <load_address>0xb1d2</load_address>
         <run_address>0xb1d2</run_address>
         <size>0x169</size>
         <input_file_ref idref="fl-a"/>
      </object_component>
      <object_component id="oc-242">
         <name>.debug_info</name>
         <load_address>0xb33b</load_address>
         <run_address>0xb33b</run_address>
         <size>0x46</size>
         <input_file_ref idref="fl-a"/>
      </object_component>
      <object_component id="oc-101">
         <name>.debug_info</name>
         <load_address>0xb381</load_address>
         <run_address>0xb381</run_address>
         <size>0x395</size>
         <input_file_ref idref="fl-b"/>
      </object_component>
      <object_component id="oc-98">
         <name>.debug_info</name>
         <load_address>0xb716</load_address>
         <run_address>0xb716</run_address>
         <size>0x14e</size>
         <input_file_ref idref="fl-b"/>
      </object_component>
      <object_component id="oc-258">
         <name>.debug_info</name>
         <load_address>0xb864</load_address>
         <run_address>0xb864</run_address>
         <size>0x135</size>
         <input_file_ref idref="fl-b"/>
      </object_component>
      <object_component id="oc-2d8">
         <name>.debug_info</name>
         <load_address>0xb999</load_address>
         <run_address>0xb999</run_address>
         <size>0x2bf</size>
         <input_file_ref idref="fl-b"/>
      </object_component>
      <object_component id="oc-379">
         <name>.debug_info</name>
         <load_address>0xbc58</load_address>
         <run_address>0xbc58</run_address>
         <size>0x1f5</size>
         <input_file_ref idref="fl-b"/>
      </object_component>
      <object_component id="oc-2e6">
         <name>.debug_info</name>
         <load_address>0xbe4d</load_address>
         <run_address>0xbe4d</run_address>
         <size>0x25b</size>
         <input_file_ref idref="fl-b"/>
      </object_component>
      <object_component id="oc-123">
         <name>.debug_info</name>
         <load_address>0xc0a8</load_address>
         <run_address>0xc0a8</run_address>
         <size>0x207</size>
         <input_file_ref idref="fl-b"/>
      </object_component>
      <object_component id="oc-135">
         <name>.debug_info</name>
         <load_address>0xc2af</load_address>
         <run_address>0xc2af</run_address>
         <size>0x205</size>
         <input_file_ref idref="fl-b"/>
      </object_component>
      <object_component id="oc-46">
         <name>.debug_info</name>
         <load_address>0xc4b4</load_address>
         <run_address>0xc4b4</run_address>
         <size>0x222</size>
         <input_file_ref idref="fl-b"/>
      </object_component>
      <object_component id="oc-38b">
         <name>.debug_info</name>
         <load_address>0xc6d6</load_address>
         <run_address>0xc6d6</run_address>
         <size>0x213</size>
         <input_file_ref idref="fl-b"/>
      </object_component>
      <object_component id="oc-40">
         <name>.debug_info</name>
         <load_address>0xc8e9</load_address>
         <run_address>0xc8e9</run_address>
         <size>0x283</size>
         <input_file_ref idref="fl-c"/>
      </object_component>
      <object_component id="oc-364">
         <name>.debug_info</name>
         <load_address>0xcb6c</load_address>
         <run_address>0xcb6c</run_address>
         <size>0x3a4</size>
         <input_file_ref idref="fl-d"/>
      </object_component>
      <object_component id="oc-3d2">
         <name>.debug_info</name>
         <load_address>0xcf10</load_address>
         <run_address>0xcf10</run_address>
         <size>0x11c</size>
         <input_file_ref idref="fl-d"/>
      </object_component>
      <object_component id="oc-35e">
         <name>.debug_info</name>
         <load_address>0xd02c</load_address>
         <run_address>0xd02c</run_address>
         <size>0x11c</size>
         <input_file_ref idref="fl-d"/>
      </object_component>
      <object_component id="oc-361">
         <name>.debug_info</name>
         <load_address>0xd148</load_address>
         <run_address>0xd148</run_address>
         <size>0x118</size>
         <input_file_ref idref="fl-d"/>
      </object_component>
      <object_component id="oc-35b">
         <name>.debug_info</name>
         <load_address>0xd260</load_address>
         <run_address>0xd260</run_address>
         <size>0x136</size>
         <input_file_ref idref="fl-d"/>
      </object_component>
      <object_component id="oc-2a6">
         <name>.debug_info</name>
         <load_address>0xd396</load_address>
         <run_address>0xd396</run_address>
         <size>0x3ae</size>
         <input_file_ref idref="fl-d"/>
      </object_component>
      <object_component id="oc-36d">
         <name>.debug_info</name>
         <load_address>0xd744</load_address>
         <run_address>0xd744</run_address>
         <size>0x2bc</size>
         <input_file_ref idref="fl-d"/>
      </object_component>
      <object_component id="oc-358">
         <name>.debug_info</name>
         <load_address>0xda00</load_address>
         <run_address>0xda00</run_address>
         <size>0x23f</size>
         <input_file_ref idref="fl-d"/>
      </object_component>
      <object_component id="oc-3d9">
         <name>.debug_info</name>
         <load_address>0xdc3f</load_address>
         <run_address>0xdc3f</run_address>
         <size>0x62</size>
         <input_file_ref idref="fl-d"/>
      </object_component>
      <object_component id="oc-29e">
         <name>.debug_info</name>
         <load_address>0xdca1</load_address>
         <run_address>0xdca1</run_address>
         <size>0x2bf</size>
         <input_file_ref idref="fl-e"/>
      </object_component>
      <object_component id="oc-33d">
         <name>.debug_info</name>
         <load_address>0xdf60</load_address>
         <run_address>0xdf60</run_address>
         <size>0x100</size>
         <input_file_ref idref="fl-e"/>
      </object_component>
      <object_component id="oc-34f">
         <name>.debug_info</name>
         <load_address>0xe060</load_address>
         <run_address>0xe060</run_address>
         <size>0xfa</size>
         <input_file_ref idref="fl-e"/>
      </object_component>
      <object_component id="oc-340">
         <name>.debug_info</name>
         <load_address>0xe15a</load_address>
         <run_address>0xe15a</run_address>
         <size>0x108</size>
         <input_file_ref idref="fl-e"/>
      </object_component>
      <object_component id="oc-337">
         <name>.debug_info</name>
         <load_address>0xe262</load_address>
         <run_address>0xe262</run_address>
         <size>0x10c</size>
         <input_file_ref idref="fl-e"/>
      </object_component>
      <object_component id="oc-292">
         <name>.debug_info</name>
         <load_address>0xe36e</load_address>
         <run_address>0xe36e</run_address>
         <size>0x25d</size>
         <input_file_ref idref="fl-e"/>
      </object_component>
      <object_component id="oc-344">
         <name>.debug_info</name>
         <load_address>0xe5cb</load_address>
         <run_address>0xe5cb</run_address>
         <size>0x1fa</size>
         <input_file_ref idref="fl-e"/>
      </object_component>
      <object_component id="oc-33a">
         <name>.debug_info</name>
         <load_address>0xe7c5</load_address>
         <run_address>0xe7c5</run_address>
         <size>0x259</size>
         <input_file_ref idref="fl-e"/>
      </object_component>
      <object_component id="oc-298">
         <name>.debug_info</name>
         <load_address>0xea1e</load_address>
         <run_address>0xea1e</run_address>
         <size>0x35a</size>
         <input_file_ref idref="fl-e"/>
      </object_component>
      <object_component id="oc-1a7">
         <name>.debug_info</name>
         <load_address>0xed78</load_address>
         <run_address>0xed78</run_address>
         <size>0x1c5</size>
         <input_file_ref idref="fl-e"/>
      </object_component>
      <object_component id="oc-60">
         <name>.debug_info</name>
         <load_address>0xef3d</load_address>
         <run_address>0xef3d</run_address>
         <size>0x119</size>
         <input_file_ref idref="fl-cb"/>
      </object_component>
      <object_component id="oc-da">
         <name>.debug_info</name>
         <load_address>0xf056</load_address>
         <run_address>0xf056</run_address>
         <size>0x147</size>
         <input_file_ref idref="fl-cc"/>
      </object_component>
      <object_component id="oc-34a">
         <name>.debug_info</name>
         <load_address>0xf19d</load_address>
         <run_address>0xf19d</run_address>
         <size>0x142</size>
         <input_file_ref idref="fl-cd"/>
      </object_component>
      <object_component id="oc-d8">
         <name>.debug_info</name>
         <load_address>0xf2df</load_address>
         <run_address>0xf2df</run_address>
         <size>0x2d4</size>
         <input_file_ref idref="fl-ce"/>
      </object_component>
      <object_component id="oc-74">
         <name>.debug_info</name>
         <load_address>0xf5b3</load_address>
         <run_address>0xf5b3</run_address>
         <size>0x1b5</size>
         <input_file_ref idref="fl-ce"/>
      </object_component>
      <object_component id="oc-d3">
         <name>.debug_info</name>
         <load_address>0xf768</load_address>
         <run_address>0xf768</run_address>
         <size>0x46</size>
         <input_file_ref idref="fl-ce"/>
      </object_component>
      <object_component id="oc-197">
         <name>.debug_info</name>
         <load_address>0xf7ae</load_address>
         <run_address>0xf7ae</run_address>
         <size>0x2c</size>
         <input_file_ref idref="fl-ce"/>
      </object_component>
      <object_component id="oc-69">
         <name>.debug_info</name>
         <load_address>0xf7da</load_address>
         <run_address>0xf7da</run_address>
         <size>0x2a8</size>
         <input_file_ref idref="fl-cf"/>
      </object_component>
      <object_component id="oc-1c">
         <name>.debug_info</name>
         <load_address>0xfa82</load_address>
         <run_address>0xfa82</run_address>
         <size>0x1ea</size>
         <input_file_ref idref="fl-cf"/>
      </object_component>
      <object_component id="oc-64">
         <name>.debug_info</name>
         <load_address>0xfc6c</load_address>
         <run_address>0xfc6c</run_address>
         <size>0x46</size>
         <input_file_ref idref="fl-cf"/>
      </object_component>
      <object_component id="oc-cb">
         <name>.debug_info</name>
         <load_address>0xfcb2</load_address>
         <run_address>0xfcb2</run_address>
         <size>0x2c</size>
         <input_file_ref idref="fl-cf"/>
      </object_component>
      <object_component id="oc-c9">
         <name>.debug_info</name>
         <load_address>0xfcde</load_address>
         <run_address>0xfcde</run_address>
         <size>0x29e</size>
         <input_file_ref idref="fl-d0"/>
      </object_component>
      <object_component id="oc-17">
         <name>.debug_info</name>
         <load_address>0xff7c</load_address>
         <run_address>0xff7c</run_address>
         <size>0x250</size>
         <input_file_ref idref="fl-d0"/>
      </object_component>
      <object_component id="oc-54">
         <name>.debug_info</name>
         <load_address>0x101cc</load_address>
         <run_address>0x101cc</run_address>
         <size>0x60</size>
         <input_file_ref idref="fl-d0"/>
      </object_component>
      <object_component id="oc-190">
         <name>.debug_info</name>
         <load_address>0x1022c</load_address>
         <run_address>0x1022c</run_address>
         <size>0x46</size>
         <input_file_ref idref="fl-d0"/>
      </object_component>
      <object_component id="oc-c4">
         <name>.debug_info</name>
         <load_address>0x10272</load_address>
         <run_address>0x10272</run_address>
         <size>0x39</size>
         <input_file_ref idref="fl-d0"/>
      </object_component>
      <object_component id="oc-25">
         <name>.debug_info</name>
         <load_address>0x102ab</load_address>
         <run_address>0x102ab</run_address>
         <size>0x10b</size>
         <input_file_ref idref="fl-d1"/>
      </object_component>
      <object_component id="oc-7d">
         <name>.debug_info</name>
         <load_address>0x103b6</load_address>
         <run_address>0x103b6</run_address>
         <size>0x1a9</size>
         <input_file_ref idref="fl-d1"/>
      </object_component>
      <object_component id="oc-3c9">
         <name>.debug_info</name>
         <load_address>0x1055f</load_address>
         <run_address>0x1055f</run_address>
         <size>0x115</size>
         <input_file_ref idref="fl-d2"/>
      </object_component>
      <object_component id="oc-30e">
         <name>.debug_info</name>
         <load_address>0x10674</load_address>
         <run_address>0x10674</run_address>
         <size>0x4b3</size>
         <input_file_ref idref="fl-d3"/>
      </object_component>
      <object_component id="oc-208">
         <name>.debug_info</name>
         <load_address>0x10b27</load_address>
         <run_address>0x10b27</run_address>
         <size>0x1a6</size>
         <input_file_ref idref="fl-d3"/>
      </object_component>
      <object_component id="oc-3ac">
         <name>.debug_info</name>
         <load_address>0x10ccd</load_address>
         <run_address>0x10ccd</run_address>
         <size>0x39</size>
         <input_file_ref idref="fl-d3"/>
      </object_component>
      <object_component id="oc-3f6">
         <name>.debug_info</name>
         <load_address>0x10d06</load_address>
         <run_address>0x10d06</run_address>
         <size>0x39</size>
         <input_file_ref idref="fl-d3"/>
      </object_component>
      <object_component id="oc-3b1">
         <name>.debug_info</name>
         <load_address>0x10d3f</load_address>
         <run_address>0x10d3f</run_address>
         <size>0x39</size>
         <input_file_ref idref="fl-d3"/>
      </object_component>
      <object_component id="oc-3b6">
         <name>.debug_info</name>
         <load_address>0x10d78</load_address>
         <run_address>0x10d78</run_address>
         <size>0xcd</size>
         <input_file_ref idref="fl-d3"/>
      </object_component>
      <object_component id="oc-e1">
         <name>.debug_info</name>
         <load_address>0x10e45</load_address>
         <run_address>0x10e45</run_address>
         <size>0x153</size>
         <input_file_ref idref="fl-d4"/>
      </object_component>
      <object_component id="oc-1f9">
         <name>.debug_info</name>
         <load_address>0x10f98</load_address>
         <run_address>0x10f98</run_address>
         <size>0x122</size>
         <input_file_ref idref="fl-d6"/>
      </object_component>
      <object_component id="oc-330">
         <name>.debug_info</name>
         <load_address>0x110ba</load_address>
         <run_address>0x110ba</run_address>
         <size>0x18b</size>
         <input_file_ref idref="fl-d9"/>
      </object_component>
      <object_component id="oc-335">
         <name>.debug_info</name>
         <load_address>0x11245</load_address>
         <run_address>0x11245</run_address>
         <size>0x227</size>
         <input_file_ref idref="fl-da"/>
      </object_component>
      <object_component id="oc-28b">
         <name>.debug_info</name>
         <load_address>0x1146c</load_address>
         <run_address>0x1146c</run_address>
         <size>0x291</size>
         <input_file_ref idref="fl-da"/>
      </object_component>
      <object_component id="oc-435">
         <name>.debug_info</name>
         <load_address>0x116fd</load_address>
         <run_address>0x116fd</run_address>
         <size>0xa2</size>
      </object_component>
      <object_component id="oc-17b">
         <name>.debug_line</name>
         <load_address>0x0</load_address>
         <run_address>0x0</run_address>
         <size>0x141</size>
         <input_file_ref idref="fl-3"/>
      </object_component>
      <object_component id="oc-172">
         <name>.debug_line</name>
         <load_address>0x141</load_address>
         <run_address>0x141</run_address>
         <size>0x33</size>
         <input_file_ref idref="fl-3"/>
      </object_component>
      <object_component id="oc-39b">
         <name>.debug_line</name>
         <load_address>0x174</load_address>
         <run_address>0x174</run_address>
         <size>0x33</size>
         <input_file_ref idref="fl-3"/>
      </object_component>
      <object_component id="oc-399">
         <name>.debug_line</name>
         <load_address>0x1a7</load_address>
         <run_address>0x1a7</run_address>
         <size>0x33</size>
         <input_file_ref idref="fl-3"/>
      </object_component>
      <object_component id="oc-103">
         <name>.debug_line</name>
         <load_address>0x1da</load_address>
         <run_address>0x1da</run_address>
         <size>0x47</size>
         <input_file_ref idref="fl-3"/>
      </object_component>
      <object_component id="oc-4e">
         <name>.debug_line</name>
         <load_address>0x221</load_address>
         <run_address>0x221</run_address>
         <size>0x50</size>
         <input_file_ref idref="fl-3"/>
      </object_component>
      <object_component id="oc-1a1">
         <name>.debug_line</name>
         <load_address>0x271</load_address>
         <run_address>0x271</run_address>
         <size>0x51</size>
         <input_file_ref idref="fl-3"/>
      </object_component>
      <object_component id="oc-179">
         <name>.debug_line</name>
         <load_address>0x2c2</load_address>
         <run_address>0x2c2</run_address>
         <size>0xa5</size>
         <input_file_ref idref="fl-3"/>
      </object_component>
      <object_component id="oc-1d2">
         <name>.debug_line</name>
         <load_address>0x367</load_address>
         <run_address>0x367</run_address>
         <size>0x5c</size>
         <input_file_ref idref="fl-3"/>
      </object_component>
      <object_component id="oc-1d7">
         <name>.debug_line</name>
         <load_address>0x3c3</load_address>
         <run_address>0x3c3</run_address>
         <size>0x5c</size>
         <input_file_ref idref="fl-3"/>
      </object_component>
      <object_component id="oc-1dd">
         <name>.debug_line</name>
         <load_address>0x41f</load_address>
         <run_address>0x41f</run_address>
         <size>0x5c</size>
         <input_file_ref idref="fl-3"/>
      </object_component>
      <object_component id="oc-1e0">
         <name>.debug_line</name>
         <load_address>0x47b</load_address>
         <run_address>0x47b</run_address>
         <size>0x5c</size>
         <input_file_ref idref="fl-3"/>
      </object_component>
      <object_component id="oc-1e6">
         <name>.debug_line</name>
         <load_address>0x4d7</load_address>
         <run_address>0x4d7</run_address>
         <size>0x5c</size>
         <input_file_ref idref="fl-3"/>
      </object_component>
      <object_component id="oc-1ec">
         <name>.debug_line</name>
         <load_address>0x533</load_address>
         <run_address>0x533</run_address>
         <size>0x5c</size>
         <input_file_ref idref="fl-3"/>
      </object_component>
      <object_component id="oc-1f2">
         <name>.debug_line</name>
         <load_address>0x58f</load_address>
         <run_address>0x58f</run_address>
         <size>0x5c</size>
         <input_file_ref idref="fl-3"/>
      </object_component>
      <object_component id="oc-e9">
         <name>.debug_line</name>
         <load_address>0x5eb</load_address>
         <run_address>0x5eb</run_address>
         <size>0x6c</size>
         <input_file_ref idref="fl-3"/>
      </object_component>
      <object_component id="oc-16f">
         <name>.debug_line</name>
         <load_address>0x657</load_address>
         <run_address>0x657</run_address>
         <size>0x70</size>
         <input_file_ref idref="fl-3"/>
      </object_component>
      <object_component id="oc-bd">
         <name>.debug_line</name>
         <load_address>0x6c7</load_address>
         <run_address>0x6c7</run_address>
         <size>0x6f</size>
         <input_file_ref idref="fl-3"/>
      </object_component>
      <object_component id="oc-176">
         <name>.debug_line</name>
         <load_address>0x736</load_address>
         <run_address>0x736</run_address>
         <size>0x20</size>
         <input_file_ref idref="fl-3"/>
      </object_component>
      <object_component id="oc-168">
         <name>.debug_line</name>
         <load_address>0x756</load_address>
         <run_address>0x756</run_address>
         <size>0x71</size>
         <input_file_ref idref="fl-3"/>
      </object_component>
      <object_component id="oc-184">
         <name>.debug_line</name>
         <load_address>0x7c7</load_address>
[...]
               <logical_group_ref idref="lg-6"/>
            </allocated_space>
            <available_space>
               <start_address>0x29e0</start_address>
               <size>0x3d620</size>
            </available_space>
         </usage_details>
      </memory_area>
      <memory_area display="yes" color="green">
         <name>SRAM</name>
         <page_id>0x0</page_id>
         <origin>0x20000000</origin>
         <length>0x8000</length>
         <used_space>0x79b8</used_space>
         <unused_space>0x648</unused_space>
         <attributes>RWX</attributes>
         <usage_details>
            <allocated_space>
               <start_address>0x20000000</start_address>
               <size>0x0</size>
               <logical_group_ref idref="lg-408"/>
            </allocated_space>
            <allocated_space>
               <start_address>0x20000000</start_address>
               <size>0x770c</size>
               <logical_group_ref idref="lg-b"/>
            </allocated_space>
            <available_space>
               <start_address>0x2000770c</start_address>
               <size>0x4</size>
            </available_space>
            <allocated_space>
               <start_address>0x20007710</start_address>
               <size>0x200</size>
               <logical_group_ref idref="lg-d"/>
            </allocated_space>
            <allocated_space>
               <start_address>0x20007910</start_address>
               <size>0xac</size>
               <logical_group_ref idref="lg-a"/>
            </allocated_space>
            <available_space>
               <start_address>0x200079bc</start_address>
               <size>0x644</size>
            </available_space>
         </usage_details>
      </memory_area>
   </placement_map>
   <cptbl_list>
      <cptbl>
         <name>__TI_cinit_table</name>
         <cprec>
            <name>.data</name>
            <load_address>0x2980</load_address>
            <load_size>0x3a</load_size>
            <run_address>0x20007910</run_address>
            <run_size>0xac</run_size>
            <compression>lzss</compression>
         </cprec>
         <cprec>
            <name>.bss</name>
            <load_address>0x29c8</load_address>
            <load_size>0x8</load_size>
            <run_address>0x20000000</run_address>
            <run_size>0x770c</run_size>
            <compression>zero_init</compression>
         </cprec>
      </cptbl>
   </cptbl_list>
   <handler_table>
      <handler_table_name>__TI_handler_table</handler_table_name>
      <handler>
         <index>0x0</index>
         <name>__TI_decompress_lzss</name>
      </handler>
      <handler>
         <index>0x1</index>
         <name>__TI_decompress_none</name>
      </handler>
      <handler>
         <index>0x2</index>
         <name>__TI_zero_init</name>
      </handler>
   </handler_table>
   <symbol_table>
      <symbol id="sm-1">
         <name>__STACK_TOP</name>
         <value>0x20007910</value>
      </symbol>
      <symbol id="sm-2">
         <name>__start___llvm_prf_cnts</name>
         <value>0x20000000</value>
      </symbol>
      <symbol id="sm-3">
         <name>__stop___llvm_prf_cnts</name>
         <value>0x20000000</value>
      </symbol>
      <symbol id="sm-4">
         <name>__TI_CINIT_Base</name>
         <value>0x29d0</value>
      </symbol>
      <symbol id="sm-5">
         <name>__TI_CINIT_Limit</name>
         <value>0x29e0</value>
      </symbol>
      <symbol id="sm-6">
         <name>__TI_Handler_Table_Base</name>
         <value>0x29bc</value>
      </symbol>
      <symbol id="sm-7">
         <name>__TI_Handler_Table_Limit</name>
         <value>0x29c8</value>
      </symbol>
      <symbol id="sm-8">
         <name>binit</name>
         <value>0xffffffff</value>
      </symbol>
      <symbol id="sm-9">
         <name>__binit__</name>
         <value>0xffffffff</value>
      </symbol>
      <symbol id="sm-a">
         <name>__STACK_SIZE</name>
         <value>0x200</value>
      </symbol>
      <symbol id="sm-b">
         <name>__STACK_END</name>
         <value>0x20007910</value>
      </symbol>
      <symbol id="sm-c">
         <name>__c_args__</name>
         <value>0xffffffff</value>
      </symbol>
      <symbol id="sm-d">
         <name>__TI_pprof_out_hndl</name>
         <value>0xffffffff</value>
      </symbol>
      <symbol id="sm-e">
         <name>__TI_prof_data_start</name>
         <value>0xffffffff</value>
      </symbol>
      <symbol id="sm-f">
         <name>__TI_prof_data_size</name>
         <value>0xffffffff</value>
      </symbol>
      <symbol id="sm-1bb">
         <name>semSched</name>
         <value>0x20007708</value>
      </symbol>
      <symbol id="sm-1bc">
         <name>semS1</name>
         <value>0x200076ec</value>
      </symbol>
      <symbol id="sm-1bd">
         <name>semS2</name>
         <value>0x200076f0</value>
      </symbol>
      <symbol id="sm-1be">
         <name>semS3</name>
         <value>0x200076f4</value>
      </symbol>
      <symbol id="sm-1bf">
         <name>semS4</name>
         <value>0x200076f8</value>
      </symbol>
      <symbol id="sm-1c0">
         <name>semS5</name>
         <value>0x200076fc</value>
      </symbol>
      <symbol id="sm-1c1">
         <name>semS6</name>
         <value>0x20007700</value>
      </symbol>
      <symbol id="sm-1c2">
         <name>semS7</name>
         <value>0x20007704</value>
      </symbol>
      <symbol id="sm-1c3">
         <name>vApplicationStackOverflowHook</name>
         <value>0x292f</value>
         <object_component_ref idref="oc-102"/>
      </symbol>
      <symbol id="sm-1c4">
         <name>wcet</name>
         <value>0x2000798c</value>
         <object_component_ref idref="oc-2f9"/>
      </symbol>
      <symbol id="sm-1c5">
         <name>T</name>
         <value>0x2000796c</value>
         <object_component_ref idref="oc-2f6"/>
      </symbol>
      <symbol id="sm-1c6">
         <name>main</name>
         <value>0x26d</value>
         <object_component_ref idref="oc-e5"/>
      </symbol>
      <symbol id="sm-1c7">
         <name>ConfigureUART</name>
         <value>0x1f79</value>
         <object_component_ref idref="oc-1a0"/>
      </symbol>
      <symbol id="sm-1c8">
         <name>fib</name>
         <value>0x20007950</value>
         <object_component_ref idref="oc-ae"/>
      </symbol>
      <symbol id="sm-1c9">
         <name>seqIterations</name>
         <value>0x2000794c</value>
         <object_component_ref idref="oc-ae"/>
      </symbol>
      <symbol id="sm-1ca">
         <name>jdx</name>
         <value>0x20007948</value>
         <object_component_ref idref="oc-ae"/>
      </symbol>
      <symbol id="sm-1cb">
         <name>fibCnt</name>
         <value>0x20007940</value>
         <object_component_ref idref="oc-ae"/>
      </symbol>
      <symbol id="sm-1cc">
         <name>fib1</name>
         <value>0x20007958</value>
         <object_component_ref idref="oc-ae"/>
      </symbol>
      <symbol id="sm-1cd">
         <name>fib0</name>
         <value>0x20007954</value>
         <object_component_ref idref="oc-ae"/>
      </symbol>
      <symbol id="sm-1ce">
         <name>abortS1</name>
         <value>0x2000795c</value>
         <object_component_ref idref="oc-ae"/>
      </symbol>
      <symbol id="sm-1cf">
         <name>abortS3</name>
         <value>0x2000795e</value>
         <object_component_ref idref="oc-ae"/>
      </symbol>
      <symbol id="sm-1d0">
         <name>abortS2</name>
         <value>0x2000795d</value>
         <object_component_ref idref="oc-ae"/>
      </symbol>
      <symbol id="sm-1d1">
         <name>abortS5</name>
         <value>0x20007960</value>
         <object_component_ref idref="oc-ae"/>
      </symbol>
      <symbol id="sm-1d2">
         <name>abortS4</name>
         <value>0x2000795f</value>
         <object_component_ref idref="oc-ae"/>
      </symbol>
      <symbol id="sm-1d3">
         <name>abortS7</name>
         <value>0x20007962</value>
         <object_component_ref idref="oc-ae"/>
      </symbol>
      <symbol id="sm-1d4">
         <name>abortS6</name>
         <value>0x20007961</value>
         <object_component_ref idref="oc-ae"/>
      </symbol>
      <symbol id="sm-1d5">
         <name>Timer0IntHandler</name>
         <value>0x25dd</value>
         <object_component_ref idref="oc-4a"/>
      </symbol>
      <symbol id="sm-1d6">
         <name>idx</name>
         <value>0x20007944</value>
         <object_component_ref idref="oc-ae"/>
      </symbol>
      <symbol id="sm-20d">
         <name>ResetISR</name>
         <value>0x2939</value>
         <object_component_ref idref="oc-27"/>
      </symbol>
      <symbol id="sm-20e">
         <name>g_pfnVectors</name>
         <value>0x0</value>
         <object_component_ref idref="oc-12"/>
      </symbol>
      <symbol id="sm-247">
         <name>uxListRemove</name>
         <value>0x250d</value>
         <object_component_ref idref="oc-112"/>
      </symbol>
      <symbol id="sm-248">
         <name>vListInsert</name>
         <value>0x22e5</value>
         <object_component_ref idref="oc-26b"/>
      </symbol>
      <symbol id="sm-249">
         <name>vListInitialiseItem</name>
         <value>0x28dd</value>
         <object_component_ref idref="oc-371"/>
      </symbol>
      <symbol id="sm-24a">
         <name>vListInsertEnd</name>
         <value>0x26d5</value>
         <object_component_ref idref="oc-118"/>
      </symbol>
      <symbol id="sm-24b">
         <name>vListInitialise</name>
         <value>0x2745</value>
         <object_component_ref idref="oc-2aa"/>
      </symbol>
      <symbol id="sm-2d5">
         <name>xQueueCreateMutex</name>
         <value>0x1f01</value>
         <object_component_ref idref="oc-1ac"/>
      </symbol>
      <symbol id="sm-2d6">
         <name>xQueueGenericSend</name>
         <value>0xedd</value>
         <object_component_ref idref="oc-a8"/>
      </symbol>
      <symbol id="sm-2d7">
         <name>xQueueGenericReceive</name>
         <value>0xb0d</value>
         <object_component_ref idref="oc-1b2"/>
      </symbol>
      <symbol id="sm-496">
         <name>vTaskSuspendAll</name>
         <value>0x28ed</value>
         <object_component_ref idref="oc-140"/>
      </symbol>
      <symbol id="sm-497">
         <name>vTaskPriorityInherit</name>
         <value>0x18dd</value>
         <object_component_ref idref="oc-2c3"/>
      </symbol>
      <symbol id="sm-498">
         <name>vTaskPlaceOnEventList</name>
         <value>0x227d</value>
         <object_component_ref idref="oc-152"/>
      </symbol>
      <symbol id="sm-499">
         <name>xTaskCheckForTimeOut</name>
         <value>0x1d81</value>
         <object_component_ref idref="oc-146"/>
      </symbol>
      <symbol id="sm-49a">
         <name>xTaskPriorityDisinherit</name>
         <value>0x1b19</value>
         <object_component_ref idref="oc-25b"/>
      </symbol>
      <symbol id="sm-49b">
         <name>vTaskStartScheduler</name>
         <value>0x20d5</value>
         <object_component_ref idref="oc-1be"/>
      </symbol>
      <symbol id="sm-49c">
         <name>pvTaskIncrementMutexHeldCount</name>
         <value>0x2855</value>
         <object_component_ref idref="oc-2b7"/>
      </symbol>
      <symbol id="sm-49d">
         <name>vTaskMissedYield</name>
         <value>0x2919</value>
         <object_component_ref idref="oc-27b"/>
      </symbol>
      <symbol id="sm-49e">
         <name>xTaskResumeAll</name>
         <value>0x110d</value>
         <object_component_ref idref="oc-15e"/>
      </symbol>
      <symbol id="sm-49f">
         <name>xTaskGetTickCount</name>
         <value>0x28b9</value>
         <object_component_ref idref="oc-2f0"/>
      </symbol>
      <symbol id="sm-4a0">
         <name>xTaskGenericCreate</name>
         <value>0xc75</value>
         <object_component_ref idref="oc-1b8"/>
      </symbol>
      <symbol id="sm-4a1">
         <name>pxCurrentTCB</name>
         <value>0x20007910</value>
         <object_component_ref idref="oc-94"/>
      </symbol>
      <symbol id="sm-4a2">
         <name>vTaskSetTimeOutState</name>
         <value>0x2811</value>
         <object_component_ref idref="oc-13a"/>
      </symbol>
      <symbol id="sm-4a3">
         <name>xTaskIncrementTick</name>
         <value>0xda9</value>
         <object_component_ref idref="oc-a1"/>
      </symbol>
      <symbol id="sm-4a4">
         <name>vTaskSwitchContext</name>
         <value>0x1a61</value>
         <object_component_ref idref="oc-9a"/>
      </symbol>
      <symbol id="sm-4a5">
         <name>xTaskRemoveFromEventList</name>
         <value>0x1cf1</value>
         <object_component_ref idref="oc-12e"/>
      </symbol>
      <symbol id="sm-503">
         <name>ulMaxSyscallInterruptPriority</name>
         <value>0x2978</value>
         <object_component_ref idref="oc-97"/>
      </symbol>
      <symbol id="sm-504">
         <name>vPortSetupTimerInterrupt</name>
         <value>0x288d</value>
         <object_component_ref idref="oc-389"/>
      </symbol>
      <symbol id="sm-505">
         <name>xPortSysTickHandler</name>
         <value>0x2775</value>
         <object_component_ref idref="oc-44"/>
      </symbol>
      <symbol id="sm-506">
         <name>pxPortInitialiseStack</name>
         <value>0x2461</value>
         <object_component_ref idref="oc-2d6"/>
      </symbol>
      <symbol id="sm-507">
         <name>vPortExitCritical</name>
         <value>0x2871</value>
         <object_component_ref idref="oc-134"/>
      </symbol>
      <symbol id="sm-508">
         <name>xPortStartScheduler</name>
         <value>0x2599</value>
         <object_component_ref idref="oc-2e3"/>
      </symbol>
      <symbol id="sm-509">
         <name>vPortEnterCritical</name>
         <value>0x27ed</value>
         <object_component_ref idref="oc-122"/>
      </symbol>
      <symbol id="sm-518">
         <name>vPortStartFirstTask</name>
         <value>0x18b1</value>
         <object_component_ref idref="oc-3f"/>
      </symbol>
      <symbol id="sm-519">
         <name>ulPortGetIPSR</name>
         <value>0x1819</value>
         <object_component_ref idref="oc-3f"/>
      </symbol>
      <symbol id="sm-51a">
         <name>vPortEnableVFP</name>
         <value>0x18cd</value>
         <object_component_ref idref="oc-3f"/>
      </symbol>
      <symbol id="sm-51b">
         <name>xPortPendSVHandler</name>
         <value>0x1831</value>
         <object_component_ref idref="oc-3f"/>
      </symbol>
      <symbol id="sm-51c">
         <name>vPortSVCHandler</name>
         <value>0x1891</value>
         <object_component_ref idref="oc-3f"/>
      </symbol>
      <symbol id="sm-575">
         <name>pvPortMalloc</name>
         <value>0x1005</value>
         <object_component_ref idref="oc-2a4"/>
      </symbol>
      <symbol id="sm-576">
         <name>vPortFree</name>
         <value>0x2215</value>
         <object_component_ref idref="oc-36a"/>
      </symbol>
      <symbol id="sm-5f8">
         <name>UARTStdioConfig</name>
         <value>0x1fed</value>
         <object_component_ref idref="oc-290"/>
      </symbol>
      <symbol id="sm-5f9">
         <name>UARTwrite</name>
         <value>0x23a9</value>
         <object_component_ref idref="oc-343"/>
      </symbol>
      <symbol id="sm-5fa">
         <name>UARTprintf</name>
         <value>0x27c7</value>
         <object_component_ref idref="oc-1a6"/>
      </symbol>
      <symbol id="sm-5fb">
         <name>UARTvprintf</name>
         <value>0x585</value>
         <object_component_ref idref="oc-297"/>
      </symbol>
      <symbol id="sm-618">
         <name>memcpy</name>
         <value>0x1bbd</value>
         <object_component_ref idref="oc-5e"/>
      </symbol>
      <symbol id="sm-619">
         <name>__aeabi_memcpy</name>
         <value>0x1bbd</value>
         <object_component_ref idref="oc-5e"/>
      </symbol>
      <symbol id="sm-61a">
         <name>__aeabi_memcpy8</name>
         <value>0x1bbd</value>
         <object_component_ref idref="oc-5e"/>
      </symbol>
      <symbol id="sm-61b">
         <name>__aeabi_memcpy4</name>
         <value>0x1bbd</value>
         <object_component_ref idref="oc-5e"/>
      </symbol>
      <symbol id="sm-62a">
         <name>__aeabi_memset</name>
         <value>0x1e89</value>
         <object_component_ref idref="oc-d9"/>
      </symbol>
      <symbol id="sm-62b">
         <name>memset</name>
         <value>0x1e8f</value>
         <object_component_ref idref="oc-d9"/>
      </symbol>
      <symbol id="sm-62c">
         <name>__aeabi_memset8</name>
         <value>0x1e89</value>
         <object_component_ref idref="oc-d9"/>
      </symbol>
      <symbol id="sm-62d">
         <name>__aeabi_memset4</name>
         <value>0x1e89</value>
         <object_component_ref idref="oc-d9"/>
      </symbol>
      <symbol id="sm-62e">
         <name>__aeabi_memclr8</name>
         <value>0x1e87</value>
         <object_component_ref idref="oc-d9"/>
      </symbol>
      <symbol id="sm-62f">
         <name>__aeabi_memclr4</name>
         <value>0x1e87</value>
         <object_component_ref idref="oc-d9"/>
      </symbol>
      <symbol id="sm-630">
         <name>__aeabi_memclr</name>
         <value>0x1e87</value>
         <object_component_ref idref="oc-d9"/>
      </symbol>
      <symbol id="sm-63f">
         <name>__aeabi_uidivmod</name>
         <value>0x261d</value>
         <object_component_ref idref="oc-349"/>
      </symbol>
      <symbol id="sm-640">
         <name>__aeabi_uidiv</name>
         <value>0x261d</value>
         <object_component_ref idref="oc-349"/>
      </symbol>
      <symbol id="sm-657">
         <name>__TI_zero_init</name>
         <value>0x290b</value>
         <object_component_ref idref="oc-70"/>
      </symbol>
      <symbol id="sm-66e">
         <name>__TI_decompress_none</name>
         <value>0x28fd</value>
         <object_component_ref idref="oc-1b"/>
      </symbol>
      <symbol id="sm-691">
         <name>__TI_decompress_lzss</name>
         <value>0x2145</value>
         <object_component_ref idref="oc-15"/>
      </symbol>
      <symbol id="sm-6a4">
         <name>__stack</name>
         <value>0x20007710</value>
         <object_component_ref idref="oc-24"/>
      </symbol>
      <symbol id="sm-6a5">
         <name>_c_int00_noargs</name>
         <value>0x2711</value>
         <object_component_ref idref="oc-7c"/>
      </symbol>
      <symbol id="sm-6af">
         <name>__aeabi_idiv0</name>
         <value>0x27eb</value>
         <object_component_ref idref="oc-3c8"/>
      </symbol>
      <symbol id="sm-6b0">
         <name>__aeabi_ldiv0</name>
         <value>0x27eb</value>
         <object_component_ref idref="oc-3c8"/>
      </symbol>
      <symbol id="sm-6d8">
         <name>__TI_auto_init_nobinit_nopinit</name>
         <value>0x2555</value>
         <object_component_ref idref="oc-204"/>
      </symbol>
      <symbol id="sm-6e2">
         <name>_system_pre_init</name>
         <value>0x2945</value>
         <object_component_ref idref="oc-df"/>
      </symbol>
      <symbol id="sm-6ee">
         <name>C$$EXIT</name>
         <value>0x2949</value>
         <object_component_ref idref="oc-1f8"/>
      </symbol>
      <symbol id="sm-6ef">
         <name>abort</name>
         <value>0x2949</value>
         <object_component_ref idref="oc-1f8"/>
      </symbol>
      <symbol id="sm-704">
         <name>UARTClockSourceSet</name>
         <value>0x293f</value>
         <object_component_ref idref="oc-28a"/>
      </symbol>
      <symbol id="sm-707">
         <name>__TI_static_base__</name>
         <value>0x0</value>
      </symbol>
      <symbol id="sm-70a">
         <name>__mpu_init</name>
         <value>0x0</value>
      </symbol>
      <symbol id="sm-70b">
         <name>_system_post_cinit</name>
         <value>0x0</value>
      </symbol>
   </symbol_table>
   <title>Link successful</title>
</link_info>
