<?xml version="1.0" encoding="ISO-8859-1" ?>
<link_info>
   <banner>TI ARM Linker PC v20.2.7.LTS</banner>
   <copyright>Copyright (c) 1996-2018 Texas Instruments Incorporated</copyright>
   <link_time>0x6611d248</link_time>
   <link_errors>0x0</link_errors>
   <output_file>RTES_HW3.out</output_file>
   <entry_point>
      <name>_c_int00_noargs</name>
      <address>0x1d6d</address>
   </entry_point>
   <input_file_list>
      <input_file id="fl-2">
         <path>.\</path>
         <kind>object</kind>
         <file>Q1.obj</file>
         <name>Q1.obj</name>
      </input_file>
      <input_file id="fl-3">
         <path>.\</path>
         <kind>object</kind>
         <file>Q2.obj</file>
         <name>Q2.obj</name>
      </input_file>
      <input_file id="fl-4">
         <path>.\</path>
         <kind>object</kind>
         <file>Q3.obj</file>
         <name>Q3.obj</name>
      </input_file>
      <input_file id="fl-5">
         <path>.\</path>
         <kind>object</kind>
         <file>startup_ccs.obj</file>
         <name>startup_ccs.obj</name>
      </input_file>
      <input_file id="fl-6">
         <path>.\drivers\</path>
         <kind>object</kind>
         <file>buttons.obj</file>
         <name>buttons.obj</name>
      </input_file>
      <input_file id="fl-7">
         <path>.\drivers\</path>
         <kind>object</kind>
         <file>rgb.obj</file>
         <name>rgb.obj</name>
      </input_file>
      <input_file id="fl-8">
         <path>.\third_party\FreeRTOS\Source\</path>
         <kind>object</kind>
         <file>list.obj</file>
         <name>list.obj</name>
      </input_file>
      <input_file id="fl-9">
         <path>.\third_party\FreeRTOS\Source\</path>
         <kind>object</kind>
         <file>queue.obj</file>
         <name>queue.obj</name>
      </input_file>
      <input_file id="fl-a">
         <path>.\third_party\FreeRTOS\Source\</path>
         <kind>object</kind>
         <file>tasks.obj</file>
         <name>tasks.obj</name>
      </input_file>
      <input_file id="fl-b">
         <path>.\third_party\FreeRTOS\Source\portable\CCS\ARM_CM4F\</path>
         <kind>object</kind>
         <file>port.obj</file>
         <name>port.obj</name>
      </input_file>
      <input_file id="fl-c">
         <path>.\third_party\FreeRTOS\Source\portable\CCS\ARM_CM4F\</path>
         <kind>object</kind>
         <file>portasm.obj</file>
         <name>portasm.obj</name>
      </input_file>
      <input_file id="fl-d">
         <path>.\third_party\FreeRTOS\Source\portable\MemMang\</path>
         <kind>object</kind>
         <file>heap_2.obj</file>
         <name>heap_2.obj</name>
      </input_file>
      <input_file id="fl-e">
         <path>.\utils\</path>
         <kind>object</kind>
         <file>uartstdio.obj</file>
         <name>uartstdio.obj</name>
      </input_file>
      <input_file id="fl-f">
         <path>.\utils\</path>
         <kind>object</kind>
         <file>ustdlib.obj</file>
         <name>ustdlib.obj</name>
      </input_file>
      <input_file id="fl-14">
         <kind>object</kind>
         <file>&lt;internal&gt;</file>
         <name>&lt;internal&gt;</name>
      </input_file>
      <input_file id="fl-ca">
         <path>C:\ti\ccs1260\ccs\tools\compiler\ti-cgt-arm_20.2.7.LTS\lib\</path>
         <kind>archive</kind>
         <file>rtsv7M4_T_le_v4SPD16_eabi.lib</file>
         <name>fs_toull_t2.asm.obj</name>
      </input_file>
      <input_file id="fl-cb">
         <path>C:\ti\ccs1260\ccs\tools\compiler\ti-cgt-arm_20.2.7.LTS\lib\</path>
         <kind>archive</kind>
         <file>rtsv7M4_T_le_v4SPD16_eabi.lib</file>
         <name>memcpy_t2.asm.obj</name>
      </input_file>
      <input_file id="fl-cc">
         <path>C:\ti\ccs1260\ccs\tools\compiler\ti-cgt-arm_20.2.7.LTS\lib\</path>
         <kind>archive</kind>
         <file>rtsv7M4_T_le_v4SPD16_eabi.lib</file>
         <name>memset_t2.asm.obj</name>
      </input_file>
      <input_file id="fl-cd">
         <path>C:\ti\ccs1260\ccs\tools\compiler\ti-cgt-arm_20.2.7.LTS\lib\</path>
         <kind>archive</kind>
         <file>rtsv7M4_T_le_v4SPD16_eabi.lib</file>
         <name>u_divt2.asm.obj</name>
      </input_file>
      <input_file id="fl-ce">
         <path>C:\ti\ccs1260\ccs\tools\compiler\ti-cgt-arm_20.2.7.LTS\lib\</path>
         <kind>archive</kind>
         <file>rtsv7M4_T_le_v4SPD16_eabi.lib</file>
         <name>copy_zero_init.c.obj</name>
      </input_file>
      <input_file id="fl-cf">
         <path>C:\ti\ccs1260\ccs\tools\compiler\ti-cgt-arm_20.2.7.LTS\lib\</path>
         <kind>archive</kind>
         <file>rtsv7M4_T_le_v4SPD16_eabi.lib</file>
         <name>copy_decompress_none.c.obj</name>
      </input_file>
      <input_file id="fl-d0">
         <path>C:\ti\ccs1260\ccs\tools\compiler\ti-cgt-arm_20.2.7.LTS\lib\</path>
         <kind>archive</kind>
         <file>rtsv7M4_T_le_v4SPD16_eabi.lib</file>
         <name>copy_decompress_lzss.c.obj</name>
      </input_file>
      <input_file id="fl-d1">
         <path>C:\ti\ccs1260\ccs\tools\compiler\ti-cgt-arm_20.2.7.LTS\lib\</path>
         <kind>archive</kind>
         <file>rtsv7M4_T_le_v4SPD16_eabi.lib</file>
         <name>boot_cortex_m.c.obj</name>
      </input_file>
      <input_file id="fl-d2">
         <path>C:\ti\ccs1260\ccs\tools\compiler\ti-cgt-arm_20.2.7.LTS\lib\</path>
         <kind>archive</kind>
         <file>rtsv7M4_T_le_v4SPD16_eabi.lib</file>
         <name>div0.asm.obj</name>
      </input_file>
      <input_file id="fl-d3">
         <path>C:\ti\ccs1260\ccs\tools\compiler\ti-cgt-arm_20.2.7.LTS\lib\</path>
         <kind>archive</kind>
         <file>rtsv7M4_T_le_v4SPD16_eabi.lib</file>
         <name>autoinit.c.obj</name>
      </input_file>
      <input_file id="fl-d4">
         <path>C:\ti\ccs1260\ccs\tools\compiler\ti-cgt-arm_20.2.7.LTS\lib\</path>
         <kind>archive</kind>
         <file>rtsv7M4_T_le_v4SPD16_eabi.lib</file>
         <name>pre_init.c.obj</name>
      </input_file>
      <input_file id="fl-d5">
         <path>C:\ti\ccs1260\ccs\tools\compiler\ti-cgt-arm_20.2.7.LTS\lib\</path>
         <kind>archive</kind>
         <file>rtsv7M4_T_le_v4SPD16_eabi.lib</file>
         <name>cpy_tbl.c.obj</name>
      </input_file>
      <input_file id="fl-d6">
         <path>C:\ti\ccs1260\ccs\tools\compiler\ti-cgt-arm_20.2.7.LTS\lib\</path>
         <kind>archive</kind>
         <file>rtsv7M4_T_le_v4SPD16_eabi.lib</file>
         <name>exit.c.obj</name>
      </input_file>
      <input_file id="fl-d7">
         <path>C:\ti\ccs1260\ccs\tools\compiler\ti-cgt-arm_20.2.7.LTS\lib\</path>
         <kind>archive</kind>
         <file>rtsv7M4_T_le_v4SPD16_eabi.lib</file>
         <name>_lock.c.obj</name>
      </input_file>
      <input_file id="fl-d8">
         <path>C:\ti\ccs1260\ccs\tools\compiler\ti-cgt-arm_20.2.7.LTS\lib\</path>
         <kind>archive</kind>
         <file>rtsv7M4_T_le_v4SPD16_eabi.lib</file>
         <name>args_main.c.obj</name>
      </input_file>
      <input_file id="fl-d9">
         <path>C:\ti\tivaware_c_series_2_1_4_178\driverlib\ccs\Debug\</path>
         <kind>archive</kind>
         <file>driverlib.lib</file>
         <name>sysctl.obj</name>
      </input_file>
      <input_file id="fl-da">
         <path>C:\ti\tivaware_c_series_2_1_4_178\driverlib\ccs\Debug\</path>
         <kind>archive</kind>
         <file>driverlib.lib</file>
         <name>uart.obj</name>
      </input_file>
      <input_file id="fl-db">
         <path>C:\ti\tivaware_c_series_2_1_4_178\driverlib\ccs\Debug\</path>
         <kind>archive</kind>
         <file>driverlib.lib</file>
         <name>cpu.obj</name>
      </input_file>
      <input_file id="fl-dc">
         <path>C:\ti\tivaware_c_series_2_1_4_178\driverlib\ccs\Debug\</path>
         <kind>archive</kind>
         <file>driverlib.lib</file>
         <name>interrupt.obj</name>
      </input_file>
   </input_file_list>
   <object_component_list>
      <object_component id="oc-12">
         <name>.intvecs</name>
         <load_address>0x0</load_address>
         <run_address>0x0</run_address>
         <size>0x26c</size>
         <input_file_ref idref="fl-5"/>
      </object_component>
      <object_component id="oc-33b">
         <name>.text:UARTvprintf</name>
         <load_address>0x26c</load_address>
         <run_address>0x26c</run_address>
         <size>0x30c</size>
         <input_file_ref idref="fl-e"/>
      </object_component>
      <object_component id="oc-28e">
         <name>.text:xQueueGenericReceive</name>
         <load_address>0x578</load_address>
         <run_address>0x578</run_address>
         <size>0x168</size>
         <input_file_ref idref="fl-9"/>
      </object_component>
      <object_component id="oc-1a3">
         <name>.text:xTaskGenericCreate</name>
         <load_address>0x6e0</load_address>
         <run_address>0x6e0</run_address>
         <size>0x134</size>
         <input_file_ref idref="fl-a"/>
      </object_component>
      <object_component id="oc-a1">
         <name>.text:xTaskIncrementTick</name>
         <load_address>0x814</load_address>
         <run_address>0x814</run_address>
         <size>0x134</size>
         <input_file_ref idref="fl-a"/>
      </object_component>
      <object_component id="oc-a8">
         <name>.text:xQueueGenericSend</name>
         <load_address>0x948</load_address>
         <run_address>0x948</run_address>
         <size>0x128</size>
         <input_file_ref idref="fl-9"/>
      </object_component>
      <object_component id="oc-e3">
         <name>.text:main</name>
         <load_address>0xa70</load_address>
         <run_address>0xa70</run_address>
         <size>0x10c</size>
         <input_file_ref idref="fl-4"/>
      </object_component>
      <object_component id="oc-25b">
         <name>.text:pvPortMalloc</name>
         <load_address>0xb7c</load_address>
         <run_address>0xb7c</run_address>
         <size>0x108</size>
         <input_file_ref idref="fl-d"/>
      </object_component>
      <object_component id="oc-15c">
         <name>.text:xTaskResumeAll</name>
         <load_address>0xc84</load_address>
         <run_address>0xc84</run_address>
         <size>0xf8</size>
         <input_file_ref idref="fl-a"/>
      </object_component>
      <object_component id="oc-3f">
         <name>.text</name>
         <load_address>0xd7c</load_address>
         <run_address>0xd7c</run_address>
         <size>0xd2</size>
         <input_file_ref idref="fl-c"/>
      </object_component>
      <object_component id="oc-33">
         <name>.text:FaultISR</name>
         <load_address>0xe4e</load_address>
         <run_address>0xe4e</run_address>
         <size>0x2</size>
         <input_file_ref idref="fl-5"/>
      </object_component>
      <object_component id="oc-333">
         <name>.text:vTaskPriorityInherit</name>
         <load_address>0xe50</load_address>
         <run_address>0xe50</run_address>
         <size>0xc8</size>
         <input_file_ref idref="fl-a"/>
      </object_component>
      <object_component id="oc-126">
         <name>.text:prvCopyDataToQueue</name>
         <load_address>0xf18</load_address>
         <run_address>0xf18</run_address>
         <size>0xba</size>
         <input_file_ref idref="fl-9"/>
      </object_component>
      <object_component id="oc-39">
         <name>.text:IntDefaultHandler</name>
         <load_address>0xfd2</load_address>
         <run_address>0xfd2</run_address>
         <size>0x2</size>
         <input_file_ref idref="fl-5"/>
      </object_component>
      <object_component id="oc-9a">
         <name>.text:vTaskSwitchContext</name>
         <load_address>0xfd4</load_address>
         <run_address>0xfd4</run_address>
         <size>0xb8</size>
         <input_file_ref idref="fl-a"/>
      </object_component>
      <object_component id="oc-21f">
         <name>.text:xTaskPriorityDisinherit</name>
         <load_address>0x108c</load_address>
         <run_address>0x108c</run_address>
         <size>0xa4</size>
         <input_file_ref idref="fl-a"/>
      </object_component>
      <object_component id="oc-5e">
         <name>.text</name>
         <load_address>0x1130</load_address>
         <run_address>0x1130</run_address>
         <size>0x9c</size>
         <input_file_ref idref="fl-cb"/>
      </object_component>
      <object_component id="oc-26e">
         <name>.text:prvInitialiseTCBVariables</name>
         <load_address>0x11cc</load_address>
         <run_address>0x11cc</run_address>
         <size>0x98</size>
         <input_file_ref idref="fl-a"/>
      </object_component>
      <object_component id="oc-12c">
         <name>.text:xTaskRemoveFromEventList</name>
         <load_address>0x1264</load_address>
         <run_address>0x1264</run_address>
         <size>0x90</size>
         <input_file_ref idref="fl-a"/>
      </object_component>
      <object_component id="oc-144">
         <name>.text:xTaskCheckForTimeOut</name>
         <load_address>0x12f4</load_address>
         <run_address>0x12f4</run_address>
         <size>0x84</size>
         <input_file_ref idref="fl-a"/>
      </object_component>
      <object_component id="oc-156">
         <name>.text:prvUnlockQueue</name>
         <load_address>0x1378</load_address>
         <run_address>0x1378</run_address>
         <size>0x82</size>
         <input_file_ref idref="fl-9"/>
      </object_component>
      <object_component id="oc-d7">
         <name>.text</name>
         <load_address>0x13fa</load_address>
         <run_address>0x13fa</run_address>
         <size>0x7a</size>
         <input_file_ref idref="fl-cc"/>
      </object_component>
      <object_component id="oc-4a">
         <name>.text:Timer0IntHandler</name>
         <load_address>0x1474</load_address>
         <run_address>0x1474</run_address>
         <size>0x78</size>
         <input_file_ref idref="fl-4"/>
      </object_component>
      <object_component id="oc-19d">
         <name>.text:xQueueCreateMutex</name>
         <load_address>0x14ec</load_address>
         <run_address>0x14ec</run_address>
         <size>0x76</size>
         <input_file_ref idref="fl-9"/>
      </object_component>
      <object_component id="oc-2d">
         <name>.text:NmiSR</name>
         <load_address>0x1562</load_address>
         <run_address>0x1562</run_address>
         <size>0x2</size>
         <input_file_ref idref="fl-5"/>
      </object_component>
      <object_component id="oc-197">
         <name>.text:ConfigureUART</name>
         <load_address>0x1564</load_address>
         <run_address>0x1564</run_address>
         <size>0x74</size>
         <input_file_ref idref="fl-4"/>
      </object_component>
      <object_component id="oc-254">
         <name>.text:UARTStdioConfig</name>
         <load_address>0x15d8</load_address>
         <run_address>0x15d8</run_address>
         <size>0x74</size>
         <input_file_ref idref="fl-e"/>
      </object_component>
      <object_component id="oc-27a">
         <name>.text:prvInitialiseTaskLists</name>
         <load_address>0x164c</load_address>
         <run_address>0x164c</run_address>
         <size>0x74</size>
         <input_file_ref idref="fl-a"/>
      </object_component>
      <object_component id="oc-1a9">
         <name>.text:vTaskStartScheduler</name>
         <load_address>0x16c0</load_address>
         <run_address>0x16c0</run_address>
         <size>0x70</size>
         <input_file_ref idref="fl-a"/>
      </object_component>
      <object_component id="oc-15">
         <name>.text:decompress:lzss:__TI_decompress_lzss</name>
         <load_address>0x1730</load_address>
         <run_address>0x1730</run_address>
         <size>0x68</size>
         <input_file_ref idref="fl-d0"/>
      </object_component>
      <object_component id="oc-31a">
         <name>.text:prvCheckTasksWaitingTermination</name>
         <load_address>0x1798</load_address>
         <run_address>0x1798</run_address>
         <size>0x68</size>
         <input_file_ref idref="fl-a"/>
      </object_component>
      <object_component id="oc-2f4">
         <name>.text:vPortFree</name>
         <load_address>0x1800</load_address>
         <run_address>0x1800</run_address>
         <size>0x68</size>
         <input_file_ref idref="fl-d"/>
      </object_component>
      <object_component id="oc-150">
         <name>.text:vTaskPlaceOnEventList</name>
         <load_address>0x1868</load_address>
         <run_address>0x1868</run_address>
         <size>0x68</size>
         <input_file_ref idref="fl-a"/>
      </object_component>
      <object_component id="oc-22f">
         <name>.text:vListInsert</name>
         <load_address>0x18d0</load_address>
         <run_address>0x18d0</run_address>
         <size>0x66</size>
         <input_file_ref idref="fl-8"/>
      </object_component>
      <object_component id="oc-268">
         <name>.text:prvAllocateTCBAndStack</name>
         <load_address>0x1936</load_address>
         <run_address>0x1936</run_address>
         <size>0x5e</size>
         <input_file_ref idref="fl-a"/>
      </object_component>
      <object_component id="oc-39e">
         <name>.text:UARTwrite</name>
         <load_address>0x1994</load_address>
         <run_address>0x1994</run_address>
         <size>0x5c</size>
         <input_file_ref idref="fl-e"/>
      </object_component>
      <object_component id="oc-235">
         <name>.text:prvAddCurrentTaskToDelayedList</name>
         <load_address>0x19f0</load_address>
         <run_address>0x19f0</run_address>
         <size>0x5c</size>
         <input_file_ref idref="fl-a"/>
      </object_component>
      <object_component id="oc-274">
         <name>.text:pxPortInitialiseStack</name>
         <load_address>0x1a4c</load_address>
         <run_address>0x1a4c</run_address>
         <size>0x5c</size>
         <input_file_ref idref="fl-b"/>
      </object_component>
      <object_component id="oc-1af">
         <name>.text:task_1</name>
         <load_address>0x1aa8</load_address>
         <run_address>0x1aa8</run_address>
         <size>0x58</size>
         <input_file_ref idref="fl-4"/>
      </object_component>
      <object_component id="oc-1b5">
         <name>.text:task_2</name>
         <load_address>0x1b00</load_address>
         <run_address>0x1b00</run_address>
         <size>0x58</size>
         <input_file_ref idref="fl-4"/>
      </object_component>
      <object_component id="oc-2e2">
         <name>.text:prvHeapInit</name>
         <load_address>0x1b58</load_address>
         <run_address>0x1b58</run_address>
         <size>0x50</size>
         <input_file_ref idref="fl-d"/>
      </object_component>
      <object_component id="oc-110">
         <name>.text:uxListRemove</name>
         <load_address>0x1ba8</load_address>
         <run_address>0x1ba8</run_address>
         <size>0x48</size>
         <input_file_ref idref="fl-8"/>
      </object_component>
      <object_component id="oc-1c8">
         <name>.text:__TI_auto_init_nobinit_nopinit:__TI_auto_init_nobinit_nopinit</name>
         <load_address>0x1bf0</load_address>
         <run_address>0x1bf0</run_address>
         <size>0x44</size>
         <input_file_ref idref="fl-d3"/>
      </object_component>
      <object_component id="oc-281">
         <name>.text:xPortStartScheduler</name>
         <load_address>0x1c34</load_address>
         <run_address>0x1c34</run_address>
         <size>0x44</size>
         <input_file_ref idref="fl-b"/>
      </object_component>
      <object_component id="oc-3a4">
         <name>.text</name>
         <load_address>0x1c78</load_address>
         <run_address>0x1c78</run_address>
         <size>0x40</size>
         <input_file_ref idref="fl-cd"/>
      </object_component>
      <object_component id="oc-321">
         <name>.text:prvCopyDataFromQueue</name>
         <load_address>0x1cb8</load_address>
         <run_address>0x1cb8</run_address>
         <size>0x3c</size>
         <input_file_ref idref="fl-9"/>
      </object_component>
      <object_component id="oc-10a">
         <name>.text:prvResetNextTaskUnblockTime</name>
         <load_address>0x1cf4</load_address>
         <run_address>0x1cf4</run_address>
         <size>0x3c</size>
         <input_file_ref idref="fl-a"/>
      </object_component>
      <object_component id="oc-116">
         <name>.text:vListInsertEnd</name>
         <load_address>0x1d30</load_address>
         <run_address>0x1d30</run_address>
         <size>0x3c</size>
         <input_file_ref idref="fl-8"/>
      </object_component>
      <object_component id="oc-7c">
         <name>.text:_c_int00_noargs:_c_int00_noargs</name>
         <load_address>0x1d6c</load_address>
         <run_address>0x1d6c</run_address>
         <size>0x34</size>
         <input_file_ref idref="fl-d1"/>
      </object_component>
      <object_component id="oc-261">
         <name>.text:vListInitialise</name>
         <load_address>0x1da0</load_address>
         <run_address>0x1da0</run_address>
         <size>0x30</size>
         <input_file_ref idref="fl-8"/>
      </object_component>
      <object_component id="oc-294">
         <name>.text:fact</name>
         <load_address>0x1dd0</load_address>
         <run_address>0x1dd0</run_address>
         <size>0x2c</size>
         <input_file_ref idref="fl-4"/>
      </object_component>
      <object_component id="oc-44">
         <name>.text:xPortSysTickHandler</name>
         <load_address>0x1dfc</load_address>
         <run_address>0x1dfc</run_address>
         <size>0x2c</size>
         <input_file_ref idref="fl-b"/>
      </object_component>
      <object_component id="oc-14a">
         <name>.text:prvIsQueueFull</name>
         <load_address>0x1e28</load_address>
         <run_address>0x1e28</run_address>
         <size>0x26</size>
         <input_file_ref idref="fl-9"/>
      </object_component>
      <object_component id="oc-29a">
         <name>.text:UARTprintf</name>
         <load_address>0x1e4e</load_address>
         <run_address>0x1e4e</run_address>
         <size>0x24</size>
         <input_file_ref idref="fl-e"/>
      </object_component>
      <object_component id="oc-3c2">
         <name>.text</name>
         <load_address>0x1e72</load_address>
         <run_address>0x1e72</run_address>
         <size>0x2</size>
         <input_file_ref idref="fl-d2"/>
      </object_component>
      <object_component id="oc-120">
         <name>.text:vPortEnterCritical</name>
         <load_address>0x1e74</load_address>
         <run_address>0x1e74</run_address>
         <size>0x24</size>
         <input_file_ref idref="fl-b"/>
      </object_component>
      <object_component id="oc-138">
         <name>.text:vTaskSetTimeOutState</name>
         <load_address>0x1e98</load_address>
         <run_address>0x1e98</run_address>
         <size>0x24</size>
         <input_file_ref idref="fl-a"/>
      </object_component>
      <object_component id="oc-32d">
         <name>.text:prvIsQueueEmpty</name>
         <load_address>0x1ebc</load_address>
         <run_address>0x1ebc</run_address>
         <size>0x20</size>
         <input_file_ref idref="fl-9"/>
      </object_component>
      <object_component id="oc-327">
         <name>.text:pvTaskIncrementMutexHeldCount</name>
         <load_address>0x1edc</load_address>
         <run_address>0x1edc</run_address>
         <size>0x1c</size>
         <input_file_ref idref="fl-a"/>
      </object_component>
      <object_component id="oc-132">
         <name>.text:vPortExitCritical</name>
         <load_address>0x1ef8</load_address>
         <run_address>0x1ef8</run_address>
         <size>0x1c</size>
         <input_file_ref idref="fl-b"/>
      </object_component>
      <object_component id="oc-313">
         <name>.text:vPortSetupTimerInterrupt</name>
         <load_address>0x1f14</load_address>
         <run_address>0x1f14</run_address>
         <size>0x18</size>
         <input_file_ref idref="fl-b"/>
      </object_component>
      <object_component id="oc-393">
         <name>.text:prvDeleteTCB</name>
         <load_address>0x1f2c</load_address>
         <run_address>0x1f2c</run_address>
         <size>0x14</size>
         <input_file_ref idref="fl-a"/>
      </object_component>
      <object_component id="oc-302">
         <name>.text:prvTaskExitError</name>
         <load_address>0x1f40</load_address>
         <run_address>0x1f40</run_address>
         <size>0x10</size>
         <input_file_ref idref="fl-b"/>
      </object_component>
      <object_component id="oc-2fb">
         <name>.text:vListInitialiseItem</name>
         <load_address>0x1f50</load_address>
         <run_address>0x1f50</run_address>
         <size>0x10</size>
         <input_file_ref idref="fl-8"/>
      </object_component>
      <object_component id="oc-13e">
         <name>.text:vTaskSuspendAll</name>
         <load_address>0x1f60</load_address>
         <run_address>0x1f60</run_address>
         <size>0x10</size>
         <input_file_ref idref="fl-a"/>
      </object_component>
      <object_component id="oc-1b">
         <name>.text:decompress:none:__TI_decompress_none</name>
         <load_address>0x1f70</load_address>
         <run_address>0x1f70</run_address>
         <size>0xe</size>
         <input_file_ref idref="fl-cf"/>
      </object_component>
      <object_component id="oc-70">
         <name>.text:decompress:ZI:__TI_zero_init</name>
         <load_address>0x1f7e</load_address>
         <run_address>0x1f7e</run_address>
         <size>0xc</size>
         <input_file_ref idref="fl-ce"/>
      </object_component>
      <object_component id="oc-23f">
         <name>.text:vTaskMissedYield</name>
         <load_address>0x1f8c</load_address>
         <run_address>0x1f8c</run_address>
         <size>0xc</size>
         <input_file_ref idref="fl-a"/>
      </object_component>
      <object_component id="oc-287">
         <name>.text:prvIdleTask</name>
         <load_address>0x1f98</load_address>
         <run_address>0x1f98</run_address>
         <size>0xa</size>
         <input_file_ref idref="fl-a"/>
      </object_component>
      <object_component id="oc-100">
         <name>.text:vApplicationStackOverflowHook</name>
         <load_address>0x1fa2</load_address>
         <run_address>0x1fa2</run_address>
         <size>0xa</size>
         <input_file_ref idref="fl-4"/>
      </object_component>
      <object_component id="oc-27">
         <name>.text:ResetISR</name>
         <load_address>0x1fac</load_address>
         <run_address>0x1fac</run_address>
         <size>0x6</size>
         <input_file_ref idref="fl-5"/>
      </object_component>
      <object_component id="oc-24e">
         <name>.text:UARTClockSourceSet</name>
         <load_address>0x1fb2</load_address>
         <run_address>0x1fb2</run_address>
         <size>0x6</size>
         <input_file_ref idref="fl-da"/>
      </object_component>
      <object_component id="oc-dd">
         <name>.text:_system_pre_init</name>
         <load_address>0x1fb8</load_address>
         <run_address>0x1fb8</run_address>
         <size>0x4</size>
         <input_file_ref idref="fl-d4"/>
      </object_component>
      <object_component id="oc-1bc">
         <name>.text:abort:abort</name>
         <load_address>0x1fbc</load_address>
         <run_address>0x1fbc</run_address>
         <size>0x4</size>
         <input_file_ref idref="fl-d6"/>
      </object_component>
      <object_component id="oc-3c8">
         <name>.const:.string</name>
         <load_address>0x1fc0</load_address>
         <run_address>0x1fc0</run_address>
         <size>0x12</size>
         <input_file_ref idref="fl-e"/>
      </object_component>
      <object_component id="oc-2de">
         <name>.const:g_ui32UARTBase</name>
         <load_address>0x1fd4</load_address>
         <run_address>0x1fd4</run_address>
         <size>0xc</size>
         <input_file_ref idref="fl-e"/>
      </object_component>
      <object_component id="oc-2d5">
         <name>.const:g_ui32UARTPeriph</name>
         <load_address>0x1fe0</load_address>
         <run_address>0x1fe0</run_address>
         <size>0xc</size>
         <input_file_ref idref="fl-e"/>
      </object_component>
      <object_component id="oc-97">
         <name>.const</name>
         <load_address>0x1fec</load_address>
         <run_address>0x1fec</run_address>
         <size>0x4</size>
         <input_file_ref idref="fl-b"/>
      </object_component>
      <object_component id="oc-3a9">
         <name>.const</name>
         <load_address>0x1ff0</load_address>
         <run_address>0x1ff0</run_address>
         <size>0x4</size>
         <input_file_ref idref="fl-e"/>
      </object_component>
      <object_component id="oc-3f7">
         <name>.cinit..data.load</name>
         <load_address>0x1ff8</load_address>
         <run_address>0x1ff8</run_address>
         <size>0x10</size>
      </object_component>
      <object_component id="oc-3f5">
         <name>__TI_handler_table</name>
         <load_address>0x2008</load_address>
         <run_address>0x2008</run_address>
         <size>0xc</size>
      </object_component>
      <object_component id="oc-3f8">
         <name>.cinit..bss.load</name>
         <load_address>0x2018</load_address>
         <run_address>0x2018</run_address>
         <size>0x8</size>
      </object_component>
      <object_component id="oc-3f6">
         <name>__TI_cinit_table</name>
         <load_address>0x2020</load_address>
         <run_address>0x2020</run_address>
         <size>0x10</size>
      </object_component>
      <object_component id="oc-ae">
         <name>.data</name>
         <load_address>0x20007938</load_address>
         <run_address>0x20007938</run_address>
         <size>0x4</size>
         <input_file_ref idref="fl-4"/>
      </object_component>
      <object_component id="oc-94">
         <name>.data</name>
         <load_address>0x200078f8</load_address>
         <run_address>0x200078f8</run_address>
         <size>0x30</size>
         <input_file_ref idref="fl-a"/>
      </object_component>
      <object_component id="oc-21b">
         <name>.data</name>
         <load_address>0x2000793c</load_address>
         <run_address>0x2000793c</run_address>
         <size>0x4</size>
         <input_file_ref idref="fl-b"/>
      </object_component>
      <object_component id="oc-2e8">
         <name>.data</name>
         <load_address>0x20007928</load_address>
         <run_address>0x20007928</run_address>
         <size>0x8</size>
         <input_file_ref idref="fl-d"/>
      </object_component>
      <object_component id="oc-2d8">
         <name>.data</name>
         <load_address>0x20007930</load_address>
         <run_address>0x20007930</run_address>
         <size>0x5</size>
         <input_file_ref idref="fl-e"/>
      </object_component>
      <object_component id="oc-106">
         <name>.bss:pxReadyTasksLists</name>
         <uninitialized>true</uninitialized>
         <run_address>0x20007530</run_address>
         <size>0x140</size>
         <input_file_ref idref="fl-a"/>
      </object_component>
      <object_component id="oc-309">
         <name>.bss:xDelayedTaskList1</name>
         <uninitialized>true</uninitialized>
         <run_address>0x20007670</run_address>
         <size>0x14</size>
         <input_file_ref idref="fl-a"/>
      </object_component>
      <object_component id="oc-30c">
         <name>.bss:xDelayedTaskList2</name>
         <uninitialized>true</uninitialized>
         <run_address>0x20007684</run_address>
         <size>0x14</size>
         <input_file_ref idref="fl-a"/>
      </object_component>
      <object_component id="oc-11c">
         <name>.bss</name>
         <uninitialized>true</uninitialized>
         <run_address>0x200076d4</run_address>
         <size>0x8</size>
         <input_file_ref idref="fl-a"/>
      </object_component>
      <object_component id="oc-226">
         <name>.bss:xPendingReadyList</name>
         <uninitialized>true</uninitialized>
         <run_address>0x20007698</run_address>
         <size>0x14</size>
         <input_file_ref idref="fl-a"/>
      </object_component>
      <object_component id="oc-30f">
         <name>.bss:xTasksWaitingTermination</name>
         <uninitialized>true</uninitialized>
         <run_address>0x200076c0</run_address>
         <size>0x14</size>
         <input_file_ref idref="fl-a"/>
      </object_component>
      <object_component id="oc-23b">
         <name>.bss:xSuspendedTaskList</name>
         <uninitialized>true</uninitialized>
         <run_address>0x200076ac</run_address>
         <size>0x14</size>
         <input_file_ref idref="fl-a"/>
      </object_component>
      <object_component id="oc-378">
         <name>.bss:ucHeap</name>
         <uninitialized>true</uninitialized>
         <run_address>0x20000000</run_address>
         <size>0x7530</size>
         <input_file_ref idref="fl-d"/>
      </object_component>
      <object_component id="oc-2eb">
         <name>.bss:xStart</name>
         <uninitialized>true</uninitialized>
         <run_address>0x200076e4</run_address>
         <size>0x8</size>
         <input_file_ref idref="fl-d"/>
      </object_component>
      <object_component id="oc-2ee">
         <name>.bss:xEnd</name>
         <uninitialized>true</uninitialized>
         <run_address>0x200076dc</run_address>
         <size>0x8</size>
         <input_file_ref idref="fl-d"/>
      </object_component>
      <object_component id="oc-b1">
         <name>.common:g_pTask1Semaphore</name>
         <uninitialized>true</uninitialized>
         <run_address>0x200076ec</run_address>
         <size>0x4</size>
      </object_component>
      <object_component id="oc-b4">
         <name>.common:g_pTask2Semaphore</name>
         <uninitialized>true</uninitialized>
         <run_address>0x200076f0</run_address>
         <size>0x4</size>
      </object_component>
      <object_component id="oc-24">
         <name>.stack</name>
         <uninitialized>true</uninitialized>
         <run_address>0x200076f8</run_address>
         <size>0x4</size>
         <input_file_ref idref="fl-d1"/>
      </object_component>
      <object_component id="oc-3fa">
         <name>.stack</name>
         <uninitialized>true</uninitialized>
         <run_address>0x200076f8</run_address>
         <size>0x0</size>
      </object_component>
      <object_component id="oc-b2">
         <name>.debug_info</name>
         <load_address>0x0</load_address>
         <run_address>0x0</run_address>
         <size>0x561</size>
         <input_file_ref idref="fl-4"/>
      </object_component>
      <object_component id="oc-af">
         <name>.debug_info</name>
         <load_address>0x561</load_address>
         <run_address>0x561</run_address>
         <size>0xc6</size>
         <input_file_ref idref="fl-4"/>
      </object_component>
      <object_component id="oc-103">
         <name>.debug_info</name>
         <load_address>0x627</load_address>
         <run_address>0x627</run_address>
         <size>0x17b</size>
         <input_file_ref idref="fl-4"/>
      </object_component>
      <object_component id="oc-296">
         <name>.debug_info</name>
         <load_address>0x7a2</load_address>
         <run_address>0x7a2</run_address>
         <size>0x126</size>
         <input_file_ref idref="fl-4"/>
      </object_component>
      <object_component id="oc-4c">
         <name>.debug_info</name>
         <load_address>0x8c8</load_address>
         <run_address>0x8c8</run_address>
         <size>0x138</size>
         <input_file_ref idref="fl-4"/>
      </object_component>
      <object_component id="oc-19a">
         <name>.debug_info</name>
         <load_address>0xa00</load_address>
         <run_address>0xa00</run_address>
         <size>0x14d</size>
         <input_file_ref idref="fl-4"/>
      </object_component>
      <object_component id="oc-1b2">
         <name>.debug_info</name>
         <load_address>0xb4d</load_address>
         <run_address>0xb4d</run_address>
         <size>0x164</size>
         <input_file_ref idref="fl-4"/>
      </object_component>
      <object_component id="oc-1b8">
         <name>.debug_info</name>
         <load_address>0xcb1</load_address>
         <run_address>0xcb1</run_address>
         <size>0x194</size>
         <input_file_ref idref="fl-4"/>
      </object_component>
      <object_component id="oc-e6">
         <name>.debug_info</name>
         <load_address>0xe45</load_address>
         <run_address>0xe45</run_address>
         <size>0x1b6</size>
         <input_file_ref idref="fl-4"/>
      </object_component>
      <object_component id="oc-16a">
         <name>.debug_info</name>
         <load_address>0xffb</load_address>
         <run_address>0xffb</run_address>
         <size>0x2ef</size>
         <input_file_ref idref="fl-4"/>
      </object_component>
      <object_component id="oc-b8">
         <name>.debug_info</name>
         <load_address>0x12ea</load_address>
         <run_address>0x12ea</run_address>
         <size>0x26b</size>
         <input_file_ref idref="fl-4"/>
      </object_component>
      <object_component id="oc-59">
         <name>.debug_info</name>
         <load_address>0x1555</load_address>
         <run_address>0x1555</run_address>
         <size>0x84</size>
         <input_file_ref idref="fl-4"/>
      </object_component>
      <object_component id="oc-163">
         <name>.debug_info</name>
         <load_address>0x15d9</load_address>
         <run_address>0x15d9</run_address>
         <size>0x46</size>
         <input_file_ref idref="fl-4"/>
      </object_component>
      <object_component id="oc-178">
         <name>.debug_info</name>
         <load_address>0x161f</load_address>
         <run_address>0x161f</run_address>
         <size>0x2c</size>
         <input_file_ref idref="fl-4"/>
      </object_component>
      <object_component id="oc-17d">
         <name>.debug_info</name>
         <load_address>0x164b</load_address>
         <run_address>0x164b</run_address>
         <size>0x2c</size>
         <input_file_ref idref="fl-4"/>
      </object_component>
      <object_component id="oc-182">
         <name>.debug_info</name>
         <load_address>0x1677</load_address>
         <run_address>0x1677</run_address>
         <size>0x2a4</size>
         <input_file_ref idref="fl-4"/>
      </object_component>
      <object_component id="oc-bd">
         <name>.debug_info</name>
         <load_address>0x191b</load_address>
         <run_address>0x191b</run_address>
         <size>0xbb</size>
         <input_file_ref idref="fl-4"/>
      </object_component>
      <object_component id="oc-f8">
         <name>.debug_info</name>
         <load_address>0x19d6</load_address>
         <run_address>0x19d6</run_address>
         <size>0x53</size>
         <input_file_ref idref="fl-4"/>
      </object_component>
      <object_component id="oc-343">
         <name>.debug_info</name>
         <load_address>0x1a29</load_address>
         <run_address>0x1a29</run_address>
         <size>0x2c</size>
         <input_file_ref idref="fl-4"/>
      </object_component>
      <object_component id="oc-173">
         <name>.debug_info</name>
         <load_address>0x1a55</load_address>
         <run_address>0x1a55</run_address>
         <size>0x14c</size>
         <input_file_ref idref="fl-4"/>
      </object_component>
      <object_component id="oc-52">
         <name>.debug_info</name>
         <load_address>0x1ba1</load_address>
         <run_address>0x1ba1</run_address>
         <size>0x345</size>
         <input_file_ref idref="fl-5"/>
      </object_component>
      <object_component id="oc-13">
         <name>.debug_info</name>
         <load_address>0x1ee6</load_address>
         <run_address>0x1ee6</run_address>
         <size>0xdc</size>
         <input_file_ref idref="fl-5"/>
      </object_component>
      <object_component id="oc-28">
         <name>.debug_info</name>
         <load_address>0x1fc2</load_address>
         <run_address>0x1fc2</run_address>
         <size>0x10c</size>
         <input_file_ref idref="fl-5"/>
      </object_component>
      <object_component id="oc-30">
         <name>.debug_info</name>
         <load_address>0x20ce</load_address>
         <run_address>0x20ce</run_address>
         <size>0xfd</size>
         <input_file_ref idref="fl-5"/>
      </object_component>
      <object_component id="oc-35">
         <name>.debug_info</name>
         <load_address>0x21cb</load_address>
         <run_address>0x21cb</run_address>
         <size>0x103</size>
         <input_file_ref idref="fl-5"/>
      </object_component>
      <object_component id="oc-3c">
         <name>.debug_info</name>
         <load_address>0x22ce</load_address>
         <run_address>0x22ce</run_address>
         <size>0x115</size>
         <input_file_ref idref="fl-5"/>
      </object_component>
      <object_component id="oc-217">
         <name>.debug_info</name>
         <load_address>0x23e3</load_address>
         <run_address>0x23e3</run_address>
         <size>0x2fa</size>
         <input_file_ref idref="fl-8"/>
      </object_component>
      <object_component id="oc-264">
         <name>.debug_info</name>
         <load_address>0x26dd</load_address>
         <run_address>0x26dd</run_address>
         <size>0x1e1</size>
         <input_file_ref idref="fl-8"/>
      </object_component>
      <object_component id="oc-2fc">
         <name>.debug_info</name>
         <load_address>0x28be</load_address>
         <run_address>0x28be</run_address>
         <size>0x1e9</size>
         <input_file_ref idref="fl-8"/>
      </object_component>
      <object_component id="oc-118">
         <name>.debug_info</name>
         <load_address>0x2aa7</load_address>
         <run_address>0x2aa7</run_address>
         <size>0x23e</size>
         <input_file_ref idref="fl-8"/>
      </object_component>
      <object_component id="oc-230">
         <name>.debug_info</name>
         <load_address>0x2ce5</load_address>
         <run_address>0x2ce5</run_address>
         <size>0x26a</size>
         <input_file_ref idref="fl-8"/>
      </object_component>
      <object_component id="oc-113">
         <name>.debug_info</name>
         <load_address>0x2f4f</load_address>
         <run_address>0x2f4f</run_address>
         <size>0x215</size>
         <input_file_ref idref="fl-8"/>
      </object_component>
      <object_component id="oc-1fc">
         <name>.debug_info</name>
         <load_address>0x3164</load_address>
         <run_address>0x3164</run_address>
         <size>0x110</size>
         <input_file_ref idref="fl-8"/>
      </object_component>
      <object_component id="oc-168">
         <name>.debug_info</name>
         <load_address>0x3274</load_address>
         <run_address>0x3274</run_address>
         <size>0x74b</size>
         <input_file_ref idref="fl-9"/>
      </object_component>
      <object_component id="oc-19e">
         <name>.debug_info</name>
         <load_address>0x39bf</load_address>
         <run_address>0x39bf</run_address>
         <size>0x278</size>
         <input_file_ref idref="fl-9"/>
      </object_component>
      <object_component id="oc-a9">
         <name>.debug_info</name>
         <load_address>0x3c37</load_address>
         <run_address>0x3c37</run_address>
         <size>0x501</size>
         <input_file_ref idref="fl-9"/>
      </object_component>
      <object_component id="oc-28f">
         <name>.debug_info</name>
         <load_address>0x4138</load_address>
         <run_address>0x4138</run_address>
         <size>0x591</size>
         <input_file_ref idref="fl-9"/>
      </object_component>
      <object_component id="oc-127">
         <name>.debug_info</name>
         <load_address>0x46c9</load_address>
         <run_address>0x46c9</run_address>
         <size>0x2c2</size>
         <input_file_ref idref="fl-9"/>
      </object_component>
      <object_component id="oc-322">
         <name>.debug_info</name>
         <load_address>0x498b</load_address>
         <run_address>0x498b</run_address>
         <size>0x234</size>
         <input_file_ref idref="fl-9"/>
      </object_component>
      <object_component id="oc-157">
         <name>.debug_info</name>
         <load_address>0x4bbf</load_address>
         <run_address>0x4bbf</run_address>
         <size>0x2b6</size>
         <input_file_ref idref="fl-9"/>
      </object_component>
      <object_component id="oc-32e">
         <name>.debug_info</name>
         <load_address>0x4e75</load_address>
         <run_address>0x4e75</run_address>
         <size>0x237</size>
         <input_file_ref idref="fl-9"/>
      </object_component>
      <object_component id="oc-14b">
         <name>.debug_info</name>
         <load_address>0x50ac</load_address>
         <run_address>0x50ac</run_address>
         <size>0x235</size>
         <input_file_ref idref="fl-9"/>
      </object_component>
      <object_component id="oc-249">
         <name>.debug_info</name>
         <load_address>0x52e1</load_address>
         <run_address>0x52e1</run_address>
         <size>0x1cd</size>
         <input_file_ref idref="fl-9"/>
      </object_component>
      <object_component id="oc-20b">
         <name>.debug_info</name>
         <load_address>0x54ae</load_address>
         <run_address>0x54ae</run_address>
         <size>0x35</size>
         <input_file_ref idref="fl-9"/>
      </object_component>
      <object_component id="oc-f7">
         <name>.debug_info</name>
         <load_address>0x54e3</load_address>
         <run_address>0x54e3</run_address>
         <size>0x733</size>
         <input_file_ref idref="fl-a"/>
      </object_component>
      <object_component id="oc-95">
         <name>.debug_info</name>
         <load_address>0x5c16</load_address>
         <run_address>0x5c16</run_address>
         <size>0x31e</size>
         <input_file_ref idref="fl-a"/>
      </object_component>
      <object_component id="oc-107">
         <name>.debug_info</name>
         <load_address>0x5f34</load_address>
         <run_address>0x5f34</run_address>
         <size>0x11a</size>
         <input_file_ref idref="fl-a"/>
      </object_component>
      <object_component id="oc-30a">
         <name>.debug_info</name>
         <load_address>0x604e</load_address>
         <run_address>0x604e</run_address>
         <size>0x11a</size>
         <input_file_ref idref="fl-a"/>
      </object_component>
      <object_component id="oc-30d">
         <name>.debug_info</name>
         <load_address>0x6168</load_address>
         <run_address>0x6168</run_address>
         <size>0x11a</size>
         <input_file_ref idref="fl-a"/>
      </object_component>
      <object_component id="oc-11d">
         <name>.debug_info</name>
         <load_address>0x6282</load_address>
         <run_address>0x6282</run_address>
         <size>0x15c</size>
         <input_file_ref idref="fl-a"/>
      </object_component>
      <object_component id="oc-227">
         <name>.debug_info</name>
         <load_address>0x63de</load_address>
         <run_address>0x63de</run_address>
         <size>0x11a</size>
         <input_file_ref idref="fl-a"/>
      </object_component>
      <object_component id="oc-310">
         <name>.debug_info</name>
         <load_address>0x64f8</load_address>
         <run_address>0x64f8</run_address>
         <size>0x128</size>
         <input_file_ref idref="fl-a"/>
      </object_component>
      <object_component id="oc-23c">
         <name>.debug_info</name>
         <load_address>0x6620</load_address>
         <run_address>0x6620</run_address>
         <size>0x11c</size>
         <input_file_ref idref="fl-a"/>
      </object_component>
      <object_component id="oc-1a4">
         <name>.debug_info</name>
         <load_address>0x673c</load_address>
         <run_address>0x673c</run_address>
         <size>0x444</size>
         <input_file_ref idref="fl-a"/>
      </object_component>
      <object_component id="oc-1aa">
         <name>.debug_info</name>
         <load_address>0x6b80</load_address>
         <run_address>0x6b80</run_address>
         <size>0x20f</size>
         <input_file_ref idref="fl-a"/>
      </object_component>
      <object_component id="oc-13f">
         <name>.debug_info</name>
         <load_address>0x6d8f</load_address>
         <run_address>0x6d8f</run_address>
         <size>0x1bc</size>
         <input_file_ref idref="fl-a"/>
      </object_component>
      <object_component id="oc-15d">
         <name>.debug_info</name>
         <load_address>0x6f4b</load_address>
         <run_address>0x6f4b</run_address>
         <size>0x27f</size>
         <input_file_ref idref="fl-a"/>
      </object_component>
      <object_component id="oc-a3">
         <name>.debug_info</name>
         <load_address>0x71ca</load_address>
         <run_address>0x71ca</run_address>
         <size>0x2f3</size>
         <input_file_ref idref="fl-a"/>
      </object_component>
      <object_component id="oc-9c">
         <name>.debug_info</name>
         <load_address>0x74bd</load_address>
         <run_address>0x74bd</run_address>
         <size>0x29e</size>
         <input_file_ref idref="fl-a"/>
      </object_component>
      <object_component id="oc-152">
         <name>.debug_info</name>
         <load_address>0x775b</load_address>
         <run_address>0x775b</run_address>
         <size>0x2c9</size>
         <input_file_ref idref="fl-a"/>
      </object_component>
      <object_component id="oc-12e">
         <name>.debug_info</name>
         <load_address>0x7a24</load_address>
         <run_address>0x7a24</run_address>
         <size>0x29f</size>
         <input_file_ref idref="fl-a"/>
      </object_component>
      <object_component id="oc-13a">
         <name>.debug_info</name>
         <load_address>0x7cc3</load_address>
         <run_address>0x7cc3</run_address>
         <size>0x1fd</size>
         <input_file_ref idref="fl-a"/>
      </object_component>
      <object_component id="oc-146">
         <name>.debug_info</name>
         <load_address>0x7ec0</load_address>
         <run_address>0x7ec0</run_address>
         <size>0x2e2</size>
         <input_file_ref idref="fl-a"/>
      </object_component>
      <object_component id="oc-241">
         <name>.debug_info</name>
         <load_address>0x81a2</load_address>
         <run_address>0x81a2</run_address>
         <size>0x1be</size>
         <input_file_ref idref="fl-a"/>
      </object_component>
      <object_component id="oc-289">
         <name>.debug_info</name>
         <load_address>0x8360</load_address>
         <run_address>0x8360</run_address>
         <size>0x216</size>
         <input_file_ref idref="fl-a"/>
      </object_component>
      <object_component id="oc-270">
         <name>.debug_info</name>
         <load_address>0x8576</load_address>
         <run_address>0x8576</run_address>
         <size>0x2f1</size>
         <input_file_ref idref="fl-a"/>
      </object_component>
      <object_component id="oc-27c">
         <name>.debug_info</name>
         <load_address>0x8867</load_address>
         <run_address>0x8867</run_address>
         <size>0x26b</size>
         <input_file_ref idref="fl-a"/>
      </object_component>
      <object_component id="oc-31c">
         <name>.debug_info</name>
         <load_address>0x8ad2</load_address>
         <run_address>0x8ad2</run_address>
         <size>0x2bd</size>
         <input_file_ref idref="fl-a"/>
      </object_component>
      <object_component id="oc-237">
         <name>.debug_info</name>
         <load_address>0x8d8f</load_address>
         <run_address>0x8d8f</run_address>
         <size>0x23c</size>
         <input_file_ref idref="fl-a"/>
      </object_component>
      <object_component id="oc-26a">
         <name>.debug_info</name>
         <load_address>0x8fcb</load_address>
         <run_address>0x8fcb</run_address>
         <size>0x2de</size>
         <input_file_ref idref="fl-a"/>
      </object_component>
      <object_component id="oc-395">
         <name>.debug_info</name>
         <load_address>0x92a9</load_address>
         <run_address>0x92a9</run_address>
         <size>0x1fc</size>
         <input_file_ref idref="fl-a"/>
      </object_component>
      <object_component id="oc-10c">
         <name>.debug_info</name>
         <load_address>0x94a5</load_address>
         <run_address>0x94a5</run_address>
         <size>0x1e7</size>
         <input_file_ref idref="fl-a"/>
      </object_component>
      <object_component id="oc-335">
         <name>.debug_info</name>
         <load_address>0x968c</load_address>
         <run_address>0x968c</run_address>
         <size>0x249</size>
         <input_file_ref idref="fl-a"/>
      </object_component>
      <object_component id="oc-221">
         <name>.debug_info</name>
         <load_address>0x98d5</load_address>
         <run_address>0x98d5</run_address>
         <size>0x26b</size>
         <input_file_ref idref="fl-a"/>
      </object_component>
      <object_component id="oc-329">
         <name>.debug_info</name>
         <load_address>0x9b40</load_address>
         <run_address>0x9b40</run_address>
         <size>0x1dc</size>
         <input_file_ref idref="fl-a"/>
      </object_component>
      <object_component id="oc-201">
         <name>.debug_info</name>
         <load_address>0x9d1c</load_address>
         <run_address>0x9d1c</run_address>
         <size>0x169</size>
         <input_file_ref idref="fl-a"/>
      </object_component>
      <object_component id="oc-206">
         <name>.debug_info</name>
         <load_address>0x9e85</load_address>
         <run_address>0x9e85</run_address>
         <size>0x46</size>
         <input_file_ref idref="fl-a"/>
      </object_component>
      <object_component id="oc-ff">
         <name>.debug_info</name>
         <load_address>0x9ecb</load_address>
         <run_address>0x9ecb</run_address>
         <size>0x38f</size>
         <input_file_ref idref="fl-b"/>
      </object_component>
      <object_component id="oc-98">
         <name>.debug_info</name>
         <load_address>0xa25a</load_address>
         <run_address>0xa25a</run_address>
         <size>0x148</size>
         <input_file_ref idref="fl-b"/>
      </object_component>
      <object_component id="oc-21c">
         <name>.debug_info</name>
         <load_address>0xa3a2</load_address>
         <run_address>0xa3a2</run_address>
         <size>0x12f</size>
         <input_file_ref idref="fl-b"/>
      </object_component>
      <object_component id="oc-277">
         <name>.debug_info</name>
         <load_address>0xa4d1</load_address>
         <run_address>0xa4d1</run_address>
         <size>0x2b9</size>
         <input_file_ref idref="fl-b"/>
      </object_component>
      <object_component id="oc-303">
         <name>.debug_info</name>
         <load_address>0xa78a</load_address>
         <run_address>0xa78a</run_address>
         <size>0x1ef</size>
         <input_file_ref idref="fl-b"/>
      </object_component>
      <object_component id="oc-282">
         <name>.debug_info</name>
         <load_address>0xa979</load_address>
         <run_address>0xa979</run_address>
         <size>0x255</size>
         <input_file_ref idref="fl-b"/>
      </object_component>
      <object_component id="oc-122">
         <name>.debug_info</name>
         <load_address>0xabce</load_address>
         <run_address>0xabce</run_address>
         <size>0x201</size>
         <input_file_ref idref="fl-b"/>
      </object_component>
      <object_component id="oc-134">
         <name>.debug_info</name>
         <load_address>0xadcf</load_address>
         <run_address>0xadcf</run_address>
         <size>0x1ff</size>
         <input_file_ref idref="fl-b"/>
      </object_component>
      <object_component id="oc-46">
         <name>.debug_info</name>
         <load_address>0xafce</load_address>
         <run_address>0xafce</run_address>
         <size>0x21c</size>
         <input_file_ref idref="fl-b"/>
      </object_component>
      <object_component id="oc-316">
         <name>.debug_info</name>
         <load_address>0xb1ea</load_address>
         <run_address>0xb1ea</run_address>
         <size>0x20d</size>
         <input_file_ref idref="fl-b"/>
      </object_component>
      <object_component id="oc-42">
         <name>.debug_info</name>
         <load_address>0xb3f7</load_address>
         <run_address>0xb3f7</run_address>
         <size>0x27d</size>
         <input_file_ref idref="fl-c"/>
      </object_component>
      <object_component id="oc-2f2">
         <name>.debug_info</name>
         <load_address>0xb674</load_address>
         <run_address>0xb674</run_address>
         <size>0x39e</size>
         <input_file_ref idref="fl-d"/>
      </object_component>
      <object_component id="oc-379">
         <name>.debug_info</name>
         <load_address>0xba12</load_address>
         <run_address>0xba12</run_address>
         <size>0x116</size>
         <input_file_ref idref="fl-d"/>
      </object_component>
      <object_component id="oc-2ec">
         <name>.debug_info</name>
         <load_address>0xbb28</load_address>
         <run_address>0xbb28</run_address>
         <size>0x116</size>
         <input_file_ref idref="fl-d"/>
      </object_component>
      <object_component id="oc-2ef">
         <name>.debug_info</name>
         <load_address>0xbc3e</load_address>
         <run_address>0xbc3e</run_address>
         <size>0x112</size>
         <input_file_ref idref="fl-d"/>
      </object_component>
      <object_component id="oc-2e9">
         <name>.debug_info</name>
         <load_address>0xbd50</load_address>
         <run_address>0xbd50</run_address>
         <size>0x130</size>
         <input_file_ref idref="fl-d"/>
      </object_component>
      <object_component id="oc-25c">
         <name>.debug_info</name>
         <load_address>0xbe80</load_address>
         <run_address>0xbe80</run_address>
         <size>0x3a8</size>
         <input_file_ref idref="fl-d"/>
      </object_component>
      <object_component id="oc-2f5">
         <name>.debug_info</name>
         <load_address>0xc228</load_address>
         <run_address>0xc228</run_address>
         <size>0x2b6</size>
         <input_file_ref idref="fl-d"/>
      </object_component>
      <object_component id="oc-2e3">
         <name>.debug_info</name>
         <load_address>0xc4de</load_address>
         <run_address>0xc4de</run_address>
         <size>0x239</size>
         <input_file_ref idref="fl-d"/>
      </object_component>
      <object_component id="oc-380">
         <name>.debug_info</name>
         <load_address>0xc717</load_address>
         <run_address>0xc717</run_address>
         <size>0x62</size>
         <input_file_ref idref="fl-d"/>
      </object_component>
      <object_component id="oc-342">
         <name>.debug_info</name>
         <load_address>0xc779</load_address>
         <run_address>0xc779</run_address>
         <size>0x2b9</size>
         <input_file_ref idref="fl-e"/>
      </object_component>
      <object_component id="oc-2dc">
         <name>.debug_info</name>
         <load_address>0xca32</load_address>
         <run_address>0xca32</run_address>
         <size>0xfa</size>
         <input_file_ref idref="fl-e"/>
      </object_component>
      <object_component id="oc-3aa">
         <name>.debug_info</name>
         <load_address>0xcb2c</load_address>
         <run_address>0xcb2c</run_address>
         <size>0xf4</size>
         <input_file_ref idref="fl-e"/>
      </object_component>
      <object_component id="oc-2df">
         <name>.debug_info</name>
         <load_address>0xcc20</load_address>
         <run_address>0xcc20</run_address>
         <size>0x102</size>
         <input_file_ref idref="fl-e"/>
      </object_component>
      <object_component id="oc-2d6">
         <name>.debug_info</name>
         <load_address>0xcd22</load_address>
         <run_address>0xcd22</run_address>
         <size>0x106</size>
         <input_file_ref idref="fl-e"/>
      </object_component>
      <object_component id="oc-255">
         <name>.debug_info</name>
         <load_address>0xce28</load_address>
         <run_address>0xce28</run_address>
         <size>0x257</size>
         <input_file_ref idref="fl-e"/>
      </object_component>
      <object_component id="oc-39f">
         <name>.debug_info</name>
         <load_address>0xd07f</load_address>
         <run_address>0xd07f</run_address>
         <size>0x1f4</size>
         <input_file_ref idref="fl-e"/>
      </object_component>
      <object_component id="oc-2d9">
         <name>.debug_info</name>
         <load_address>0xd273</load_address>
         <run_address>0xd273</run_address>
         <size>0x253</size>
         <input_file_ref idref="fl-e"/>
      </object_component>
      <object_component id="oc-33c">
         <name>.debug_info</name>
         <load_address>0xd4c6</load_address>
         <run_address>0xd4c6</run_address>
         <size>0x354</size>
         <input_file_ref idref="fl-e"/>
      </object_component>
      <object_component id="oc-29b">
         <name>.debug_info</name>
         <load_address>0xd81a</load_address>
         <run_address>0xd81a</run_address>
         <size>0x1bf</size>
         <input_file_ref idref="fl-e"/>
      </object_component>
      <object_component id="oc-369">
         <name>.debug_info</name>
         <load_address>0xd9d9</load_address>
         <run_address>0xd9d9</run_address>
         <size>0x8b</size>
         <input_file_ref idref="fl-e"/>
      </object_component>
      <object_component id="oc-60">
         <name>.debug_info</name>
         <load_address>0xda64</load_address>
         <run_address>0xda64</run_address>
         <size>0x119</size>
         <input_file_ref idref="fl-cb"/>
      </object_component>
      <object_component id="oc-d9">
         <name>.debug_info</name>
         <load_address>0xdb7d</load_address>
         <run_address>0xdb7d</run_address>
         <size>0x147</size>
         <input_file_ref idref="fl-cc"/>
      </object_component>
      <object_component id="oc-3a5">
         <name>.debug_info</name>
         <load_address>0xdcc4</load_address>
         <run_address>0xdcc4</run_address>
         <size>0x142</size>
         <input_file_ref idref="fl-cd"/>
      </object_component>
      <object_component id="oc-d6">
         <name>.debug_info</name>
         <load_address>0xde06</load_address>
         <run_address>0xde06</run_address>
         <size>0x2d4</size>
         <input_file_ref idref="fl-ce"/>
      </object_component>
      <object_component id="oc-72">
         <name>.debug_info</name>
         <load_address>0xe0da</load_address>
         <run_address>0xe0da</run_address>
         <size>0x1b5</size>
         <input_file_ref idref="fl-ce"/>
      </object_component>
      <object_component id="oc-d1">
         <name>.debug_info</name>
         <load_address>0xe28f</load_address>
         <run_address>0xe28f</run_address>
         <size>0x46</size>
         <input_file_ref idref="fl-ce"/>
      </object_component>
      <object_component id="oc-18e">
         <name>.debug_info</name>
         <load_address>0xe2d5</load_address>
         <run_address>0xe2d5</run_address>
         <size>0x2c</size>
         <input_file_ref idref="fl-ce"/>
      </object_component>
      <object_component id="oc-69">
         <name>.debug_info</name>
         <load_address>0xe301</load_address>
         <run_address>0xe301</run_address>
         <size>0x2a8</size>
         <input_file_ref idref="fl-cf"/>
      </object_component>
      <object_component id="oc-1d">
         <name>.debug_info</name>
         <load_address>0xe5a9</load_address>
         <run_address>0xe5a9</run_address>
         <size>0x1ea</size>
         <input_file_ref idref="fl-cf"/>
      </object_component>
      <object_component id="oc-64">
         <name>.debug_info</name>
         <load_address>0xe793</load_address>
         <run_address>0xe793</run_address>
         <size>0x46</size>
         <input_file_ref idref="fl-cf"/>
      </object_component>
      <object_component id="oc-c9">
         <name>.debug_info</name>
         <load_address>0xe7d9</load_address>
         <run_address>0xe7d9</run_address>
         <size>0x2c</size>
         <input_file_ref idref="fl-cf"/>
      </object_component>
      <object_component id="oc-c7">
         <name>.debug_info</name>
         <load_address>0xe805</load_address>
         <run_address>0xe805</run_address>
         <size>0x29e</size>
         <input_file_ref idref="fl-d0"/>
      </object_component>
      <object_component id="oc-18">
         <name>.debug_info</name>
         <load_address>0xeaa3</load_address>
         <run_address>0xeaa3</run_address>
         <size>0x250</size>
         <input_file_ref idref="fl-d0"/>
      </object_component>
      <object_component id="oc-54">
         <name>.debug_info</name>
         <load_address>0xecf3</load_address>
         <run_address>0xecf3</run_address>
         <size>0x60</size>
         <input_file_ref idref="fl-d0"/>
      </object_component>
      <object_component id="oc-187">
         <name>.debug_info</name>
         <load_address>0xed53</load_address>
         <run_address>0xed53</run_address>
         <size>0x46</size>
         <input_file_ref idref="fl-d0"/>
      </object_component>
      <object_component id="oc-c2">
         <name>.debug_info</name>
         <load_address>0xed99</load_address>
         <run_address>0xed99</run_address>
         <size>0x39</size>
         <input_file_ref idref="fl-d0"/>
      </object_component>
      <object_component id="oc-25">
         <name>.debug_info</name>
         <load_address>0xedd2</load_address>
         <run_address>0xedd2</run_address>
         <size>0x10b</size>
         <input_file_ref idref="fl-d1"/>
      </object_component>
      <object_component id="oc-7d">
         <name>.debug_info</name>
         <load_address>0xeedd</load_address>
         <run_address>0xeedd</run_address>
         <size>0x1a9</size>
         <input_file_ref idref="fl-d1"/>
      </object_component>
      <object_component id="oc-3c4">
         <name>.debug_info</name>
         <load_address>0xf086</load_address>
         <run_address>0xf086</run_address>
         <size>0x115</size>
         <input_file_ref idref="fl-d2"/>
      </object_component>
      <object_component id="oc-2ad">
         <name>.debug_info</name>
         <load_address>0xf19b</load_address>
         <run_address>0xf19b</run_address>
         <size>0x4b3</size>
         <input_file_ref idref="fl-d3"/>
      </object_component>
      <object_component id="oc-1c9">
         <name>.debug_info</name>
         <load_address>0xf64e</load_address>
         <run_address>0xf64e</run_address>
         <size>0x1a6</size>
         <input_file_ref idref="fl-d3"/>
      </object_component>
      <object_component id="oc-358">
         <name>.debug_info</name>
         <load_address>0xf7f4</load_address>
         <run_address>0xf7f4</run_address>
         <size>0x39</size>
         <input_file_ref idref="fl-d3"/>
      </object_component>
      <object_component id="oc-3b2">
         <name>.debug_info</name>
         <load_address>0xf82d</load_address>
         <run_address>0xf82d</run_address>
         <size>0x39</size>
         <input_file_ref idref="fl-d3"/>
      </object_component>
      <object_component id="oc-35d">
         <name>.debug_info</name>
         <load_address>0xf866</load_address>
         <run_address>0xf866</run_address>
         <size>0x39</size>
         <input_file_ref idref="fl-d3"/>
      </object_component>
      <object_component id="oc-362">
         <name>.debug_info</name>
         <load_address>0xf89f</load_address>
         <run_address>0xf89f</run_address>
         <size>0xcd</size>
         <input_file_ref idref="fl-d3"/>
      </object_component>
      <object_component id="oc-de">
         <name>.debug_info</name>
         <load_address>0xf96c</load_address>
         <run_address>0xf96c</run_address>
         <size>0x153</size>
         <input_file_ref idref="fl-d4"/>
      </object_component>
      <object_component id="oc-1bf">
         <name>.debug_info</name>
         <load_address>0xfabf</load_address>
         <run_address>0xfabf</run_address>
         <size>0x122</size>
         <input_file_ref idref="fl-d6"/>
      </object_component>
      <object_component id="oc-2cf">
         <name>.debug_info</name>
         <load_address>0xfbe1</load_address>
         <run_address>0xfbe1</run_address>
         <size>0x18b</size>
         <input_file_ref idref="fl-d9"/>
      </object_component>
      <object_component id="oc-2d4">
         <name>.debug_info</name>
         <load_address>0xfd6c</load_address>
         <run_address>0xfd6c</run_address>
         <size>0x227</size>
         <input_file_ref idref="fl-da"/>
      </object_component>
      <object_component id="oc-251">
         <name>.debug_info</name>
         <load_address>0xff93</load_address>
         <run_address>0xff93</run_address>
         <size>0x291</size>
         <input_file_ref idref="fl-da"/>
      </object_component>
      <object_component id="oc-3fb">
         <name>.debug_info</name>
         <load_address>0x10224</load_address>
         <run_address>0x10224</run_address>
         <size>0x9c</size>
      </object_component>
      <object_component id="oc-172">
         <name>.debug_line</name>
         <load_address>0x0</load_address>
         <run_address>0x0</run_address>
         <size>0x139</size>
         <input_file_ref idref="fl-4"/>
      </object_component>
      <object_component id="oc-170">
         <name>.debug_line</name>
         <load_address>0x139</load_address>
         <run_address>0x139</run_address>
         <size>0x2b</size>
         <input_file_ref idref="fl-4"/>
      </object_component>
      <object_component id="oc-102">
         <name>.debug_line</name>
         <load_address>0x164</load_address>
         <run_address>0x164</run_address>
         <size>0x3d</size>
         <input_file_ref idref="fl-4"/>
      </object_component>
      <object_component id="oc-299">
         <name>.debug_line</name>
         <load_address>0x1a1</load_address>
         <run_address>0x1a1</run_address>
         <size>0x52</size>
         <input_file_ref idref="fl-4"/>
      </object_component>
      <object_component id="oc-4f">
         <name>.debug_line</name>
         <load_address>0x1f3</load_address>
         <run_address>0x1f3</run_address>
         <size>0x53</size>
         <input_file_ref idref="fl-4"/>
      </object_component>
      <object_component id="oc-199">
         <name>.debug_line</name>
         <load_address>0x246</load_address>
         <run_address>0x246</run_address>
         <size>0x49</size>
         <input_file_ref idref="fl-4"/>
      </object_component>
      <object_component id="oc-1b1">
         <name>.debug_line</name>
         <load_address>0x28f</load_address>
         <run_address>0x28f</run_address>
         <size>0x51</size>
         <input_file_ref idref="fl-4"/>
      </object_component>
      <object_component id="oc-1b6">
         <name>.debug_line</name>
         <load_address>0x2e0</load_address>
         <run_address>0x2e0</run_address>
         <size>0x4b</size>
         <input_file_ref idref="fl-4"/>
      </object_component>
      <object_component id="oc-e4">
         <name>.debug_line</name>
         <load_address>0x32b</load_address>
         <run_address>0x32b</run_address>
         <size>0x50</size>
         <input_file_ref idref="fl-4"/>
      </object_component>
      <object_component id="oc-16d">
         <name>.debug_line</name>
         <load_address>0x37b</load_address>
         <run_address>0x37b</run_address>
         <size>0x70</size>
         <input_file_ref idref="fl-4"/>
      </object_component>
      <object_component id="oc-bb">
         <name>.debug_line</name>
         <load_address>0x3eb</load_address>
         <run_address>0x3eb</run_address>
         <size>0x6f</size>
         <input_file_ref idref="fl-4"/>
      </object_component>
      <object_component id="oc-5c">
         <name>.debug_line</name>
         <load_address>0x45a</load_address>
         <run_address>0x45a</run_address>
         <size>0x20</size>
         <input_file_ref idref="fl-4"/>
      </object_component>
      <object_component id="oc-166">
         <name>.debug_line</name>
         <load_address>0x47a</load_address>
         <run_address>0x47a</run_address>
         <size>0x71</size>
         <input_file_ref idref="fl-4"/>
      </object_component>
      <object_component id="oc-17b">
         <name>.debug_line</name>
         <load_address>0x4eb</load_address>
         <run_address>0x4eb</run_address>
         <size>0x72</size>
         <input_file_ref idref="fl-4"/>
      </object_component>
      <object_component id="oc-180">
         <name>.debug_line</name>
         <load_address>0x55d</load_address>
         <run_address>0x55d</run_address>
         <size>0x74</size>
         <input_file_ref idref="fl-4"/>
      </object_component>
      <object_component id="oc-185">
         <name>.debug_line</name>
         <load_address>0x5d1</load_address>
         <run_address>0x5d1</run_address>
         <size>0x73</size>
         <input_file_ref idref="fl-4"/>
      </object_component>
      <object_component id="oc-c0">
         <name>.debug_line</name>
         <load_address>0x644</load_address>
         <run_address>0x644</run_address>
         <size>0x70</size>
         <input_file_ref idref="fl-4"/>
      </object_component>
      <object_component id="oc-fb">
         <name>.debug_line</name>
         <load_address>0x6b4</load_address>
         <run_address>0x6b4</run_address>
         <size>0x83</size>
         <input_file_ref idref="fl-4"/>
      </object_component>
      <object_component id="oc-346">
         <name>.debug_line</name>
         <load_address>0x737</load_address>
         <run_address>0x737</run_address>
         <size>0x6b</size>
         <input_file_ref idref="fl-4"/>
      </object_component>
      <object_component id="oc-176">
         <name>.debug_line</name>
         <load_address>0x7a2</load_address>
         <run_address>0x7a2</run_address>
         <size>0x70</size>
         <input_file_ref idref="fl-4"/>
      </object_component>
      <object_component id="oc-b7">
         <name>.debug_line</name>
         <load_address>0x812</load_address>
         <run_address>0x812</run_address>
         <size>0x34</size>
         <input_file_ref idref="fl-5"/>
      </object_component>
      <object_component id="oc-51">
         <name>.debug_line</name>
         <load_address>0x846</load_address>
         <run_address>0x846</run_address>
         <size>0x34</size>
         <input_file_ref idref="fl-5"/>
      </object_component>
      <object_component id="oc-2b">
         <name>.debug_line</name>
         <load_address>0x87a</load_address>
         <run_address>0x87a</run_address>
         <size>0x4c</size>
         <input_file_ref idref="fl-5"/>
      </object_component>
      <object_component id="oc-2e">
         <name>.debug_line</name>
         <load_address>0x8c6</load_address>
         <run_address>0x8c6</run_address>
         <size>0x49</size>
         <input_file_ref idref="fl-5"/>
      </object_component>
      <object_component id="oc-38">
         <name>.debug_line</name>
         <load_address>0x90f</load_address>
         <run_address>0x90f</run_address>
         <size>0x49</size>
         <input_file_ref idref="fl-5"/>
      </object_component>
      <object_component id="oc-3a">
         <name>.debug_line</name>
         <load_address>0x958</load_address>
         <run_address>0x958</run_address>
         <size>0x49</size>
         <input_file_ref idref="fl-5"/>
      </object_component>
      <object_component id="oc-2c3">
         <name>.debug_line</name>
         <load_address>0x9a1</load_address>
         <run_address>0x9a1</run_address>
         <size>0x20</size>
         <input_file_ref idref="fl-8"/>
      </object_component>
      <object_component id="oc-263">
         <name>.debug_line</name>
         <load_address>0x9c1</load_address>
         <run_address>0x9c1</run_address>
         <size>0x84</size>
         <input_file_ref idref="fl-8"/>
      </object_component>
      <object_component id="oc-2ff">
         <name>.debug_line</name>
         <load_address>0xa45</load_address>
         <run_address>0xa45</run_address>
         <size>0x80</size>
         <input_file_ref idref="fl-8"/>
      </object_component>
      <object_component id="oc-117">
         <name>.debug_line</name>
         <load_address>0xac5</load_address>
         <run_address>0xac5</run_address>
         <size>0x88</size>
         <input_file_ref idref="fl-8"/>
      </object_component>
      <object_component id="oc-234">
         <name>.debug_line</name>
         <load_address>0xb4d</load_address>
         <run_address>0xb4d</run_address>
         <size>0x97</size>
         <input_file_ref idref="fl-8"/>
      </object_component>
      <object_component id="oc-112">
         <name>.debug_line</name>
         <load_address>0xbe4</load_address>
         <run_address>0xbe4</run_address>
         <size>0x8d</size>
         <input_file_ref idref="fl-8"/>
      </object_component>
      <object_component id="oc-1ff">
         <name>.debug_line</name>
         <load_address>0xc71</load_address>
         <run_address>0xc71</run_address>
         <size>0x6b</size>
         <input_file_ref idref="fl-8"/>
      </object_component>
      <object_component id="oc-248">
         <name>.debug_line</name>
         <load_address>0xcdc</load_address>
         <run_address>0xcdc</run_address>
         <size>0x1c0</size>
         <input_file_ref idref="fl-9"/>
      </object_component>
      <object_component id="oc-1a2">
         <name>.debug_line</name>
         <load_address>0xe9c</load_address>
         <run_address>0xe9c</run_address>
         <size>0x99</size>
         <input_file_ref idref="fl-9"/>
      </object_component>
      <object_component id="oc-ad">
         <name>.debug_line</name>
         <load_address>0xf35</load_address>
         <run_address>0xf35</run_address>
         <size>0xd2</size>
         <input_file_ref idref="fl-9"/>
      </object_component>
      <object_component id="oc-292">
         <name>.debug_line</name>
         <load_address>0x1007</load_address>
         <run_address>0x1007</run_address>
         <size>0xe7</size>
         <input_file_ref idref="fl-9"/>
      </object_component>
      <object_component id="oc-12b">
         <name>.debug_line</name>
         <load_address>0x10ee</load_address>
         <run_address>0x10ee</run_address>
         <size>0xab</size>
         <input_file_ref idref="fl-9"/>
      </object_component>
      <object_component id="oc-326">
         <name>.debug_line</name>
         <load_address>0x1199</load_address>
         <run_address>0x1199</run_address>
         <size>0x8b</size>
         <input_file_ref idref="fl-9"/>
      </object_component>
      <object_component id="oc-15b">
         <name>.debug_line</name>
         <load_address>0x1224</load_address>
         <run_address>0x1224</run_address>
         <size>0xcd</size>
         <input_file_ref idref="fl-9"/>
      </object_component>
      <object_component id="oc-332">
         <name>.debug_line</name>
         <load_address>0x12f1</load_address>
         <run_address>0x12f1</run_address>
         <size>0x8c</size>
         <input_file_ref idref="fl-9"/>
      </object_component>
      <object_component id="oc-14e">
         <name>.debug_line</name>
         <load_address>0x137d</load_address>
         <run_address>0x137d</run_address>
         <size>0x8c</size>
         <input_file_ref idref="fl-9"/>
      </object_component>
      <object_component id="oc-24c">
         <name>.debug_line</name>
[...]
            <object_component_ref idref="oc-381"/>
            <object_component_ref idref="oc-36a"/>
            <object_component_ref idref="oc-d2"/>
            <object_component_ref idref="oc-18f"/>
            <object_component_ref idref="oc-65"/>
            <object_component_ref idref="oc-ca"/>
            <object_component_ref idref="oc-55"/>
            <object_component_ref idref="oc-188"/>
            <object_component_ref idref="oc-c3"/>
            <object_component_ref idref="oc-359"/>
            <object_component_ref idref="oc-3b3"/>
            <object_component_ref idref="oc-35e"/>
            <object_component_ref idref="oc-363"/>
            <object_component_ref idref="oc-2d0"/>
         </contents>
      </logical_group>
      <logical_group id="lg-3f9" display="no" color="cyan">
         <name>Veneer$$CMSE</name>
         <run_address>0x0</run_address>
         <size>0x0</size>
         <contents>
         </contents>
      </logical_group>
      <load_segment id="lg-400" display="no" color="cyan">
         <name>SEGMENT_0</name>
         <load_address>0x0</load_address>
         <run_address>0x0</run_address>
         <size>0x2030</size>
         <flags>0x5</flags>
         <contents>
            <logical_group_ref idref="lg-3"/>
            <logical_group_ref idref="lg-4"/>
            <logical_group_ref idref="lg-5"/>
            <logical_group_ref idref="lg-6"/>
         </contents>
      </load_segment>
      <load_segment id="lg-401" display="no" color="cyan">
         <name>SEGMENT_1</name>
         <run_address>0x20000000</run_address>
         <size>0x7940</size>
         <flags>0x6</flags>
         <contents>
            <logical_group_ref idref="lg-b"/>
            <logical_group_ref idref="lg-d"/>
            <logical_group_ref idref="lg-a"/>
         </contents>
      </load_segment>
   </logical_group_list>
   <placement_map>
      <memory_area display="yes" color="green">
         <name>FLASH</name>
         <page_id>0x0</page_id>
         <origin>0x0</origin>
         <length>0x40000</length>
         <used_space>0x202c</used_space>
         <unused_space>0x3dfd4</unused_space>
         <attributes>RX</attributes>
         <usage_details>
            <allocated_space>
               <start_address>0x0</start_address>
               <size>0x26c</size>
               <logical_group_ref idref="lg-3"/>
            </allocated_space>
            <allocated_space>
               <start_address>0x26c</start_address>
               <size>0x1d54</size>
               <logical_group_ref idref="lg-4"/>
            </allocated_space>
            <allocated_space>
               <start_address>0x1fc0</start_address>
               <size>0x34</size>
               <logical_group_ref idref="lg-5"/>
            </allocated_space>
            <available_space>
               <start_address>0x1ff4</start_address>
               <size>0x4</size>
            </available_space>
            <allocated_space>
               <start_address>0x1ff8</start_address>
               <size>0x38</size>
               <logical_group_ref idref="lg-6"/>
            </allocated_space>
            <available_space>
               <start_address>0x2030</start_address>
               <size>0x3dfd0</size>
            </available_space>
         </usage_details>
      </memory_area>
      <memory_area display="yes" color="green">
         <name>SRAM</name>
         <page_id>0x0</page_id>
         <origin>0x20000000</origin>
         <length>0x8000</length>
         <used_space>0x793c</used_space>
         <unused_space>0x6c4</unused_space>
         <attributes>RWX</attributes>
         <usage_details>
            <allocated_space>
               <start_address>0x20000000</start_address>
               <size>0x0</size>
               <logical_group_ref idref="lg-3ce"/>
            </allocated_space>
            <allocated_space>
               <start_address>0x20000000</start_address>
               <size>0x76f4</size>
               <logical_group_ref idref="lg-b"/>
            </allocated_space>
            <available_space>
               <start_address>0x200076f4</start_address>
               <size>0x4</size>
            </available_space>
            <allocated_space>
               <start_address>0x200076f8</start_address>
               <size>0x200</size>
               <logical_group_ref idref="lg-d"/>
            </allocated_space>
            <allocated_space>
               <start_address>0x200078f8</start_address>
               <size>0x48</size>
               <logical_group_ref idref="lg-a"/>
            </allocated_space>
            <available_space>
               <start_address>0x20007940</start_address>
               <size>0x6c0</size>
            </available_space>
         </usage_details>
      </memory_area>
   </placement_map>
   <cptbl_list>
      <cptbl>
         <name>__TI_cinit_table</name>
         <cprec>
            <name>.data</name>
            <load_address>0x1ff8</load_address>
            <load_size>0x10</load_size>
            <run_address>0x200078f8</run_address>
            <run_size>0x48</run_size>
            <compression>lzss</compression>
         </cprec>
         <cprec>
            <name>.bss</name>
            <load_address>0x2018</load_address>
            <load_size>0x8</load_size>
            <run_address>0x20000000</run_address>
            <run_size>0x76f4</run_size>
            <compression>zero_init</compression>
         </cprec>
      </cptbl>
   </cptbl_list>
   <handler_table>
      <handler_table_name>__TI_handler_table</handler_table_name>
      <handler>
         <index>0x0</index>
         <name>__TI_decompress_lzss</name>
      </handler>
      <handler>
         <index>0x1</index>
         <name>__TI_decompress_none</name>
      </handler>
      <handler>
         <index>0x2</index>
         <name>__TI_zero_init</name>
      </handler>
   </handler_table>
   <symbol_table>
      <symbol id="sm-1">
         <name>__STACK_TOP</name>
         <value>0x200078f8</value>
      </symbol>
      <symbol id="sm-2">
         <name>__start___llvm_prf_cnts</name>
         <value>0x20000000</value>
      </symbol>
      <symbol id="sm-3">
         <name>__stop___llvm_prf_cnts</name>
         <value>0x20000000</value>
      </symbol>
      <symbol id="sm-4">
         <name>__TI_CINIT_Base</name>
         <value>0x2020</value>
      </symbol>
      <symbol id="sm-5">
         <name>__TI_CINIT_Limit</name>
         <value>0x2030</value>
      </symbol>
      <symbol id="sm-6">
         <name>__TI_Handler_Table_Base</name>
         <value>0x2008</value>
      </symbol>
      <symbol id="sm-7">
         <name>__TI_Handler_Table_Limit</name>
         <value>0x2014</value>
      </symbol>
      <symbol id="sm-8">
         <name>binit</name>
         <value>0xffffffff</value>
      </symbol>
      <symbol id="sm-9">
         <name>__binit__</name>
         <value>0xffffffff</value>
      </symbol>
      <symbol id="sm-a">
         <name>__STACK_SIZE</name>
         <value>0x200</value>
      </symbol>
      <symbol id="sm-b">
         <name>__STACK_END</name>
         <value>0x200078f8</value>
      </symbol>
      <symbol id="sm-c">
         <name>__c_args__</name>
         <value>0xffffffff</value>
      </symbol>
      <symbol id="sm-d">
         <name>__TI_pprof_out_hndl</name>
         <value>0xffffffff</value>
      </symbol>
      <symbol id="sm-e">
         <name>__TI_prof_data_start</name>
         <value>0xffffffff</value>
      </symbol>
      <symbol id="sm-f">
         <name>__TI_prof_data_size</name>
         <value>0xffffffff</value>
      </symbol>
      <symbol id="sm-d7">
         <name>g_pTask1Semaphore</name>
         <value>0x200076ec</value>
      </symbol>
      <symbol id="sm-d8">
         <name>g_pTask2Semaphore</name>
         <value>0x200076f0</value>
      </symbol>
      <symbol id="sm-d9">
         <name>vApplicationStackOverflowHook</name>
         <value>0x1fa3</value>
         <object_component_ref idref="oc-100"/>
      </symbol>
      <symbol id="sm-da">
         <name>main</name>
         <value>0xa71</value>
         <object_component_ref idref="oc-e3"/>
      </symbol>
      <symbol id="sm-db">
         <name>ConfigureUART</name>
         <value>0x1565</value>
         <object_component_ref idref="oc-197"/>
      </symbol>
      <symbol id="sm-dc">
         <name>fact</name>
         <value>0x1dd1</value>
         <object_component_ref idref="oc-294"/>
      </symbol>
      <symbol id="sm-dd">
         <name>Timer0IntHandler</name>
         <value>0x1475</value>
         <object_component_ref idref="oc-4a"/>
      </symbol>
      <symbol id="sm-10e">
         <name>ResetISR</name>
         <value>0x1fad</value>
         <object_component_ref idref="oc-27"/>
      </symbol>
      <symbol id="sm-10f">
         <name>g_pfnVectors</name>
         <value>0x0</value>
         <object_component_ref idref="oc-12"/>
      </symbol>
      <symbol id="sm-148">
         <name>uxListRemove</name>
         <value>0x1ba9</value>
         <object_component_ref idref="oc-110"/>
      </symbol>
      <symbol id="sm-149">
         <name>vListInsert</name>
         <value>0x18d1</value>
         <object_component_ref idref="oc-22f"/>
      </symbol>
      <symbol id="sm-14a">
         <name>vListInitialiseItem</name>
         <value>0x1f51</value>
         <object_component_ref idref="oc-2fb"/>
      </symbol>
      <symbol id="sm-14b">
         <name>vListInsertEnd</name>
         <value>0x1d31</value>
         <object_component_ref idref="oc-116"/>
      </symbol>
      <symbol id="sm-14c">
         <name>vListInitialise</name>
         <value>0x1da1</value>
         <object_component_ref idref="oc-261"/>
      </symbol>
      <symbol id="sm-1d6">
         <name>xQueueCreateMutex</name>
         <value>0x14ed</value>
         <object_component_ref idref="oc-19d"/>
      </symbol>
      <symbol id="sm-1d7">
         <name>xQueueGenericSend</name>
         <value>0x949</value>
         <object_component_ref idref="oc-a8"/>
      </symbol>
      <symbol id="sm-1d8">
         <name>xQueueGenericReceive</name>
         <value>0x579</value>
         <object_component_ref idref="oc-28e"/>
      </symbol>
      <symbol id="sm-38d">
         <name>vTaskSuspendAll</name>
         <value>0x1f61</value>
         <object_component_ref idref="oc-13e"/>
      </symbol>
      <symbol id="sm-38e">
         <name>vTaskPriorityInherit</name>
         <value>0xe51</value>
         <object_component_ref idref="oc-333"/>
      </symbol>
      <symbol id="sm-38f">
         <name>vTaskPlaceOnEventList</name>
         <value>0x1869</value>
         <object_component_ref idref="oc-150"/>
      </symbol>
      <symbol id="sm-390">
         <name>xTaskCheckForTimeOut</name>
         <value>0x12f5</value>
         <object_component_ref idref="oc-144"/>
      </symbol>
      <symbol id="sm-391">
         <name>xTaskPriorityDisinherit</name>
         <value>0x108d</value>
         <object_component_ref idref="oc-21f"/>
      </symbol>
      <symbol id="sm-392">
         <name>vTaskStartScheduler</name>
         <value>0x16c1</value>
         <object_component_ref idref="oc-1a9"/>
      </symbol>
      <symbol id="sm-393">
         <name>pvTaskIncrementMutexHeldCount</name>
         <value>0x1edd</value>
         <object_component_ref idref="oc-327"/>
      </symbol>
      <symbol id="sm-394">
         <name>vTaskMissedYield</name>
         <value>0x1f8d</value>
         <object_component_ref idref="oc-23f"/>
      </symbol>
      <symbol id="sm-395">
         <name>xTaskResumeAll</name>
         <value>0xc85</value>
         <object_component_ref idref="oc-15c"/>
      </symbol>
      <symbol id="sm-396">
         <name>xTaskGenericCreate</name>
         <value>0x6e1</value>
         <object_component_ref idref="oc-1a3"/>
      </symbol>
      <symbol id="sm-397">
         <name>pxCurrentTCB</name>
         <value>0x200078f8</value>
         <object_component_ref idref="oc-94"/>
      </symbol>
      <symbol id="sm-398">
         <name>vTaskSetTimeOutState</name>
         <value>0x1e99</value>
         <object_component_ref idref="oc-138"/>
      </symbol>
      <symbol id="sm-399">
         <name>xTaskIncrementTick</name>
         <value>0x815</value>
         <object_component_ref idref="oc-a1"/>
      </symbol>
      <symbol id="sm-39a">
         <name>vTaskSwitchContext</name>
         <value>0xfd5</value>
         <object_component_ref idref="oc-9a"/>
      </symbol>
      <symbol id="sm-39b">
         <name>xTaskRemoveFromEventList</name>
         <value>0x1265</value>
         <object_component_ref idref="oc-12c"/>
      </symbol>
      <symbol id="sm-3f9">
         <name>ulMaxSyscallInterruptPriority</name>
         <value>0x1fec</value>
         <object_component_ref idref="oc-97"/>
      </symbol>
      <symbol id="sm-3fa">
         <name>vPortSetupTimerInterrupt</name>
         <value>0x1f15</value>
         <object_component_ref idref="oc-313"/>
      </symbol>
      <symbol id="sm-3fb">
         <name>xPortSysTickHandler</name>
         <value>0x1dfd</value>
         <object_component_ref idref="oc-44"/>
      </symbol>
      <symbol id="sm-3fc">
         <name>pxPortInitialiseStack</name>
         <value>0x1a4d</value>
         <object_component_ref idref="oc-274"/>
      </symbol>
      <symbol id="sm-3fd">
         <name>vPortExitCritical</name>
         <value>0x1ef9</value>
         <object_component_ref idref="oc-132"/>
      </symbol>
      <symbol id="sm-3fe">
         <name>xPortStartScheduler</name>
         <value>0x1c35</value>
         <object_component_ref idref="oc-281"/>
      </symbol>
      <symbol id="sm-3ff">
         <name>vPortEnterCritical</name>
         <value>0x1e75</value>
         <object_component_ref idref="oc-120"/>
      </symbol>
      <symbol id="sm-40e">
         <name>vPortStartFirstTask</name>
         <value>0xe25</value>
         <object_component_ref idref="oc-3f"/>
      </symbol>
      <symbol id="sm-40f">
         <name>ulPortGetIPSR</name>
         <value>0xd8d</value>
         <object_component_ref idref="oc-3f"/>
      </symbol>
      <symbol id="sm-410">
         <name>vPortEnableVFP</name>
         <value>0xe41</value>
         <object_component_ref idref="oc-3f"/>
      </symbol>
      <symbol id="sm-411">
         <name>xPortPendSVHandler</name>
         <value>0xda5</value>
         <object_component_ref idref="oc-3f"/>
      </symbol>
      <symbol id="sm-412">
         <name>vPortSVCHandler</name>
         <value>0xe05</value>
         <object_component_ref idref="oc-3f"/>
      </symbol>
      <symbol id="sm-46b">
         <name>pvPortMalloc</name>
         <value>0xb7d</value>
         <object_component_ref idref="oc-25b"/>
      </symbol>
      <symbol id="sm-46c">
         <name>vPortFree</name>
         <value>0x1801</value>
         <object_component_ref idref="oc-2f4"/>
      </symbol>
      <symbol id="sm-4f3">
         <name>UARTStdioConfig</name>
         <value>0x15d9</value>
         <object_component_ref idref="oc-254"/>
      </symbol>
      <symbol id="sm-4f4">
         <name>UARTwrite</name>
         <value>0x1995</value>
         <object_component_ref idref="oc-39e"/>
      </symbol>
      <symbol id="sm-4f5">
         <name>UARTprintf</name>
         <value>0x1e4f</value>
         <object_component_ref idref="oc-29a"/>
      </symbol>
      <symbol id="sm-4f6">
         <name>UARTvprintf</name>
         <value>0x26d</value>
         <object_component_ref idref="oc-33b"/>
      </symbol>
      <symbol id="sm-513">
         <name>memcpy</name>
         <value>0x1131</value>
         <object_component_ref idref="oc-5e"/>
      </symbol>
      <symbol id="sm-514">
         <name>__aeabi_memcpy</name>
         <value>0x1131</value>
         <object_component_ref idref="oc-5e"/>
      </symbol>
      <symbol id="sm-515">
         <name>__aeabi_memcpy8</name>
         <value>0x1131</value>
         <object_component_ref idref="oc-5e"/>
      </symbol>
      <symbol id="sm-516">
         <name>__aeabi_memcpy4</name>
         <value>0x1131</value>
         <object_component_ref idref="oc-5e"/>
      </symbol>
      <symbol id="sm-525">
         <name>__aeabi_memset</name>
         <value>0x13fd</value>
         <object_component_ref idref="oc-d7"/>
      </symbol>
      <symbol id="sm-526">
         <name>memset</name>
         <value>0x1403</value>
         <object_component_ref idref="oc-d7"/>
      </symbol>
      <symbol id="sm-527">
         <name>__aeabi_memset8</name>
         <value>0x13fd</value>
         <object_component_ref idref="oc-d7"/>
      </symbol>
      <symbol id="sm-528">
         <name>__aeabi_memset4</name>
         <value>0x13fd</value>
         <object_component_ref idref="oc-d7"/>
      </symbol>
      <symbol id="sm-529">
         <name>__aeabi_memclr8</name>
         <value>0x13fb</value>
         <object_component_ref idref="oc-d7"/>
      </symbol>
      <symbol id="sm-52a">
         <name>__aeabi_memclr4</name>
         <value>0x13fb</value>
         <object_component_ref idref="oc-d7"/>
      </symbol>
      <symbol id="sm-52b">
         <name>__aeabi_memclr</name>
         <value>0x13fb</value>
         <object_component_ref idref="oc-d7"/>
      </symbol>
      <symbol id="sm-53a">
         <name>__aeabi_uidivmod</name>
         <value>0x1c79</value>
         <object_component_ref idref="oc-3a4"/>
      </symbol>
      <symbol id="sm-53b">
         <name>__aeabi_uidiv</name>
         <value>0x1c79</value>
         <object_component_ref idref="oc-3a4"/>
      </symbol>
      <symbol id="sm-552">
         <name>__TI_zero_init</name>
         <value>0x1f7f</value>
         <object_component_ref idref="oc-70"/>
      </symbol>
      <symbol id="sm-569">
         <name>__TI_decompress_none</name>
         <value>0x1f71</value>
         <object_component_ref idref="oc-1b"/>
      </symbol>
      <symbol id="sm-58c">
         <name>__TI_decompress_lzss</name>
         <value>0x1731</value>
         <object_component_ref idref="oc-15"/>
      </symbol>
      <symbol id="sm-59f">
         <name>__stack</name>
         <value>0x200076f8</value>
         <object_component_ref idref="oc-24"/>
      </symbol>
      <symbol id="sm-5a0">
         <name>_c_int00_noargs</name>
         <value>0x1d6d</value>
         <object_component_ref idref="oc-7c"/>
      </symbol>
      <symbol id="sm-5aa">
         <name>__aeabi_idiv0</name>
         <value>0x1e73</value>
         <object_component_ref idref="oc-3c2"/>
      </symbol>
      <symbol id="sm-5ab">
         <name>__aeabi_ldiv0</name>
         <value>0x1e73</value>
         <object_component_ref idref="oc-3c2"/>
      </symbol>
      <symbol id="sm-5d3">
         <name>__TI_auto_init_nobinit_nopinit</name>
         <value>0x1bf1</value>
         <object_component_ref idref="oc-1c8"/>
      </symbol>
      <symbol id="sm-5dd">
         <name>_system_pre_init</name>
         <value>0x1fb9</value>
         <object_component_ref idref="oc-dd"/>
      </symbol>
      <symbol id="sm-5e9">
         <name>C$$EXIT</name>
         <value>0x1fbd</value>
         <object_component_ref idref="oc-1bc"/>
      </symbol>
      <symbol id="sm-5ea">
         <name>abort</name>
         <value>0x1fbd</value>
         <object_component_ref idref="oc-1bc"/>
      </symbol>
      <symbol id="sm-5ff">
         <name>UARTClockSourceSet</name>
         <value>0x1fb3</value>
         <object_component_ref idref="oc-24e"/>
      </symbol>
      <symbol id="sm-602">
         <name>__TI_static_base__</name>
         <value>0x0</value>
      </symbol>
      <symbol id="sm-605">
         <name>__mpu_init</name>
         <value>0x0</value>
      </symbol>
      <symbol id="sm-606">
         <name>_system_post_cinit</name>
         <value>0x0</value>
      </symbol>
   </symbol_table>
   <title>Link successful</title>
</link_info>
